Execução de teste para D:\REPO\keycloak-tests\tests\Onboarding.API.Tests\bin\Debug\net10.0\Onboarding.API.Tests.dll (.NETCoreApp,Version=v10.0)
1 arquivos de teste no total corresponderam ao padrão especificado.
D:\REPO\keycloak-tests\tests\Onboarding.API.Tests\bin\Debug\net10.0\Onboarding.API.Tests.dll
[xUnit.net 00:00:00.00] xUnit.net VSTest Adapter v3.1.5+1b188a7b0a (64-bit .NET 10.0.5)
[xUnit.net 00:00:00.10]   Discovering: Onboarding.API.Tests
[xUnit.net 00:00:00.14]   Discovered:  Onboarding.API.Tests
[xUnit.net 00:00:00.17]   Starting:    Onboarding.API.Tests
{"@t":"2026-04-09T18:28:48.1047991Z","@mt":"User profile is available. Using '{FullName}' as key repository and Windows DPAPI to encrypt keys at rest.","FullName":"C:\\Users\\aliso\\AppData\\Local\\ASP.NET\\DataProtection-Keys","EventId":{"Id":63,"Name":"UsingProfileAsKeyRepositoryWithDPAPI"},"SourceContext":"Microsoft.AspNetCore.DataProtection.KeyManagement.XmlKeyManager"}
{"@t":"2026-04-09T18:28:48.2114358Z","@mt":"Application started. Press Ctrl+C to shut down.","SourceContext":"Microsoft.Hosting.Lifetime"}
{"@t":"2026-04-09T18:28:48.2116839Z","@mt":"Hosting environment: {EnvName}","EnvName":"Development","SourceContext":"Microsoft.Hosting.Lifetime"}
{"@t":"2026-04-09T18:28:48.2117044Z","@mt":"Content root path: {ContentRoot}","ContentRoot":"D:\\REPO\\keycloak-tests\\src\\Onboarding.API","SourceContext":"Microsoft.Hosting.Lifetime"}
{"@t":"2026-04-09T18:28:48.2778498Z","@mt":"Request starting {Protocol} {Method} {Scheme}://{Host}{PathBase}{Path}{QueryString} - {ContentType} {ContentLength}","@tr":"74908d6859fcf96aa9c3ceab9d3139e3","@sp":"1b48136b60c81367","Protocol":"HTTP/1.1","Method":"PUT","ContentType":"application/json; charset=utf-8","ContentLength":80,"Scheme":"http","Host":"localhost","PathBase":"","Path":"/api/admin/users/5d54a69d-4f32-4968-9a80-1c35b6c5dec4","QueryString":"","EventId":{"Id":1},"SourceContext":"Microsoft.AspNetCore.Hosting.Diagnostics","RequestId":"0HNKMCNBM9IMI","RequestPath":"/api/admin/users/5d54a69d-4f32-4968-9a80-1c35b6c5dec4","SpanId":"1b48136b60c81367","TraceId":"74908d6859fcf96aa9c3ceab9d3139e3","ParentId":"0000000000000000"}
{"@t":"2026-04-09T18:28:51.0799219Z","@mt":"Executing endpoint '{EndpointName}'","@tr":"74908d6859fcf96aa9c3ceab9d3139e3","@sp":"1b48136b60c81367","EndpointName":"Onboarding.API.Controllers.AdminUserController.UpdateUser (Onboarding.API)","EventId":{"Name":"ExecutingEndpoint"},"SourceContext":"Microsoft.AspNetCore.Routing.EndpointMiddleware","RequestId":"0HNKMCNBM9IMI","RequestPath":"/api/admin/users/5d54a69d-4f32-4968-9a80-1c35b6c5dec4","SpanId":"1b48136b60c81367","TraceId":"74908d6859fcf96aa9c3ceab9d3139e3","ParentId":"0000000000000000"}
{"@t":"2026-04-09T18:28:51.0978441Z","@mt":"Route matched with {RouteData}. Executing controller action with signature {MethodInfo} on controller {Controller} ({AssemblyName}).","@tr":"74908d6859fcf96aa9c3ceab9d3139e3","@sp":"1b48136b60c81367","RouteData":"{action = \"UpdateUser\", controller = \"AdminUser\"}","MethodInfo":"System.Threading.Tasks.Task`1[Microsoft.AspNetCore.Mvc.IActionResult] UpdateUser(System.Guid, Onboarding.Application.Admin.DTOs.UpdateUserRequest, System.Threading.CancellationToken)","Controller":"Onboarding.API.Controllers.AdminUserController","AssemblyName":"Onboarding.API","EventId":{"Id":102,"Name":"ControllerActionExecuting"},"SourceContext":"Microsoft.AspNetCore.Mvc.Infrastructure.ControllerActionInvoker","ActionId":"616fcc89-2315-41a8-a7af-9847f17e5bbe","ActionName":"Onboarding.API.Controllers.AdminUserController.UpdateUser (Onboarding.API)","RequestId":"0HNKMCNBM9IMI","RequestPath":"/api/admin/users/5d54a69d-4f32-4968-9a80-1c35b6c5dec4","SpanId":"1b48136b60c81367","TraceId":"74908d6859fcf96aa9c3ceab9d3139e3","ParentId":"0000000000000000"}
{"@t":"2026-04-09T18:28:51.1407285Z","@mt":"Executing action method {ActionName} - Validation state: {ValidationState}","@tr":"74908d6859fcf96aa9c3ceab9d3139e3","@sp":"1b48136b60c81367","ActionName":"Onboarding.API.Controllers.AdminUserController.UpdateUser (Onboarding.API)","ValidationState":"Valid","EventId":{"Id":101,"Name":"ActionMethodExecuting"},"SourceContext":"Microsoft.AspNetCore.Mvc.Infrastructure.ControllerActionInvoker","ActionId":"616fcc89-2315-41a8-a7af-9847f17e5bbe","RequestId":"0HNKMCNBM9IMI","RequestPath":"/api/admin/users/5d54a69d-4f32-4968-9a80-1c35b6c5dec4","SpanId":"1b48136b60c81367","TraceId":"74908d6859fcf96aa9c3ceab9d3139e3","ParentId":"0000000000000000"}
{"@t":"2026-04-09T18:28:51.1608607Z","@mt":"Executed action method {ActionName}, returned result {ActionResult} in {ElapsedMilliseconds}ms.","@tr":"74908d6859fcf96aa9c3ceab9d3139e3","@sp":"1b48136b60c81367","ActionName":"Onboarding.API.Controllers.AdminUserController.UpdateUser (Onboarding.API)","ActionResult":"Microsoft.AspNetCore.Mvc.NotFoundObjectResult","ElapsedMilliseconds":17.381,"EventId":{"Id":103,"Name":"ActionMethodExecuted"},"SourceContext":"Microsoft.AspNetCore.Mvc.Infrastructure.ControllerActionInvoker","ActionId":"616fcc89-2315-41a8-a7af-9847f17e5bbe","RequestId":"0HNKMCNBM9IMI","RequestPath":"/api/admin/users/5d54a69d-4f32-4968-9a80-1c35b6c5dec4","SpanId":"1b48136b60c81367","TraceId":"74908d6859fcf96aa9c3ceab9d3139e3","ParentId":"0000000000000000"}
{"@t":"2026-04-09T18:28:51.1645735Z","@mt":"Executing {ObjectResultType}, writing value of type '{Type}'.","@tr":"74908d6859fcf96aa9c3ceab9d3139e3","@sp":"1b48136b60c81367","ObjectResultType":"NotFoundObjectResult","Type":"Microsoft.AspNetCore.Mvc.ProblemDetails","EventId":{"Id":1,"Name":"ObjectResultExecuting"},"SourceContext":"Microsoft.AspNetCore.Mvc.Infrastructure.ObjectResultExecutor","ActionId":"616fcc89-2315-41a8-a7af-9847f17e5bbe","ActionName":"Onboarding.API.Controllers.AdminUserController.UpdateUser (Onboarding.API)","RequestId":"0HNKMCNBM9IMI","RequestPath":"/api/admin/users/5d54a69d-4f32-4968-9a80-1c35b6c5dec4","SpanId":"1b48136b60c81367","TraceId":"74908d6859fcf96aa9c3ceab9d3139e3","ParentId":"0000000000000000"}
{"@t":"2026-04-09T18:28:51.1811358Z","@mt":"Executed action {ActionName} in {ElapsedMilliseconds}ms","@tr":"74908d6859fcf96aa9c3ceab9d3139e3","@sp":"1b48136b60c81367","ActionName":"Onboarding.API.Controllers.AdminUserController.UpdateUser (Onboarding.API)","ElapsedMilliseconds":79.9509,"EventId":{"Id":105,"Name":"ActionExecuted"},"SourceContext":"Microsoft.AspNetCore.Mvc.Infrastructure.ControllerActionInvoker","RequestId":"0HNKMCNBM9IMI","RequestPath":"/api/admin/users/5d54a69d-4f32-4968-9a80-1c35b6c5dec4","SpanId":"1b48136b60c81367","TraceId":"74908d6859fcf96aa9c3ceab9d3139e3","ParentId":"0000000000000000"}
{"@t":"2026-04-09T18:28:51.1813714Z","@mt":"Executed endpoint '{EndpointName}'","@tr":"74908d6859fcf96aa9c3ceab9d3139e3","@sp":"1b48136b60c81367","EndpointName":"Onboarding.API.Controllers.AdminUserController.UpdateUser (Onboarding.API)","EventId":{"Id":1,"Name":"ExecutedEndpoint"},"SourceContext":"Microsoft.AspNetCore.Routing.EndpointMiddleware","RequestId":"0HNKMCNBM9IMI","RequestPath":"/api/admin/users/5d54a69d-4f32-4968-9a80-1c35b6c5dec4","SpanId":"1b48136b60c81367","TraceId":"74908d6859fcf96aa9c3ceab9d3139e3","ParentId":"0000000000000000"}
{"@t":"2026-04-09T18:28:51.1831736Z","@mt":"HTTP {RequestMethod} {RequestPath} responded {StatusCode} in {Elapsed:0.0000} ms","@r":["2888.6164"],"@tr":"74908d6859fcf96aa9c3ceab9d3139e3","@sp":"1b48136b60c81367","RequestMethod":"PUT","RequestPath":"/api/admin/users/5d54a69d-4f32-4968-9a80-1c35b6c5dec4","StatusCode":404,"Elapsed":2888.6164,"SourceContext":"Serilog.AspNetCore.RequestLoggingMiddleware","RequestId":"0HNKMCNBM9IMI","SpanId":"1b48136b60c81367","TraceId":"74908d6859fcf96aa9c3ceab9d3139e3","ParentId":"0000000000000000"}
{"@t":"2026-04-09T18:28:51.1865306Z","@mt":"Request finished {Protocol} {Method} {Scheme}://{Host}{PathBase}{Path}{QueryString} - {StatusCode} {ContentLength} {ContentType} {ElapsedMilliseconds}ms","@tr":"74908d6859fcf96aa9c3ceab9d3139e3","@sp":"1b48136b60c81367","ElapsedMilliseconds":2921.155,"StatusCode":404,"ContentType":"application/problem+json; charset=utf-8","ContentLength":null,"Protocol":"HTTP/1.1","Method":"PUT","Scheme":"http","Host":"localhost","PathBase":"","Path":"/api/admin/users/5d54a69d-4f32-4968-9a80-1c35b6c5dec4","QueryString":"","EventId":{"Id":2},"SourceContext":"Microsoft.AspNetCore.Hosting.Diagnostics","RequestId":"0HNKMCNBM9IMI","RequestPath":"/api/admin/users/5d54a69d-4f32-4968-9a80-1c35b6c5dec4","SpanId":"1b48136b60c81367","TraceId":"74908d6859fcf96aa9c3ceab9d3139e3","ParentId":"0000000000000000"}
{"@t":"2026-04-09T18:28:51.1975806Z","@mt":"Application is shutting down...","SourceContext":"Microsoft.Hosting.Lifetime"}
  Aprovado Onboarding.API.Tests.Admin.AdminUserUpdateTests.UpdateUser_NonExistentId_ReturnsNotFound [2 s]
{"@t":"2026-04-09T18:28:51.2368741Z","@mt":"User profile is available. Using '{FullName}' as key repository and Windows DPAPI to encrypt keys at rest.","FullName":"C:\\Users\\aliso\\AppData\\Local\\ASP.NET\\DataProtection-Keys","EventId":{"Id":63,"Name":"UsingProfileAsKeyRepositoryWithDPAPI"},"SourceContext":"Microsoft.AspNetCore.DataProtection.KeyManagement.XmlKeyManager"}
{"@t":"2026-04-09T18:28:51.2659953Z","@mt":"Application started. Press Ctrl+C to shut down.","SourceContext":"Microsoft.Hosting.Lifetime"}
{"@t":"2026-04-09T18:28:51.2660627Z","@mt":"Hosting environment: {EnvName}","EnvName":"Development","SourceContext":"Microsoft.Hosting.Lifetime"}
{"@t":"2026-04-09T18:28:51.2660726Z","@mt":"Content root path: {ContentRoot}","ContentRoot":"D:\\REPO\\keycloak-tests\\src\\Onboarding.API","SourceContext":"Microsoft.Hosting.Lifetime"}
{"@t":"2026-04-09T18:28:51.2718910Z","@mt":"Request starting {Protocol} {Method} {Scheme}://{Host}{PathBase}{Path}{QueryString} - {ContentType} {ContentLength}","@tr":"bf09cb40c99531aadb45485adb075f37","@sp":"e78c070f639304f1","Protocol":"HTTP/1.1","Method":"PUT","ContentType":"application/json; charset=utf-8","ContentLength":102,"Scheme":"http","Host":"localhost","PathBase":"","Path":"/api/admin/users/8fba67d2-8c75-4de6-96be-cd6256f23e8c","QueryString":"","EventId":{"Id":1},"SourceContext":"Microsoft.AspNetCore.Hosting.Diagnostics","RequestId":"0HNKMCNBM9IMJ","RequestPath":"/api/admin/users/8fba67d2-8c75-4de6-96be-cd6256f23e8c","SpanId":"e78c070f639304f1","TraceId":"bf09cb40c99531aadb45485adb075f37","ParentId":"0000000000000000"}
{"@t":"2026-04-09T18:28:53.9953083Z","@mt":"Executing endpoint '{EndpointName}'","@tr":"bf09cb40c99531aadb45485adb075f37","@sp":"e78c070f639304f1","EndpointName":"Onboarding.API.Controllers.AdminUserController.UpdateUser (Onboarding.API)","EventId":{"Name":"ExecutingEndpoint"},"SourceContext":"Microsoft.AspNetCore.Routing.EndpointMiddleware","RequestId":"0HNKMCNBM9IMJ","RequestPath":"/api/admin/users/8fba67d2-8c75-4de6-96be-cd6256f23e8c","SpanId":"e78c070f639304f1","TraceId":"bf09cb40c99531aadb45485adb075f37","ParentId":"0000000000000000"}
{"@t":"2026-04-09T18:28:54.0018964Z","@mt":"Route matched with {RouteData}. Executing controller action with signature {MethodInfo} on controller {Controller} ({AssemblyName}).","@tr":"bf09cb40c99531aadb45485adb075f37","@sp":"e78c070f639304f1","RouteData":"{action = \"UpdateUser\", controller = \"AdminUser\"}","MethodInfo":"System.Threading.Tasks.Task`1[Microsoft.AspNetCore.Mvc.IActionResult] UpdateUser(System.Guid, Onboarding.Application.Admin.DTOs.UpdateUserRequest, System.Threading.CancellationToken)","Controller":"Onboarding.API.Controllers.AdminUserController","AssemblyName":"Onboarding.API","EventId":{"Id":102,"Name":"ControllerActionExecuting"},"SourceContext":"Microsoft.AspNetCore.Mvc.Infrastructure.ControllerActionInvoker","ActionId":"74a8ce2a-fa02-4f67-9639-a49d61a1c125","ActionName":"Onboarding.API.Controllers.AdminUserController.UpdateUser (Onboarding.API)","RequestId":"0HNKMCNBM9IMJ","RequestPath":"/api/admin/users/8fba67d2-8c75-4de6-96be-cd6256f23e8c","SpanId":"e78c070f639304f1","TraceId":"bf09cb40c99531aadb45485adb075f37","ParentId":"0000000000000000"}
{"@t":"2026-04-09T18:28:54.0114806Z","@mt":"Executing action method {ActionName} - Validation state: {ValidationState}","@tr":"bf09cb40c99531aadb45485adb075f37","@sp":"e78c070f639304f1","ActionName":"Onboarding.API.Controllers.AdminUserController.UpdateUser (Onboarding.API)","ValidationState":"Valid","EventId":{"Id":101,"Name":"ActionMethodExecuting"},"SourceContext":"Microsoft.AspNetCore.Mvc.Infrastructure.ControllerActionInvoker","ActionId":"74a8ce2a-fa02-4f67-9639-a49d61a1c125","RequestId":"0HNKMCNBM9IMJ","RequestPath":"/api/admin/users/8fba67d2-8c75-4de6-96be-cd6256f23e8c","SpanId":"e78c070f639304f1","TraceId":"bf09cb40c99531aadb45485adb075f37","ParentId":"0000000000000000"}
{"@t":"2026-04-09T18:28:54.0165191Z","@mt":"Executed action method {ActionName}, returned result {ActionResult} in {ElapsedMilliseconds}ms.","@tr":"bf09cb40c99531aadb45485adb075f37","@sp":"e78c070f639304f1","ActionName":"Onboarding.API.Controllers.AdminUserController.UpdateUser (Onboarding.API)","ActionResult":"Microsoft.AspNetCore.Mvc.NoContentResult","ElapsedMilliseconds":4.912,"EventId":{"Id":103,"Name":"ActionMethodExecuted"},"SourceContext":"Microsoft.AspNetCore.Mvc.Infrastructure.ControllerActionInvoker","ActionId":"74a8ce2a-fa02-4f67-9639-a49d61a1c125","RequestId":"0HNKMCNBM9IMJ","RequestPath":"/api/admin/users/8fba67d2-8c75-4de6-96be-cd6256f23e8c","SpanId":"e78c070f639304f1","TraceId":"bf09cb40c99531aadb45485adb075f37","ParentId":"0000000000000000"}
{"@t":"2026-04-09T18:28:54.0186059Z","@mt":"Executing StatusCodeResult, setting HTTP status code {StatusCode}","@tr":"bf09cb40c99531aadb45485adb075f37","@sp":"e78c070f639304f1","StatusCode":204,"EventId":{"Id":1,"Name":"HttpStatusCodeResultExecuting"},"SourceContext":"Microsoft.AspNetCore.Mvc.StatusCodeResult","ActionId":"74a8ce2a-fa02-4f67-9639-a49d61a1c125","ActionName":"Onboarding.API.Controllers.AdminUserController.UpdateUser (Onboarding.API)","RequestId":"0HNKMCNBM9IMJ","RequestPath":"/api/admin/users/8fba67d2-8c75-4de6-96be-cd6256f23e8c","SpanId":"e78c070f639304f1","TraceId":"bf09cb40c99531aadb45485adb075f37","ParentId":"0000000000000000"}
{"@t":"2026-04-09T18:28:54.0187560Z","@mt":"Executed action {ActionName} in {ElapsedMilliseconds}ms","@tr":"bf09cb40c99531aadb45485adb075f37","@sp":"e78c070f639304f1","ActionName":"Onboarding.API.Controllers.AdminUserController.UpdateUser (Onboarding.API)","ElapsedMilliseconds":16.731,"EventId":{"Id":105,"Name":"ActionExecuted"},"SourceContext":"Microsoft.AspNetCore.Mvc.Infrastructure.ControllerActionInvoker","RequestId":"0HNKMCNBM9IMJ","RequestPath":"/api/admin/users/8fba67d2-8c75-4de6-96be-cd6256f23e8c","SpanId":"e78c070f639304f1","TraceId":"bf09cb40c99531aadb45485adb075f37","ParentId":"0000000000000000"}
{"@t":"2026-04-09T18:28:54.0188288Z","@mt":"Executed endpoint '{EndpointName}'","@tr":"bf09cb40c99531aadb45485adb075f37","@sp":"e78c070f639304f1","EndpointName":"Onboarding.API.Controllers.AdminUserController.UpdateUser (Onboarding.API)","EventId":{"Id":1,"Name":"ExecutedEndpoint"},"SourceContext":"Microsoft.AspNetCore.Routing.EndpointMiddleware","RequestId":"0HNKMCNBM9IMJ","RequestPath":"/api/admin/users/8fba67d2-8c75-4de6-96be-cd6256f23e8c","SpanId":"e78c070f639304f1","TraceId":"bf09cb40c99531aadb45485adb075f37","ParentId":"0000000000000000"}
{"@t":"2026-04-09T18:28:54.0188971Z","@mt":"HTTP {RequestMethod} {RequestPath} responded {StatusCode} in {Elapsed:0.0000} ms","@r":["2744.4926"],"@tr":"bf09cb40c99531aadb45485adb075f37","@sp":"e78c070f639304f1","RequestMethod":"PUT","RequestPath":"/api/admin/users/8fba67d2-8c75-4de6-96be-cd6256f23e8c","StatusCode":204,"Elapsed":2744.4926,"SourceContext":"Serilog.AspNetCore.RequestLoggingMiddleware","RequestId":"0HNKMCNBM9IMJ","SpanId":"e78c070f639304f1","TraceId":"bf09cb40c99531aadb45485adb075f37","ParentId":"0000000000000000"}
{"@t":"2026-04-09T18:28:54.0194311Z","@mt":"Request finished {Protocol} {Method} {Scheme}://{Host}{PathBase}{Path}{QueryString} - {StatusCode} {ContentLength} {ContentType} {ElapsedMilliseconds}ms","@tr":"bf09cb40c99531aadb45485adb075f37","@sp":"e78c070f639304f1","ElapsedMilliseconds":2747.8459,"StatusCode":204,"ContentType":null,"ContentLength":null,"Protocol":"HTTP/1.1","Method":"PUT","Scheme":"http","Host":"localhost","PathBase":"","Path":"/api/admin/users/8fba67d2-8c75-4de6-96be-cd6256f23e8c","QueryString":"","EventId":{"Id":2},"SourceContext":"Microsoft.AspNetCore.Hosting.Diagnostics","RequestId":"0HNKMCNBM9IMJ","RequestPath":"/api/admin/users/8fba67d2-8c75-4de6-96be-cd6256f23e8c","SpanId":"e78c070f639304f1","TraceId":"bf09cb40c99531aadb45485adb075f37","ParentId":"0000000000000000"}
{"@t":"2026-04-09T18:28:54.0247956Z","@mt":"Application is shutting down...","SourceContext":"Microsoft.Hosting.Lifetime"}
  Aprovado Onboarding.API.Tests.Admin.AdminUserUpdateTests.UpdateUser_ValidData_ReturnsNoContent [2 s]
{"@t":"2026-04-09T18:28:54.0420357Z","@mt":"User profile is available. Using '{FullName}' as key repository and Windows DPAPI to encrypt keys at rest.","FullName":"C:\\Users\\aliso\\AppData\\Local\\ASP.NET\\DataProtection-Keys","EventId":{"Id":63,"Name":"UsingProfileAsKeyRepositoryWithDPAPI"},"SourceContext":"Microsoft.AspNetCore.DataProtection.KeyManagement.XmlKeyManager"}
{"@t":"2026-04-09T18:28:54.0535120Z","@mt":"Application started. Press Ctrl+C to shut down.","SourceContext":"Microsoft.Hosting.Lifetime"}
{"@t":"2026-04-09T18:28:54.0536032Z","@mt":"Hosting environment: {EnvName}","EnvName":"Development","SourceContext":"Microsoft.Hosting.Lifetime"}
{"@t":"2026-04-09T18:28:54.0536851Z","@mt":"Content root path: {ContentRoot}","ContentRoot":"D:\\REPO\\keycloak-tests\\src\\Onboarding.API","SourceContext":"Microsoft.Hosting.Lifetime"}
{"@t":"2026-04-09T18:28:54.0558677Z","@mt":"Request starting {Protocol} {Method} {Scheme}://{Host}{PathBase}{Path}{QueryString} - {ContentType} {ContentLength}","@tr":"7dba685ef29b4129d21415e13b05d411","@sp":"b4f7a33ac33c8597","Protocol":"HTTP/1.1","Method":"PUT","ContentType":"application/json; charset=utf-8","ContentLength":87,"Scheme":"http","Host":"localhost","PathBase":"","Path":"/api/admin/users/9f1acc5c-e0ec-435f-b069-0a378852e14f","QueryString":"","EventId":{"Id":1},"SourceContext":"Microsoft.AspNetCore.Hosting.Diagnostics","RequestId":"0HNKMCNBM9IMK","RequestPath":"/api/admin/users/9f1acc5c-e0ec-435f-b069-0a378852e14f","SpanId":"b4f7a33ac33c8597","TraceId":"7dba685ef29b4129d21415e13b05d411","ParentId":"0000000000000000"}
{"@t":"2026-04-09T18:28:56.7680206Z","@mt":"Executing endpoint '{EndpointName}'","@tr":"7dba685ef29b4129d21415e13b05d411","@sp":"b4f7a33ac33c8597","EndpointName":"Onboarding.API.Controllers.AdminUserController.UpdateUser (Onboarding.API)","EventId":{"Name":"ExecutingEndpoint"},"SourceContext":"Microsoft.AspNetCore.Routing.EndpointMiddleware","RequestId":"0HNKMCNBM9IMK","RequestPath":"/api/admin/users/9f1acc5c-e0ec-435f-b069-0a378852e14f","SpanId":"b4f7a33ac33c8597","TraceId":"7dba685ef29b4129d21415e13b05d411","ParentId":"0000000000000000"}
{"@t":"2026-04-09T18:28:56.7746733Z","@mt":"Route matched with {RouteData}. Executing controller action with signature {MethodInfo} on controller {Controller} ({AssemblyName}).","@tr":"7dba685ef29b4129d21415e13b05d411","@sp":"b4f7a33ac33c8597","RouteData":"{action = \"UpdateUser\", controller = \"AdminUser\"}","MethodInfo":"System.Threading.Tasks.Task`1[Microsoft.AspNetCore.Mvc.IActionResult] UpdateUser(System.Guid, Onboarding.Application.Admin.DTOs.UpdateUserRequest, System.Threading.CancellationToken)","Controller":"Onboarding.API.Controllers.AdminUserController","AssemblyName":"Onboarding.API","EventId":{"Id":102,"Name":"ControllerActionExecuting"},"SourceContext":"Microsoft.AspNetCore.Mvc.Infrastructure.ControllerActionInvoker","ActionId":"323de046-bab3-48d0-9d75-38493c2b8e9b","ActionName":"Onboarding.API.Controllers.AdminUserController.UpdateUser (Onboarding.API)","RequestId":"0HNKMCNBM9IMK","RequestPath":"/api/admin/users/9f1acc5c-e0ec-435f-b069-0a378852e14f","SpanId":"b4f7a33ac33c8597","TraceId":"7dba685ef29b4129d21415e13b05d411","ParentId":"0000000000000000"}
{"@t":"2026-04-09T18:28:56.7765123Z","@mt":"Executing action method {ActionName} - Validation state: {ValidationState}","@tr":"7dba685ef29b4129d21415e13b05d411","@sp":"b4f7a33ac33c8597","ActionName":"Onboarding.API.Controllers.AdminUserController.UpdateUser (Onboarding.API)","ValidationState":"Valid","EventId":{"Id":101,"Name":"ActionMethodExecuting"},"SourceContext":"Microsoft.AspNetCore.Mvc.Infrastructure.ControllerActionInvoker","ActionId":"323de046-bab3-48d0-9d75-38493c2b8e9b","RequestId":"0HNKMCNBM9IMK","RequestPath":"/api/admin/users/9f1acc5c-e0ec-435f-b069-0a378852e14f","SpanId":"b4f7a33ac33c8597","TraceId":"7dba685ef29b4129d21415e13b05d411","ParentId":"0000000000000000"}
{"@t":"2026-04-09T18:28:56.7767512Z","@mt":"Executed action method {ActionName}, returned result {ActionResult} in {ElapsedMilliseconds}ms.","@tr":"7dba685ef29b4129d21415e13b05d411","@sp":"b4f7a33ac33c8597","ActionName":"Onboarding.API.Controllers.AdminUserController.UpdateUser (Onboarding.API)","ActionResult":"Microsoft.AspNetCore.Mvc.ConflictObjectResult","ElapsedMilliseconds":0.1793,"EventId":{"Id":103,"Name":"ActionMethodExecuted"},"SourceContext":"Microsoft.AspNetCore.Mvc.Infrastructure.ControllerActionInvoker","ActionId":"323de046-bab3-48d0-9d75-38493c2b8e9b","RequestId":"0HNKMCNBM9IMK","RequestPath":"/api/admin/users/9f1acc5c-e0ec-435f-b069-0a378852e14f","SpanId":"b4f7a33ac33c8597","TraceId":"7dba685ef29b4129d21415e13b05d411","ParentId":"0000000000000000"}
{"@t":"2026-04-09T18:28:56.7788188Z","@mt":"Executed action {ActionName} in {ElapsedMilliseconds}ms","@tr":"7dba685ef29b4129d21415e13b05d411","@sp":"b4f7a33ac33c8597","ActionName":"Onboarding.API.Controllers.AdminUserController.UpdateUser (Onboarding.API)","ElapsedMilliseconds":4.0684,"EventId":{"Id":105,"Name":"ActionExecuted"},"SourceContext":"Microsoft.AspNetCore.Mvc.Infrastructure.ControllerActionInvoker","RequestId":"0HNKMCNBM9IMK","RequestPath":"/api/admin/users/9f1acc5c-e0ec-435f-b069-0a378852e14f","SpanId":"b4f7a33ac33c8597","TraceId":"7dba685ef29b4129d21415e13b05d411","ParentId":"0000000000000000"}
{"@t":"2026-04-09T18:28:56.7788642Z","@mt":"Executed endpoint '{EndpointName}'","@tr":"7dba685ef29b4129d21415e13b05d411","@sp":"b4f7a33ac33c8597","EndpointName":"Onboarding.API.Controllers.AdminUserController.UpdateUser (Onboarding.API)","EventId":{"Id":1,"Name":"ExecutedEndpoint"},"SourceContext":"Microsoft.AspNetCore.Routing.EndpointMiddleware","RequestId":"0HNKMCNBM9IMK","RequestPath":"/api/admin/users/9f1acc5c-e0ec-435f-b069-0a378852e14f","SpanId":"b4f7a33ac33c8597","TraceId":"7dba685ef29b4129d21415e13b05d411","ParentId":"0000000000000000"}
{"@t":"2026-04-09T18:28:56.7790394Z","@mt":"Request finished {Protocol} {Method} {Scheme}://{Host}{PathBase}{Path}{QueryString} - {StatusCode} {ContentLength} {ContentType} {ElapsedMilliseconds}ms","@tr":"7dba685ef29b4129d21415e13b05d411","@sp":"b4f7a33ac33c8597","ElapsedMilliseconds":2723.3005,"StatusCode":409,"ContentType":"application/problem+json; charset=utf-8","ContentLength":null,"Protocol":"HTTP/1.1","Method":"PUT","Scheme":"http","Host":"localhost","PathBase":"","Path":"/api/admin/users/9f1acc5c-e0ec-435f-b069-0a378852e14f","QueryString":"","EventId":{"Id":2},"SourceContext":"Microsoft.AspNetCore.Hosting.Diagnostics","RequestId":"0HNKMCNBM9IMK","RequestPath":"/api/admin/users/9f1acc5c-e0ec-435f-b069-0a378852e14f","SpanId":"b4f7a33ac33c8597","TraceId":"7dba685ef29b4129d21415e13b05d411","ParentId":"0000000000000000"}
{"@t":"2026-04-09T18:28:56.7802475Z","@mt":"Application is shutting down...","SourceContext":"Microsoft.Hosting.Lifetime"}
  Aprovado Onboarding.API.Tests.Admin.AdminUserUpdateTests.UpdateUser_DuplicateEmail_ReturnsConflict [2 s]
{"@t":"2026-04-09T18:28:56.7934002Z","@mt":"User profile is available. Using '{FullName}' as key repository and Windows DPAPI to encrypt keys at rest.","FullName":"C:\\Users\\aliso\\AppData\\Local\\ASP.NET\\DataProtection-Keys","EventId":{"Id":63,"Name":"UsingProfileAsKeyRepositoryWithDPAPI"},"SourceContext":"Microsoft.AspNetCore.DataProtection.KeyManagement.XmlKeyManager"}
{"@t":"2026-04-09T18:28:56.8038297Z","@mt":"Application started. Press Ctrl+C to shut down.","SourceContext":"Microsoft.Hosting.Lifetime"}
{"@t":"2026-04-09T18:28:56.8038659Z","@mt":"Hosting environment: {EnvName}","EnvName":"Development","SourceContext":"Microsoft.Hosting.Lifetime"}
{"@t":"2026-04-09T18:28:56.8038758Z","@mt":"Content root path: {ContentRoot}","ContentRoot":"D:\\REPO\\keycloak-tests\\src\\Onboarding.API","SourceContext":"Microsoft.Hosting.Lifetime"}
{"@t":"2026-04-09T18:28:56.8061986Z","@mt":"Request starting {Protocol} {Method} {Scheme}://{Host}{PathBase}{Path}{QueryString} - {ContentType} {ContentLength}","@tr":"264ab260d5858352b253bf4798d63e86","@sp":"2caf5627d6baf042","Protocol":"HTTP/1.1","Method":"PUT","ContentType":"application/json; charset=utf-8","ContentLength":88,"Scheme":"http","Host":"localhost","PathBase":"","Path":"/api/admin/users/0a6a270b-3d00-4444-8adf-ad85f33926cd","QueryString":"","EventId":{"Id":1},"SourceContext":"Microsoft.AspNetCore.Hosting.Diagnostics","RequestId":"0HNKMCNBM9IML","RequestPath":"/api/admin/users/0a6a270b-3d00-4444-8adf-ad85f33926cd","SpanId":"2caf5627d6baf042","TraceId":"264ab260d5858352b253bf4798d63e86","ParentId":"0000000000000000"}
{"@t":"2026-04-09T18:28:59.5132642Z","@mt":"Executing endpoint '{EndpointName}'","@tr":"264ab260d5858352b253bf4798d63e86","@sp":"2caf5627d6baf042","EndpointName":"Onboarding.API.Controllers.AdminUserController.UpdateUser (Onboarding.API)","EventId":{"Name":"ExecutingEndpoint"},"SourceContext":"Microsoft.AspNetCore.Routing.EndpointMiddleware","RequestId":"0HNKMCNBM9IML","RequestPath":"/api/admin/users/0a6a270b-3d00-4444-8adf-ad85f33926cd","SpanId":"2caf5627d6baf042","TraceId":"264ab260d5858352b253bf4798d63e86","ParentId":"0000000000000000"}
{"@t":"2026-04-09T18:28:59.5174991Z","@mt":"Route matched with {RouteData}. Executing controller action with signature {MethodInfo} on controller {Controller} ({AssemblyName}).","@tr":"264ab260d5858352b253bf4798d63e86","@sp":"2caf5627d6baf042","RouteData":"{action = \"UpdateUser\", controller = \"AdminUser\"}","MethodInfo":"System.Threading.Tasks.Task`1[Microsoft.AspNetCore.Mvc.IActionResult] UpdateUser(System.Guid, Onboarding.Application.Admin.DTOs.UpdateUserRequest, System.Threading.CancellationToken)","Controller":"Onboarding.API.Controllers.AdminUserController","AssemblyName":"Onboarding.API","EventId":{"Id":102,"Name":"ControllerActionExecuting"},"SourceContext":"Microsoft.AspNetCore.Mvc.Infrastructure.ControllerActionInvoker","ActionId":"ef0d6640-96ff-4c49-a150-f01272576e0d","ActionName":"Onboarding.API.Controllers.AdminUserController.UpdateUser (Onboarding.API)","RequestId":"0HNKMCNBM9IML","RequestPath":"/api/admin/users/0a6a270b-3d00-4444-8adf-ad85f33926cd","SpanId":"2caf5627d6baf042","TraceId":"264ab260d5858352b253bf4798d63e86","ParentId":"0000000000000000"}
{"@t":"2026-04-09T18:28:59.5191005Z","@mt":"Executing action method {ActionName} - Validation state: {ValidationState}","@tr":"264ab260d5858352b253bf4798d63e86","@sp":"2caf5627d6baf042","ActionName":"Onboarding.API.Controllers.AdminUserController.UpdateUser (Onboarding.API)","ValidationState":"Valid","EventId":{"Id":101,"Name":"ActionMethodExecuting"},"SourceContext":"Microsoft.AspNetCore.Mvc.Infrastructure.ControllerActionInvoker","ActionId":"ef0d6640-96ff-4c49-a150-f01272576e0d","RequestId":"0HNKMCNBM9IML","RequestPath":"/api/admin/users/0a6a270b-3d00-4444-8adf-ad85f33926cd","SpanId":"2caf5627d6baf042","TraceId":"264ab260d5858352b253bf4798d63e86","ParentId":"0000000000000000"}
{"@t":"2026-04-09T18:28:59.5194220Z","@mt":"Executed action method {ActionName}, returned result {ActionResult} in {ElapsedMilliseconds}ms.","@tr":"264ab260d5858352b253bf4798d63e86","@sp":"2caf5627d6baf042","ActionName":"Onboarding.API.Controllers.AdminUserController.UpdateUser (Onboarding.API)","ActionResult":"Microsoft.AspNetCore.Mvc.NoContentResult","ElapsedMilliseconds":0.2533,"EventId":{"Id":103,"Name":"ActionMethodExecuted"},"SourceContext":"Microsoft.AspNetCore.Mvc.Infrastructure.ControllerActionInvoker","ActionId":"ef0d6640-96ff-4c49-a150-f01272576e0d","RequestId":"0HNKMCNBM9IML","RequestPath":"/api/admin/users/0a6a270b-3d00-4444-8adf-ad85f33926cd","SpanId":"2caf5627d6baf042","TraceId":"264ab260d5858352b253bf4798d63e86","ParentId":"0000000000000000"}
{"@t":"2026-04-09T18:28:59.5195245Z","@mt":"Executed action {ActionName} in {ElapsedMilliseconds}ms","@tr":"264ab260d5858352b253bf4798d63e86","@sp":"2caf5627d6baf042","ActionName":"Onboarding.API.Controllers.AdminUserController.UpdateUser (Onboarding.API)","ElapsedMilliseconds":1.9576,"EventId":{"Id":105,"Name":"ActionExecuted"},"SourceContext":"Microsoft.AspNetCore.Mvc.Infrastructure.ControllerActionInvoker","RequestId":"0HNKMCNBM9IML","RequestPath":"/api/admin/users/0a6a270b-3d00-4444-8adf-ad85f33926cd","SpanId":"2caf5627d6baf042","TraceId":"264ab260d5858352b253bf4798d63e86","ParentId":"0000000000000000"}
{"@t":"2026-04-09T18:28:59.5195510Z","@mt":"Executed endpoint '{EndpointName}'","@tr":"264ab260d5858352b253bf4798d63e86","@sp":"2caf5627d6baf042","EndpointName":"Onboarding.API.Controllers.AdminUserController.UpdateUser (Onboarding.API)","EventId":{"Id":1,"Name":"ExecutedEndpoint"},"SourceContext":"Microsoft.AspNetCore.Routing.EndpointMiddleware","RequestId":"0HNKMCNBM9IML","RequestPath":"/api/admin/users/0a6a270b-3d00-4444-8adf-ad85f33926cd","SpanId":"2caf5627d6baf042","TraceId":"264ab260d5858352b253bf4798d63e86","ParentId":"0000000000000000"}
{"@t":"2026-04-09T18:28:59.5198160Z","@mt":"Request finished {Protocol} {Method} {Scheme}://{Host}{PathBase}{Path}{QueryString} - {StatusCode} {ContentLength} {ContentType} {ElapsedMilliseconds}ms","@tr":"264ab260d5858352b253bf4798d63e86","@sp":"2caf5627d6baf042","ElapsedMilliseconds":2713.7827,"StatusCode":204,"ContentType":null,"ContentLength":null,"Protocol":"HTTP/1.1","Method":"PUT","Scheme":"http","Host":"localhost","PathBase":"","Path":"/api/admin/users/0a6a270b-3d00-4444-8adf-ad85f33926cd","QueryString":"","EventId":{"Id":2},"SourceContext":"Microsoft.AspNetCore.Hosting.Diagnostics","RequestId":"0HNKMCNBM9IML","RequestPath":"/api/admin/users/0a6a270b-3d00-4444-8adf-ad85f33926cd","SpanId":"2caf5627d6baf042","TraceId":"264ab260d5858352b253bf4798d63e86","ParentId":"0000000000000000"}
{"@t":"2026-04-09T18:28:59.5219541Z","@mt":"Application is shutting down...","SourceContext":"Microsoft.Hosting.Lifetime"}
  Aprovado Onboarding.API.Tests.Admin.AdminUserUpdateTests.UpdateUser_AuditLogCreated [2 s]
{"@t":"2026-04-09T18:28:59.5331070Z","@mt":"User profile is available. Using '{FullName}' as key repository and Windows DPAPI to encrypt keys at rest.","FullName":"C:\\Users\\aliso\\AppData\\Local\\ASP.NET\\DataProtection-Keys","EventId":{"Id":63,"Name":"UsingProfileAsKeyRepositoryWithDPAPI"},"SourceContext":"Microsoft.AspNetCore.DataProtection.KeyManagement.XmlKeyManager"}
{"@t":"2026-04-09T18:28:59.5385178Z","@mt":"Application started. Press Ctrl+C to shut down.","SourceContext":"Microsoft.Hosting.Lifetime"}
{"@t":"2026-04-09T18:28:59.5385448Z","@mt":"Hosting environment: {EnvName}","EnvName":"Development","SourceContext":"Microsoft.Hosting.Lifetime"}
{"@t":"2026-04-09T18:28:59.5385518Z","@mt":"Content root path: {ContentRoot}","ContentRoot":"D:\\REPO\\keycloak-tests\\src\\Onboarding.API","SourceContext":"Microsoft.Hosting.Lifetime"}
{"@t":"2026-04-09T18:28:59.5395020Z","@mt":"Request starting {Protocol} {Method} {Scheme}://{Host}{PathBase}{Path}{QueryString} - {ContentType} {ContentLength}","@tr":"14fc8692ebf69ddacee1f0f69360716f","@sp":"3d5a82474c23dd28","Protocol":"HTTP/1.1","Method":"PUT","ContentType":"application/json; charset=utf-8","ContentLength":76,"Scheme":"http","Host":"localhost","PathBase":"","Path":"/api/admin/users/ebfbb91f-e2a3-4c27-994a-2463e8383cdc","QueryString":"","EventId":{"Id":1},"SourceContext":"Microsoft.AspNetCore.Hosting.Diagnostics","RequestId":"0HNKMCNBM9IMM","RequestPath":"/api/admin/users/ebfbb91f-e2a3-4c27-994a-2463e8383cdc","SpanId":"3d5a82474c23dd28","TraceId":"14fc8692ebf69ddacee1f0f69360716f","ParentId":"0000000000000000"}
{"@t":"2026-04-09T18:29:02.2391609Z","@mt":"Executing endpoint '{EndpointName}'","@tr":"14fc8692ebf69ddacee1f0f69360716f","@sp":"3d5a82474c23dd28","EndpointName":"Onboarding.API.Controllers.AdminUserController.UpdateUser (Onboarding.API)","EventId":{"Name":"ExecutingEndpoint"},"SourceContext":"Microsoft.AspNetCore.Routing.EndpointMiddleware","RequestId":"0HNKMCNBM9IMM","RequestPath":"/api/admin/users/ebfbb91f-e2a3-4c27-994a-2463e8383cdc","SpanId":"3d5a82474c23dd28","TraceId":"14fc8692ebf69ddacee1f0f69360716f","ParentId":"0000000000000000"}
{"@t":"2026-04-09T18:29:02.2444215Z","@mt":"Route matched with {RouteData}. Executing controller action with signature {MethodInfo} on controller {Controller} ({AssemblyName}).","@tr":"14fc8692ebf69ddacee1f0f69360716f","@sp":"3d5a82474c23dd28","RouteData":"{action = \"UpdateUser\", controller = \"AdminUser\"}","MethodInfo":"System.Threading.Tasks.Task`1[Microsoft.AspNetCore.Mvc.IActionResult] UpdateUser(System.Guid, Onboarding.Application.Admin.DTOs.UpdateUserRequest, System.Threading.CancellationToken)","Controller":"Onboarding.API.Controllers.AdminUserController","AssemblyName":"Onboarding.API","EventId":{"Id":102,"Name":"ControllerActionExecuting"},"SourceContext":"Microsoft.AspNetCore.Mvc.Infrastructure.ControllerActionInvoker","ActionId":"3f21b091-dc8b-46b9-b95f-b85a9dc633ee","ActionName":"Onboarding.API.Controllers.AdminUserController.UpdateUser (Onboarding.API)","RequestId":"0HNKMCNBM9IMM","RequestPath":"/api/admin/users/ebfbb91f-e2a3-4c27-994a-2463e8383cdc","SpanId":"3d5a82474c23dd28","TraceId":"14fc8692ebf69ddacee1f0f69360716f","ParentId":"0000000000000000"}
{"@t":"2026-04-09T18:29:02.2460524Z","@mt":"Executing action method {ActionName} - Validation state: {ValidationState}","@tr":"14fc8692ebf69ddacee1f0f69360716f","@sp":"3d5a82474c23dd28","ActionName":"Onboarding.API.Controllers.AdminUserController.UpdateUser (Onboarding.API)","ValidationState":"Valid","EventId":{"Id":101,"Name":"ActionMethodExecuting"},"SourceContext":"Microsoft.AspNetCore.Mvc.Infrastructure.ControllerActionInvoker","ActionId":"3f21b091-dc8b-46b9-b95f-b85a9dc633ee","RequestId":"0HNKMCNBM9IMM","RequestPath":"/api/admin/users/ebfbb91f-e2a3-4c27-994a-2463e8383cdc","SpanId":"3d5a82474c23dd28","TraceId":"14fc8692ebf69ddacee1f0f69360716f","ParentId":"0000000000000000"}
{"@t":"2026-04-09T18:29:02.2497420Z","@mt":"Executed action method {ActionName}, returned result {ActionResult} in {ElapsedMilliseconds}ms.","@tr":"14fc8692ebf69ddacee1f0f69360716f","@sp":"3d5a82474c23dd28","ActionName":"Onboarding.API.Controllers.AdminUserController.UpdateUser (Onboarding.API)","ActionResult":"Microsoft.AspNetCore.Mvc.UnprocessableEntityObjectResult","ElapsedMilliseconds":3.5949,"EventId":{"Id":103,"Name":"ActionMethodExecuted"},"SourceContext":"Microsoft.AspNetCore.Mvc.Infrastructure.ControllerActionInvoker","ActionId":"3f21b091-dc8b-46b9-b95f-b85a9dc633ee","RequestId":"0HNKMCNBM9IMM","RequestPath":"/api/admin/users/ebfbb91f-e2a3-4c27-994a-2463e8383cdc","SpanId":"3d5a82474c23dd28","TraceId":"14fc8692ebf69ddacee1f0f69360716f","ParentId":"0000000000000000"}
{"@t":"2026-04-09T18:29:02.2560059Z","@mt":"Executed action {ActionName} in {ElapsedMilliseconds}ms","@tr":"14fc8692ebf69ddacee1f0f69360716f","@sp":"3d5a82474c23dd28","ActionName":"Onboarding.API.Controllers.AdminUserController.UpdateUser (Onboarding.API)","ElapsedMilliseconds":11.4599,"EventId":{"Id":105,"Name":"ActionExecuted"},"SourceContext":"Microsoft.AspNetCore.Mvc.Infrastructure.ControllerActionInvoker","RequestId":"0HNKMCNBM9IMM","RequestPath":"/api/admin/users/ebfbb91f-e2a3-4c27-994a-2463e8383cdc","SpanId":"3d5a82474c23dd28","TraceId":"14fc8692ebf69ddacee1f0f69360716f","ParentId":"0000000000000000"}
{"@t":"2026-04-09T18:29:02.2560960Z","@mt":"Executed endpoint '{EndpointName}'","@tr":"14fc8692ebf69ddacee1f0f69360716f","@sp":"3d5a82474c23dd28","EndpointName":"Onboarding.API.Controllers.AdminUserController.UpdateUser (Onboarding.API)","EventId":{"Id":1,"Name":"ExecutedEndpoint"},"SourceContext":"Microsoft.AspNetCore.Routing.EndpointMiddleware","RequestId":"0HNKMCNBM9IMM","RequestPath":"/api/admin/users/ebfbb91f-e2a3-4c27-994a-2463e8383cdc","SpanId":"3d5a82474c23dd28","TraceId":"14fc8692ebf69ddacee1f0f69360716f","ParentId":"0000000000000000"}
{"@t":"2026-04-09T18:29:02.2562365Z","@mt":"Request finished {Protocol} {Method} {Scheme}://{Host}{PathBase}{Path}{QueryString} - {StatusCode} {ContentLength} {ContentType} {ElapsedMilliseconds}ms","@tr":"14fc8692ebf69ddacee1f0f69360716f","@sp":"3d5a82474c23dd28","ElapsedMilliseconds":2716.7875,"StatusCode":422,"ContentType":"application/problem+json; charset=utf-8","ContentLength":null,"Protocol":"HTTP/1.1","Method":"PUT","Scheme":"http","Host":"localhost","PathBase":"","Path":"/api/admin/users/ebfbb91f-e2a3-4c27-994a-2463e8383cdc","QueryString":"","EventId":{"Id":2},"SourceContext":"Microsoft.AspNetCore.Hosting.Diagnostics","RequestId":"0HNKMCNBM9IMM","RequestPath":"/api/admin/users/ebfbb91f-e2a3-4c27-994a-2463e8383cdc","SpanId":"3d5a82474c23dd28","TraceId":"14fc8692ebf69ddacee1f0f69360716f","ParentId":"0000000000000000"}
{"@t":"2026-04-09T18:29:02.2576096Z","@mt":"Application is shutting down...","SourceContext":"Microsoft.Hosting.Lifetime"}
  Aprovado Onboarding.API.Tests.Admin.AdminUserUpdateTests.UpdateUser_InvalidName_ReturnsUnprocessableEntity [2 s]
{"@t":"2026-04-09T18:29:02.2737809Z","@mt":"User profile is available. Using '{FullName}' as key repository and Windows DPAPI to encrypt keys at rest.","FullName":"C:\\Users\\aliso\\AppData\\Local\\ASP.NET\\DataProtection-Keys","EventId":{"Id":63,"Name":"UsingProfileAsKeyRepositoryWithDPAPI"},"SourceContext":"Microsoft.AspNetCore.DataProtection.KeyManagement.XmlKeyManager"}
{"@t":"2026-04-09T18:29:02.2792934Z","@mt":"Application started. Press Ctrl+C to shut down.","SourceContext":"Microsoft.Hosting.Lifetime"}
{"@t":"2026-04-09T18:29:02.2793290Z","@mt":"Hosting environment: {EnvName}","EnvName":"Development","SourceContext":"Microsoft.Hosting.Lifetime"}
{"@t":"2026-04-09T18:29:02.2793382Z","@mt":"Content root path: {ContentRoot}","ContentRoot":"D:\\REPO\\keycloak-tests\\src\\Onboarding.API","SourceContext":"Microsoft.Hosting.Lifetime"}
{"@t":"2026-04-09T18:29:02.2824927Z","@mt":"Request starting {Protocol} {Method} {Scheme}://{Host}{PathBase}{Path}{QueryString} - {ContentType} {ContentLength}","@tr":"be707ec4ccfbb72e9c463f7ff06c22ef","@sp":"8bffdea50033ee01","Protocol":"HTTP/1.1","Method":"GET","ContentType":null,"ContentLength":null,"Scheme":"http","Host":"localhost","PathBase":"","Path":"/api/admin/users","QueryString":"?page=1&pageSize=10&search=Joao","EventId":{"Id":1},"SourceContext":"Microsoft.AspNetCore.Hosting.Diagnostics","RequestId":"0HNKMCNBM9IMN","RequestPath":"/api/admin/users","SpanId":"8bffdea50033ee01","TraceId":"be707ec4ccfbb72e9c463f7ff06c22ef","ParentId":"0000000000000000"}
{"@t":"2026-04-09T18:29:04.9874681Z","@mt":"Executing endpoint '{EndpointName}'","@tr":"be707ec4ccfbb72e9c463f7ff06c22ef","@sp":"8bffdea50033ee01","EndpointName":"Onboarding.API.Controllers.AdminUserController.GetUsers (Onboarding.API)","EventId":{"Name":"ExecutingEndpoint"},"SourceContext":"Microsoft.AspNetCore.Routing.EndpointMiddleware","RequestId":"0HNKMCNBM9IMN","RequestPath":"/api/admin/users","SpanId":"8bffdea50033ee01","TraceId":"be707ec4ccfbb72e9c463f7ff06c22ef","ParentId":"0000000000000000"}
{"@t":"2026-04-09T18:29:04.9917199Z","@mt":"Route matched with {RouteData}. Executing controller action with signature {MethodInfo} on controller {Controller} ({AssemblyName}).","@tr":"be707ec4ccfbb72e9c463f7ff06c22ef","@sp":"8bffdea50033ee01","RouteData":"{action = \"GetUsers\", controller = \"AdminUser\"}","MethodInfo":"System.Threading.Tasks.Task`1[Microsoft.AspNetCore.Mvc.IActionResult] GetUsers(Int32, Int32, System.String, System.String, System.Threading.CancellationToken)","Controller":"Onboarding.API.Controllers.AdminUserController","AssemblyName":"Onboarding.API","EventId":{"Id":102,"Name":"ControllerActionExecuting"},"SourceContext":"Microsoft.AspNetCore.Mvc.Infrastructure.ControllerActionInvoker","ActionId":"e1edd07c-0da8-424e-939e-3f615335bae2","ActionName":"Onboarding.API.Controllers.AdminUserController.GetUsers (Onboarding.API)","RequestId":"0HNKMCNBM9IMN","RequestPath":"/api/admin/users","SpanId":"8bffdea50033ee01","TraceId":"be707ec4ccfbb72e9c463f7ff06c22ef","ParentId":"0000000000000000"}
{"@t":"2026-04-09T18:29:04.9945484Z","@mt":"Executing action method {ActionName} - Validation state: {ValidationState}","@tr":"be707ec4ccfbb72e9c463f7ff06c22ef","@sp":"8bffdea50033ee01","ActionName":"Onboarding.API.Controllers.AdminUserController.GetUsers (Onboarding.API)","ValidationState":"Valid","EventId":{"Id":101,"Name":"ActionMethodExecuting"},"SourceContext":"Microsoft.AspNetCore.Mvc.Infrastructure.ControllerActionInvoker","ActionId":"e1edd07c-0da8-424e-939e-3f615335bae2","RequestId":"0HNKMCNBM9IMN","RequestPath":"/api/admin/users","SpanId":"8bffdea50033ee01","TraceId":"be707ec4ccfbb72e9c463f7ff06c22ef","ParentId":"0000000000000000"}
{"@t":"2026-04-09T18:29:04.9973210Z","@mt":"Executed action method {ActionName}, returned result {ActionResult} in {ElapsedMilliseconds}ms.","@tr":"be707ec4ccfbb72e9c463f7ff06c22ef","@sp":"8bffdea50033ee01","ActionName":"Onboarding.API.Controllers.AdminUserController.GetUsers (Onboarding.API)","ActionResult":"Microsoft.AspNetCore.Mvc.OkObjectResult","ElapsedMilliseconds":2.7163,"EventId":{"Id":103,"Name":"ActionMethodExecuted"},"SourceContext":"Microsoft.AspNetCore.Mvc.Infrastructure.ControllerActionInvoker","ActionId":"e1edd07c-0da8-424e-939e-3f615335bae2","RequestId":"0HNKMCNBM9IMN","RequestPath":"/api/admin/users","SpanId":"8bffdea50033ee01","TraceId":"be707ec4ccfbb72e9c463f7ff06c22ef","ParentId":"0000000000000000"}
{"@t":"2026-04-09T18:29:05.0087185Z","@mt":"Executed action {ActionName} in {ElapsedMilliseconds}ms","@tr":"be707ec4ccfbb72e9c463f7ff06c22ef","@sp":"8bffdea50033ee01","ActionName":"Onboarding.API.Controllers.AdminUserController.GetUsers (Onboarding.API)","ElapsedMilliseconds":16.9456,"EventId":{"Id":105,"Name":"ActionExecuted"},"SourceContext":"Microsoft.AspNetCore.Mvc.Infrastructure.ControllerActionInvoker","RequestId":"0HNKMCNBM9IMN","RequestPath":"/api/admin/users","SpanId":"8bffdea50033ee01","TraceId":"be707ec4ccfbb72e9c463f7ff06c22ef","ParentId":"0000000000000000"}
{"@t":"2026-04-09T18:29:05.0087943Z","@mt":"Executed endpoint '{EndpointName}'","@tr":"be707ec4ccfbb72e9c463f7ff06c22ef","@sp":"8bffdea50033ee01","EndpointName":"Onboarding.API.Controllers.AdminUserController.GetUsers (Onboarding.API)","EventId":{"Id":1,"Name":"ExecutedEndpoint"},"SourceContext":"Microsoft.AspNetCore.Routing.EndpointMiddleware","RequestId":"0HNKMCNBM9IMN","RequestPath":"/api/admin/users","SpanId":"8bffdea50033ee01","TraceId":"be707ec4ccfbb72e9c463f7ff06c22ef","ParentId":"0000000000000000"}
{"@t":"2026-04-09T18:29:05.0088720Z","@mt":"Request finished {Protocol} {Method} {Scheme}://{Host}{PathBase}{Path}{QueryString} - {StatusCode} {ContentLength} {ContentType} {ElapsedMilliseconds}ms","@tr":"be707ec4ccfbb72e9c463f7ff06c22ef","@sp":"8bffdea50033ee01","ElapsedMilliseconds":2726.8922,"StatusCode":200,"ContentType":"application/json; charset=utf-8","ContentLength":null,"Protocol":"HTTP/1.1","Method":"GET","Scheme":"http","Host":"localhost","PathBase":"","Path":"/api/admin/users","QueryString":"?page=1&pageSize=10&search=Joao","EventId":{"Id":2},"SourceContext":"Microsoft.AspNetCore.Hosting.Diagnostics","RequestId":"0HNKMCNBM9IMN","RequestPath":"/api/admin/users","SpanId":"8bffdea50033ee01","TraceId":"be707ec4ccfbb72e9c463f7ff06c22ef","ParentId":"0000000000000000"}
{"@t":"2026-04-09T18:29:05.0104020Z","@mt":"Application is shutting down...","SourceContext":"Microsoft.Hosting.Lifetime"}
  Aprovado Onboarding.API.Tests.Admin.AdminUserListingTests.GetPaginatedUsers_SearchByName_ReturnsFilteredResults [2 s]
{"@t":"2026-04-09T18:29:05.0202947Z","@mt":"User profile is available. Using '{FullName}' as key repository and Windows DPAPI to encrypt keys at rest.","FullName":"C:\\Users\\aliso\\AppData\\Local\\ASP.NET\\DataProtection-Keys","EventId":{"Id":63,"Name":"UsingProfileAsKeyRepositoryWithDPAPI"},"SourceContext":"Microsoft.AspNetCore.DataProtection.KeyManagement.XmlKeyManager"}
{"@t":"2026-04-09T18:29:05.0261644Z","@mt":"Application started. Press Ctrl+C to shut down.","SourceContext":"Microsoft.Hosting.Lifetime"}
{"@t":"2026-04-09T18:29:05.0261832Z","@mt":"Hosting environment: {EnvName}","EnvName":"Development","SourceContext":"Microsoft.Hosting.Lifetime"}
{"@t":"2026-04-09T18:29:05.0261889Z","@mt":"Content root path: {ContentRoot}","ContentRoot":"D:\\REPO\\keycloak-tests\\src\\Onboarding.API","SourceContext":"Microsoft.Hosting.Lifetime"}
{"@t":"2026-04-09T18:29:05.0273731Z","@mt":"Request starting {Protocol} {Method} {Scheme}://{Host}{PathBase}{Path}{QueryString} - {ContentType} {ContentLength}","@tr":"8e18a0d2beed2d2dd93522df150f7762","@sp":"29de20de08f6c4f1","Protocol":"HTTP/1.1","Method":"GET","ContentType":null,"ContentLength":null,"Scheme":"http","Host":"localhost","PathBase":"","Path":"/api/admin/users","QueryString":"?page=1&pageSize=10","EventId":{"Id":1},"SourceContext":"Microsoft.AspNetCore.Hosting.Diagnostics","RequestId":"0HNKMCNBM9IMO","RequestPath":"/api/admin/users","SpanId":"29de20de08f6c4f1","TraceId":"8e18a0d2beed2d2dd93522df150f7762","ParentId":"0000000000000000"}
{"@t":"2026-04-09T18:29:07.7299642Z","@mt":"Executing endpoint '{EndpointName}'","@tr":"8e18a0d2beed2d2dd93522df150f7762","@sp":"29de20de08f6c4f1","EndpointName":"Onboarding.API.Controllers.AdminUserController.GetUsers (Onboarding.API)","EventId":{"Name":"ExecutingEndpoint"},"SourceContext":"Microsoft.AspNetCore.Routing.EndpointMiddleware","RequestId":"0HNKMCNBM9IMO","RequestPath":"/api/admin/users","SpanId":"29de20de08f6c4f1","TraceId":"8e18a0d2beed2d2dd93522df150f7762","ParentId":"0000000000000000"}
{"@t":"2026-04-09T18:29:07.7345476Z","@mt":"Route matched with {RouteData}. Executing controller action with signature {MethodInfo} on controller {Controller} ({AssemblyName}).","@tr":"8e18a0d2beed2d2dd93522df150f7762","@sp":"29de20de08f6c4f1","RouteData":"{action = \"GetUsers\", controller = \"AdminUser\"}","MethodInfo":"System.Threading.Tasks.Task`1[Microsoft.AspNetCore.Mvc.IActionResult] GetUsers(Int32, Int32, System.String, System.String, System.Threading.CancellationToken)","Controller":"Onboarding.API.Controllers.AdminUserController","AssemblyName":"Onboarding.API","EventId":{"Id":102,"Name":"ControllerActionExecuting"},"SourceContext":"Microsoft.AspNetCore.Mvc.Infrastructure.ControllerActionInvoker","ActionId":"26035884-ec58-4708-a3fb-05771be250d3","ActionName":"Onboarding.API.Controllers.AdminUserController.GetUsers (Onboarding.API)","RequestId":"0HNKMCNBM9IMO","RequestPath":"/api/admin/users","SpanId":"29de20de08f6c4f1","TraceId":"8e18a0d2beed2d2dd93522df150f7762","ParentId":"0000000000000000"}
{"@t":"2026-04-09T18:29:07.7350176Z","@mt":"Executing action method {ActionName} - Validation state: {ValidationState}","@tr":"8e18a0d2beed2d2dd93522df150f7762","@sp":"29de20de08f6c4f1","ActionName":"Onboarding.API.Controllers.AdminUserController.GetUsers (Onboarding.API)","ValidationState":"Valid","EventId":{"Id":101,"Name":"ActionMethodExecuting"},"SourceContext":"Microsoft.AspNetCore.Mvc.Infrastructure.ControllerActionInvoker","ActionId":"26035884-ec58-4708-a3fb-05771be250d3","RequestId":"0HNKMCNBM9IMO","RequestPath":"/api/admin/users","SpanId":"29de20de08f6c4f1","TraceId":"8e18a0d2beed2d2dd93522df150f7762","ParentId":"0000000000000000"}
{"@t":"2026-04-09T18:29:07.7356597Z","@mt":"Executed action method {ActionName}, returned result {ActionResult} in {ElapsedMilliseconds}ms.","@tr":"8e18a0d2beed2d2dd93522df150f7762","@sp":"29de20de08f6c4f1","ActionName":"Onboarding.API.Controllers.AdminUserController.GetUsers (Onboarding.API)","ActionResult":"Microsoft.AspNetCore.Mvc.OkObjectResult","ElapsedMilliseconds":0.5551,"EventId":{"Id":103,"Name":"ActionMethodExecuted"},"SourceContext":"Microsoft.AspNetCore.Mvc.Infrastructure.ControllerActionInvoker","ActionId":"26035884-ec58-4708-a3fb-05771be250d3","RequestId":"0HNKMCNBM9IMO","RequestPath":"/api/admin/users","SpanId":"29de20de08f6c4f1","TraceId":"8e18a0d2beed2d2dd93522df150f7762","ParentId":"0000000000000000"}
{"@t":"2026-04-09T18:29:07.7384417Z","@mt":"Executed action {ActionName} in {ElapsedMilliseconds}ms","@tr":"8e18a0d2beed2d2dd93522df150f7762","@sp":"29de20de08f6c4f1","ActionName":"Onboarding.API.Controllers.AdminUserController.GetUsers (Onboarding.API)","ElapsedMilliseconds":3.8393,"EventId":{"Id":105,"Name":"ActionExecuted"},"SourceContext":"Microsoft.AspNetCore.Mvc.Infrastructure.ControllerActionInvoker","RequestId":"0HNKMCNBM9IMO","RequestPath":"/api/admin/users","SpanId":"29de20de08f6c4f1","TraceId":"8e18a0d2beed2d2dd93522df150f7762","ParentId":"0000000000000000"}
{"@t":"2026-04-09T18:29:07.7385014Z","@mt":"Executed endpoint '{EndpointName}'","@tr":"8e18a0d2beed2d2dd93522df150f7762","@sp":"29de20de08f6c4f1","EndpointName":"Onboarding.API.Controllers.AdminUserController.GetUsers (Onboarding.API)","EventId":{"Id":1,"Name":"ExecutedEndpoint"},"SourceContext":"Microsoft.AspNetCore.Routing.EndpointMiddleware","RequestId":"0HNKMCNBM9IMO","RequestPath":"/api/admin/users","SpanId":"29de20de08f6c4f1","TraceId":"8e18a0d2beed2d2dd93522df150f7762","ParentId":"0000000000000000"}
{"@t":"2026-04-09T18:29:07.7385817Z","@mt":"Request finished {Protocol} {Method} {Scheme}://{Host}{PathBase}{Path}{QueryString} - {StatusCode} {ContentLength} {ContentType} {ElapsedMilliseconds}ms","@tr":"8e18a0d2beed2d2dd93522df150f7762","@sp":"29de20de08f6c4f1","ElapsedMilliseconds":2711.3277,"StatusCode":200,"ContentType":"application/json; charset=utf-8","ContentLength":null,"Protocol":"HTTP/1.1","Method":"GET","Scheme":"http","Host":"localhost","PathBase":"","Path":"/api/admin/users","QueryString":"?page=1&pageSize=10","EventId":{"Id":2},"SourceContext":"Microsoft.AspNetCore.Hosting.Diagnostics","RequestId":"0HNKMCNBM9IMO","RequestPath":"/api/admin/users","SpanId":"29de20de08f6c4f1","TraceId":"8e18a0d2beed2d2dd93522df150f7762","ParentId":"0000000000000000"}
{"@t":"2026-04-09T18:29:07.7394495Z","@mt":"Application is shutting down...","SourceContext":"Microsoft.Hosting.Lifetime"}
  Aprovado Onboarding.API.Tests.Admin.AdminUserListingTests.GetPaginatedUsers_ExcludesDeletedUsers_ByDefault [2 s]
{"@t":"2026-04-09T18:29:07.7489953Z","@mt":"User profile is available. Using '{FullName}' as key repository and Windows DPAPI to encrypt keys at rest.","FullName":"C:\\Users\\aliso\\AppData\\Local\\ASP.NET\\DataProtection-Keys","EventId":{"Id":63,"Name":"UsingProfileAsKeyRepositoryWithDPAPI"},"SourceContext":"Microsoft.AspNetCore.DataProtection.KeyManagement.XmlKeyManager"}
{"@t":"2026-04-09T18:29:07.7551335Z","@mt":"Application started. Press Ctrl+C to shut down.","SourceContext":"Microsoft.Hosting.Lifetime"}
{"@t":"2026-04-09T18:29:07.7551484Z","@mt":"Hosting environment: {EnvName}","EnvName":"Development","SourceContext":"Microsoft.Hosting.Lifetime"}
{"@t":"2026-04-09T18:29:07.7551543Z","@mt":"Content root path: {ContentRoot}","ContentRoot":"D:\\REPO\\keycloak-tests\\src\\Onboarding.API","SourceContext":"Microsoft.Hosting.Lifetime"}
{"@t":"2026-04-09T18:29:07.7566184Z","@mt":"Request starting {Protocol} {Method} {Scheme}://{Host}{PathBase}{Path}{QueryString} - {ContentType} {ContentLength}","@tr":"25489f1db25ee67728606c550359cb6b","@sp":"4fe56f67721e4b4c","Protocol":"HTTP/1.1","Method":"GET","ContentType":null,"ContentLength":null,"Scheme":"http","Host":"localhost","PathBase":"","Path":"/api/admin/users","QueryString":"?page=2&pageSize=10","EventId":{"Id":1},"SourceContext":"Microsoft.AspNetCore.Hosting.Diagnostics","RequestId":"0HNKMCNBM9IMP","RequestPath":"/api/admin/users","SpanId":"4fe56f67721e4b4c","TraceId":"25489f1db25ee67728606c550359cb6b","ParentId":"0000000000000000"}
{"@t":"2026-04-09T18:29:10.4603714Z","@mt":"Executing endpoint '{EndpointName}'","@tr":"25489f1db25ee67728606c550359cb6b","@sp":"4fe56f67721e4b4c","EndpointName":"Onboarding.API.Controllers.AdminUserController.GetUsers (Onboarding.API)","EventId":{"Name":"ExecutingEndpoint"},"SourceContext":"Microsoft.AspNetCore.Routing.EndpointMiddleware","RequestId":"0HNKMCNBM9IMP","RequestPath":"/api/admin/users","SpanId":"4fe56f67721e4b4c","TraceId":"25489f1db25ee67728606c550359cb6b","ParentId":"0000000000000000"}
{"@t":"2026-04-09T18:29:10.4655163Z","@mt":"Route matched with {RouteData}. Executing controller action with signature {MethodInfo} on controller {Controller} ({AssemblyName}).","@tr":"25489f1db25ee67728606c550359cb6b","@sp":"4fe56f67721e4b4c","RouteData":"{action = \"GetUsers\", controller = \"AdminUser\"}","MethodInfo":"System.Threading.Tasks.Task`1[Microsoft.AspNetCore.Mvc.IActionResult] GetUsers(Int32, Int32, System.String, System.String, System.Threading.CancellationToken)","Controller":"Onboarding.API.Controllers.AdminUserController","AssemblyName":"Onboarding.API","EventId":{"Id":102,"Name":"ControllerActionExecuting"},"SourceContext":"Microsoft.AspNetCore.Mvc.Infrastructure.ControllerActionInvoker","ActionId":"d8a7a1cd-64cb-4071-8d8d-da266cc714dc","ActionName":"Onboarding.API.Controllers.AdminUserController.GetUsers (Onboarding.API)","RequestId":"0HNKMCNBM9IMP","RequestPath":"/api/admin/users","SpanId":"4fe56f67721e4b4c","TraceId":"25489f1db25ee67728606c550359cb6b","ParentId":"0000000000000000"}
{"@t":"2026-04-09T18:29:10.4658860Z","@mt":"Executing action method {ActionName} - Validation state: {ValidationState}","@tr":"25489f1db25ee67728606c550359cb6b","@sp":"4fe56f67721e4b4c","ActionName":"Onboarding.API.Controllers.AdminUserController.GetUsers (Onboarding.API)","ValidationState":"Valid","EventId":{"Id":101,"Name":"ActionMethodExecuting"},"SourceContext":"Microsoft.AspNetCore.Mvc.Infrastructure.ControllerActionInvoker","ActionId":"d8a7a1cd-64cb-4071-8d8d-da266cc714dc","RequestId":"0HNKMCNBM9IMP","RequestPath":"/api/admin/users","SpanId":"4fe56f67721e4b4c","TraceId":"25489f1db25ee67728606c550359cb6b","ParentId":"0000000000000000"}
{"@t":"2026-04-09T18:29:10.4660410Z","@mt":"Executed action method {ActionName}, returned result {ActionResult} in {ElapsedMilliseconds}ms.","@tr":"25489f1db25ee67728606c550359cb6b","@sp":"4fe56f67721e4b4c","ActionName":"Onboarding.API.Controllers.AdminUserController.GetUsers (Onboarding.API)","ActionResult":"Microsoft.AspNetCore.Mvc.OkObjectResult","ElapsedMilliseconds":0.1175,"EventId":{"Id":103,"Name":"ActionMethodExecuted"},"SourceContext":"Microsoft.AspNetCore.Mvc.Infrastructure.ControllerActionInvoker","ActionId":"d8a7a1cd-64cb-4071-8d8d-da266cc714dc","RequestId":"0HNKMCNBM9IMP","RequestPath":"/api/admin/users","SpanId":"4fe56f67721e4b4c","TraceId":"25489f1db25ee67728606c550359cb6b","ParentId":"0000000000000000"}
{"@t":"2026-04-09T18:29:10.4673013Z","@mt":"Executed action {ActionName} in {ElapsedMilliseconds}ms","@tr":"25489f1db25ee67728606c550359cb6b","@sp":"4fe56f67721e4b4c","ActionName":"Onboarding.API.Controllers.AdminUserController.GetUsers (Onboarding.API)","ElapsedMilliseconds":1.7326,"EventId":{"Id":105,"Name":"ActionExecuted"},"SourceContext":"Microsoft.AspNetCore.Mvc.Infrastructure.ControllerActionInvoker","RequestId":"0HNKMCNBM9IMP","RequestPath":"/api/admin/users","SpanId":"4fe56f67721e4b4c","TraceId":"25489f1db25ee67728606c550359cb6b","ParentId":"0000000000000000"}
{"@t":"2026-04-09T18:29:10.4673397Z","@mt":"Executed endpoint '{EndpointName}'","@tr":"25489f1db25ee67728606c550359cb6b","@sp":"4fe56f67721e4b4c","EndpointName":"Onboarding.API.Controllers.AdminUserController.GetUsers (Onboarding.API)","EventId":{"Id":1,"Name":"ExecutedEndpoint"},"SourceContext":"Microsoft.AspNetCore.Routing.EndpointMiddleware","RequestId":"0HNKMCNBM9IMP","RequestPath":"/api/admin/users","SpanId":"4fe56f67721e4b4c","TraceId":"25489f1db25ee67728606c550359cb6b","ParentId":"0000000000000000"}
{"@t":"2026-04-09T18:29:10.4674174Z","@mt":"Request finished {Protocol} {Method} {Scheme}://{Host}{PathBase}{Path}{QueryString} - {StatusCode} {ContentLength} {ContentType} {ElapsedMilliseconds}ms","@tr":"25489f1db25ee67728606c550359cb6b","@sp":"4fe56f67721e4b4c","ElapsedMilliseconds":2710.8456,"StatusCode":200,"ContentType":"application/json; charset=utf-8","ContentLength":null,"Protocol":"HTTP/1.1","Method":"GET","Scheme":"http","Host":"localhost","PathBase":"","Path":"/api/admin/users","QueryString":"?page=2&pageSize=10","EventId":{"Id":2},"SourceContext":"Microsoft.AspNetCore.Hosting.Diagnostics","RequestId":"0HNKMCNBM9IMP","RequestPath":"/api/admin/users","SpanId":"4fe56f67721e4b4c","TraceId":"25489f1db25ee67728606c550359cb6b","ParentId":"0000000000000000"}
{"@t":"2026-04-09T18:29:10.4749375Z","@mt":"Application is shutting down...","SourceContext":"Microsoft.Hosting.Lifetime"}
  Aprovado Onboarding.API.Tests.Admin.AdminUserListingTests.GetPaginatedUsers_SecondPage_ReturnsEmpty_WhenLessThanPageSize [2 s]
{"@t":"2026-04-09T18:29:10.4844383Z","@mt":"User profile is available. Using '{FullName}' as key repository and Windows DPAPI to encrypt keys at rest.","FullName":"C:\\Users\\aliso\\AppData\\Local\\ASP.NET\\DataProtection-Keys","EventId":{"Id":63,"Name":"UsingProfileAsKeyRepositoryWithDPAPI"},"SourceContext":"Microsoft.AspNetCore.DataProtection.KeyManagement.XmlKeyManager"}
{"@t":"2026-04-09T18:29:10.4908450Z","@mt":"Application started. Press Ctrl+C to shut down.","SourceContext":"Microsoft.Hosting.Lifetime"}
{"@t":"2026-04-09T18:29:10.4908676Z","@mt":"Hosting environment: {EnvName}","EnvName":"Development","SourceContext":"Microsoft.Hosting.Lifetime"}
{"@t":"2026-04-09T18:29:10.4908735Z","@mt":"Content root path: {ContentRoot}","ContentRoot":"D:\\REPO\\keycloak-tests\\src\\Onboarding.API","SourceContext":"Microsoft.Hosting.Lifetime"}
{"@t":"2026-04-09T18:29:10.4919795Z","@mt":"Application is shutting down...","SourceContext":"Microsoft.Hosting.Lifetime"}
[xUnit.net 00:00:22.91]       System.ArgumentException : CPF inválido: '111.222.333-44' (Parameter 'raw')
[xUnit.net 00:00:22.91]       Stack Trace:
[xUnit.net 00:00:22.91]         D:\REPO\keycloak-tests\src\Onboarding.Domain\ValueObjects\Cpf.cs(13,0): at Onboarding.Domain.ValueObjects.Cpf.Create(String raw)
[xUnit.net 00:00:22.91]         D:\REPO\keycloak-tests\src\Onboarding.Domain\Aggregates\ClientAggregate\Client.cs(40,0): at Onboarding.Domain.Aggregates.ClientAggregate.Client.RegisterPessoaFisica(String nome, String cpf, String email, String phone)
[xUnit.net 00:00:22.91]         D:\REPO\keycloak-tests\tests\Onboarding.API.Tests\Admin\AdminUserListingTests.cs(110,0): at Onboarding.API.Tests.Admin.AdminUserListingTests.GetPaginatedUsers_StatusDeleted_ReturnsOnlyDeleted()
[xUnit.net 00:00:22.91]         --- End of stack trace from previous location ---
{"@t":"2026-04-09T18:29:10.5058913Z","@mt":"User profile is available. Using '{FullName}' as key repository and Windows DPAPI to encrypt keys at rest.","FullName":"C:\\Users\\aliso\\AppData\\Local\\ASP.NET\\DataProtection-Keys","EventId":{"Id":63,"Name":"UsingProfileAsKeyRepositoryWithDPAPI"},"SourceContext":"Microsoft.AspNetCore.DataProtection.KeyManagement.XmlKeyManager"}
{"@t":"2026-04-09T18:29:10.5104553Z","@mt":"Application started. Press Ctrl+C to shut down.","SourceContext":"Microsoft.Hosting.Lifetime"}
{"@t":"2026-04-09T18:29:10.5104728Z","@mt":"Hosting environment: {EnvName}","EnvName":"Development","SourceContext":"Microsoft.Hosting.Lifetime"}
{"@t":"2026-04-09T18:29:10.5104779Z","@mt":"Content root path: {ContentRoot}","ContentRoot":"D:\\REPO\\keycloak-tests\\src\\Onboarding.API","SourceContext":"Microsoft.Hosting.Lifetime"}
{"@t":"2026-04-09T18:29:10.5113541Z","@mt":"Application is shutting down...","SourceContext":"Microsoft.Hosting.Lifetime"}
[xUnit.net 00:00:22.92]       System.ArgumentException : CPF inválido: '123.456.789-00' (Parameter 'raw')
[xUnit.net 00:00:22.92]       Stack Trace:
[xUnit.net 00:00:22.92]         D:\REPO\keycloak-tests\src\Onboarding.Domain\ValueObjects\Cpf.cs(13,0): at Onboarding.Domain.ValueObjects.Cpf.Create(String raw)
[xUnit.net 00:00:22.92]         D:\REPO\keycloak-tests\src\Onboarding.Domain\Aggregates\ClientAggregate\Client.cs(40,0): at Onboarding.Domain.Aggregates.ClientAggregate.Client.RegisterPessoaFisica(String nome, String cpf, String email, String phone)
[xUnit.net 00:00:22.92]         D:\REPO\keycloak-tests\tests\Onboarding.API.Tests\Admin\AdminUserListingTests.cs(43,0): at Onboarding.API.Tests.Admin.AdminUserListingTests.GetPaginatedUsers_ReturnsPageWithItems()
[xUnit.net 00:00:22.92]         --- End of stack trace from previous location ---
{"@t":"2026-04-09T18:29:10.5195642Z","@mt":"User profile is available. Using '{FullName}' as key repository and Windows DPAPI to encrypt keys at rest.","FullName":"C:\\Users\\aliso\\AppData\\Local\\ASP.NET\\DataProtection-Keys","EventId":{"Id":63,"Name":"UsingProfileAsKeyRepositoryWithDPAPI"},"SourceContext":"Microsoft.AspNetCore.DataProtection.KeyManagement.XmlKeyManager"}
{"@t":"2026-04-09T18:29:10.5245341Z","@mt":"Application started. Press Ctrl+C to shut down.","SourceContext":"Microsoft.Hosting.Lifetime"}
{"@t":"2026-04-09T18:29:10.5245574Z","@mt":"Hosting environment: {EnvName}","EnvName":"Development","SourceContext":"Microsoft.Hosting.Lifetime"}
{"@t":"2026-04-09T18:29:10.5245642Z","@mt":"Content root path: {ContentRoot}","ContentRoot":"D:\\REPO\\keycloak-tests\\src\\Onboarding.API","SourceContext":"Microsoft.Hosting.Lifetime"}
{"@t":"2026-04-09T18:29:10.5256853Z","@mt":"Request starting {Protocol} {Method} {Scheme}://{Host}{PathBase}{Path}{QueryString} - {ContentType} {ContentLength}","@tr":"6b86030f4dba36e38b51aec23103120a","@sp":"a9e835320951ca14","Protocol":"HTTP/1.1","Method":"GET","ContentType":null,"ContentLength":null,"Scheme":"http","Host":"localhost","PathBase":"","Path":"/api/admin/users/f2dcea8b-89d0-4805-bb67-9de7911999ff","QueryString":"","EventId":{"Id":1},"SourceContext":"Microsoft.AspNetCore.Hosting.Diagnostics","RequestId":"0HNKMCNBM9IMQ","RequestPath":"/api/admin/users/f2dcea8b-89d0-4805-bb67-9de7911999ff","SpanId":"a9e835320951ca14","TraceId":"6b86030f4dba36e38b51aec23103120a","ParentId":"0000000000000000"}
  Com falha Onboarding.API.Tests.Admin.AdminUserListingTests.GetPaginatedUsers_StatusDeleted_ReturnsOnlyDeleted [< 1 ms]
  Mensagem de erro:
   System.ArgumentException : CPF inválido: '111.222.333-44' (Parameter 'raw')
  Rastreamento de pilha:
     at Onboarding.Domain.ValueObjects.Cpf.Create(String raw) in D:\REPO\keycloak-tests\src\Onboarding.Domain\ValueObjects\Cpf.cs:line 13
   at Onboarding.Domain.Aggregates.ClientAggregate.Client.RegisterPessoaFisica(String nome, String cpf, String email, String phone) in D:\REPO\keycloak-tests\src\Onboarding.Domain\Aggregates\ClientAggregate\Client.cs:line 40
   at Onboarding.API.Tests.Admin.AdminUserListingTests.GetPaginatedUsers_StatusDeleted_ReturnsOnlyDeleted() in D:\REPO\keycloak-tests\tests\Onboarding.API.Tests\Admin\AdminUserListingTests.cs:line 110
--- End of stack trace from previous location ---
  Com falha Onboarding.API.Tests.Admin.AdminUserListingTests.GetPaginatedUsers_ReturnsPageWithItems [< 1 ms]
  Mensagem de erro:
   System.ArgumentException : CPF inválido: '123.456.789-00' (Parameter 'raw')
  Rastreamento de pilha:
     at Onboarding.Domain.ValueObjects.Cpf.Create(String raw) in D:\REPO\keycloak-tests\src\Onboarding.Domain\ValueObjects\Cpf.cs:line 13
   at Onboarding.Domain.Aggregates.ClientAggregate.Client.RegisterPessoaFisica(String nome, String cpf, String email, String phone) in D:\REPO\keycloak-tests\src\Onboarding.Domain\Aggregates\ClientAggregate\Client.cs:line 40
   at Onboarding.API.Tests.Admin.AdminUserListingTests.GetPaginatedUsers_ReturnsPageWithItems() in D:\REPO\keycloak-tests\tests\Onboarding.API.Tests\Admin\AdminUserListingTests.cs:line 43
--- End of stack trace from previous location ---
{"@t":"2026-04-09T18:29:13.2380802Z","@mt":"Executing endpoint '{EndpointName}'","@tr":"6b86030f4dba36e38b51aec23103120a","@sp":"a9e835320951ca14","EndpointName":"Onboarding.API.Controllers.AdminUserController.GetUserDetails (Onboarding.API)","EventId":{"Name":"ExecutingEndpoint"},"SourceContext":"Microsoft.AspNetCore.Routing.EndpointMiddleware","RequestId":"0HNKMCNBM9IMQ","RequestPath":"/api/admin/users/f2dcea8b-89d0-4805-bb67-9de7911999ff","SpanId":"a9e835320951ca14","TraceId":"6b86030f4dba36e38b51aec23103120a","ParentId":"0000000000000000"}
{"@t":"2026-04-09T18:29:13.2431864Z","@mt":"Route matched with {RouteData}. Executing controller action with signature {MethodInfo} on controller {Controller} ({AssemblyName}).","@tr":"6b86030f4dba36e38b51aec23103120a","@sp":"a9e835320951ca14","RouteData":"{action = \"GetUserDetails\", controller = \"AdminUser\"}","MethodInfo":"System.Threading.Tasks.Task`1[Microsoft.AspNetCore.Mvc.IActionResult] GetUserDetails(System.Guid, System.Threading.CancellationToken)","Controller":"Onboarding.API.Controllers.AdminUserController","AssemblyName":"Onboarding.API","EventId":{"Id":102,"Name":"ControllerActionExecuting"},"SourceContext":"Microsoft.AspNetCore.Mvc.Infrastructure.ControllerActionInvoker","ActionId":"75e75a87-0244-480f-8c1e-59b8fbb01aec","ActionName":"Onboarding.API.Controllers.AdminUserController.GetUserDetails (Onboarding.API)","RequestId":"0HNKMCNBM9IMQ","RequestPath":"/api/admin/users/f2dcea8b-89d0-4805-bb67-9de7911999ff","SpanId":"a9e835320951ca14","TraceId":"6b86030f4dba36e38b51aec23103120a","ParentId":"0000000000000000"}
{"@t":"2026-04-09T18:29:13.2434935Z","@mt":"Executing action method {ActionName} - Validation state: {ValidationState}","@tr":"6b86030f4dba36e38b51aec23103120a","@sp":"a9e835320951ca14","ActionName":"Onboarding.API.Controllers.AdminUserController.GetUserDetails (Onboarding.API)","ValidationState":"Valid","EventId":{"Id":101,"Name":"ActionMethodExecuting"},"SourceContext":"Microsoft.AspNetCore.Mvc.Infrastructure.ControllerActionInvoker","ActionId":"75e75a87-0244-480f-8c1e-59b8fbb01aec","RequestId":"0HNKMCNBM9IMQ","RequestPath":"/api/admin/users/f2dcea8b-89d0-4805-bb67-9de7911999ff","SpanId":"a9e835320951ca14","TraceId":"6b86030f4dba36e38b51aec23103120a","ParentId":"0000000000000000"}
{"@t":"2026-04-09T18:29:13.2452682Z","@mt":"Executed action method {ActionName}, returned result {ActionResult} in {ElapsedMilliseconds}ms.","@tr":"6b86030f4dba36e38b51aec23103120a","@sp":"a9e835320951ca14","ActionName":"Onboarding.API.Controllers.AdminUserController.GetUserDetails (Onboarding.API)","ActionResult":"Microsoft.AspNetCore.Mvc.OkObjectResult","ElapsedMilliseconds":1.7454,"EventId":{"Id":103,"Name":"ActionMethodExecuted"},"SourceContext":"Microsoft.AspNetCore.Mvc.Infrastructure.ControllerActionInvoker","ActionId":"75e75a87-0244-480f-8c1e-59b8fbb01aec","RequestId":"0HNKMCNBM9IMQ","RequestPath":"/api/admin/users/f2dcea8b-89d0-4805-bb67-9de7911999ff","SpanId":"a9e835320951ca14","TraceId":"6b86030f4dba36e38b51aec23103120a","ParentId":"0000000000000000"}
{"@t":"2026-04-09T18:29:13.2492513Z","@mt":"Executed action {ActionName} in {ElapsedMilliseconds}ms","@tr":"6b86030f4dba36e38b51aec23103120a","@sp":"a9e835320951ca14","ActionName":"Onboarding.API.Controllers.AdminUserController.GetUserDetails (Onboarding.API)","ElapsedMilliseconds":6.0181,"EventId":{"Id":105,"Name":"ActionExecuted"},"SourceContext":"Microsoft.AspNetCore.Mvc.Infrastructure.ControllerActionInvoker","RequestId":"0HNKMCNBM9IMQ","RequestPath":"/api/admin/users/f2dcea8b-89d0-4805-bb67-9de7911999ff","SpanId":"a9e835320951ca14","TraceId":"6b86030f4dba36e38b51aec23103120a","ParentId":"0000000000000000"}
{"@t":"2026-04-09T18:29:13.2492835Z","@mt":"Executed endpoint '{EndpointName}'","@tr":"6b86030f4dba36e38b51aec23103120a","@sp":"a9e835320951ca14","EndpointName":"Onboarding.API.Controllers.AdminUserController.GetUserDetails (Onboarding.API)","EventId":{"Id":1,"Name":"ExecutedEndpoint"},"SourceContext":"Microsoft.AspNetCore.Routing.EndpointMiddleware","RequestId":"0HNKMCNBM9IMQ","RequestPath":"/api/admin/users/f2dcea8b-89d0-4805-bb67-9de7911999ff","SpanId":"a9e835320951ca14","TraceId":"6b86030f4dba36e38b51aec23103120a","ParentId":"0000000000000000"}
{"@t":"2026-04-09T18:29:13.2493550Z","@mt":"Request finished {Protocol} {Method} {Scheme}://{Host}{PathBase}{Path}{QueryString} - {StatusCode} {ContentLength} {ContentType} {ElapsedMilliseconds}ms","@tr":"6b86030f4dba36e38b51aec23103120a","@sp":"a9e835320951ca14","ElapsedMilliseconds":2723.7172,"StatusCode":200,"ContentType":"application/json; charset=utf-8","ContentLength":null,"Protocol":"HTTP/1.1","Method":"GET","Scheme":"http","Host":"localhost","PathBase":"","Path":"/api/admin/users/f2dcea8b-89d0-4805-bb67-9de7911999ff","QueryString":"","EventId":{"Id":2},"SourceContext":"Microsoft.AspNetCore.Hosting.Diagnostics","RequestId":"0HNKMCNBM9IMQ","RequestPath":"/api/admin/users/f2dcea8b-89d0-4805-bb67-9de7911999ff","SpanId":"a9e835320951ca14","TraceId":"6b86030f4dba36e38b51aec23103120a","ParentId":"0000000000000000"}
{"@t":"2026-04-09T18:29:13.2531837Z","@mt":"Application is shutting down...","SourceContext":"Microsoft.Hosting.Lifetime"}
{"@t":"2026-04-09T18:29:13.2637298Z","@mt":"User profile is available. Using '{FullName}' as key repository and Windows DPAPI to encrypt keys at rest.","FullName":"C:\\Users\\aliso\\AppData\\Local\\ASP.NET\\DataProtection-Keys","EventId":{"Id":63,"Name":"UsingProfileAsKeyRepositoryWithDPAPI"},"SourceContext":"Microsoft.AspNetCore.DataProtection.KeyManagement.XmlKeyManager"}
{"@t":"2026-04-09T18:29:13.3111545Z","@mt":"Application started. Press Ctrl+C to shut down.","SourceContext":"Microsoft.Hosting.Lifetime"}
{"@t":"2026-04-09T18:29:13.3111787Z","@mt":"Hosting environment: {EnvName}","EnvName":"Development","SourceContext":"Microsoft.Hosting.Lifetime"}
{"@t":"2026-04-09T18:29:13.3111831Z","@mt":"Content root path: {ContentRoot}","ContentRoot":"D:\\REPO\\keycloak-tests\\src\\Onboarding.API","SourceContext":"Microsoft.Hosting.Lifetime"}
{"@t":"2026-04-09T18:29:13.3137515Z","@mt":"Application is shutting down...","SourceContext":"Microsoft.Hosting.Lifetime"}
[xUnit.net 00:00:25.72]       System.ArgumentException : CNPJ inválido: '12.345.678/0001-90' (Parameter 'raw')
[xUnit.net 00:00:25.72]       Stack Trace:
[xUnit.net 00:00:25.72]         D:\REPO\keycloak-tests\src\Onboarding.Domain\ValueObjects\Cnpj.cs(17,0): at Onboarding.Domain.ValueObjects.Cnpj.Create(String raw)
[xUnit.net 00:00:25.72]         D:\REPO\keycloak-tests\src\Onboarding.Domain\Aggregates\ClientAggregate\Client.cs(57,0): at Onboarding.Domain.Aggregates.ClientAggregate.Client.RegisterPessoaJuridica(String razaoSocial, String cnpj, String email, String phone)
[xUnit.net 00:00:25.72]         D:\REPO\keycloak-tests\tests\Onboarding.API.Tests\Admin\AdminUserDetailsTests.cs(119,0): at Onboarding.API.Tests.Admin.AdminUserDetailsTests.GetUserDetails_PjUser_ReturnsCnpj_NotCpf()
[xUnit.net 00:00:25.72]         --- End of stack trace from previous location ---
{"@t":"2026-04-09T18:29:13.3479905Z","@mt":"User profile is available. Using '{FullName}' as key repository and Windows DPAPI to encrypt keys at rest.","FullName":"C:\\Users\\aliso\\AppData\\Local\\ASP.NET\\DataProtection-Keys","EventId":{"Id":63,"Name":"UsingProfileAsKeyRepositoryWithDPAPI"},"SourceContext":"Microsoft.AspNetCore.DataProtection.KeyManagement.XmlKeyManager"}
{"@t":"2026-04-09T18:29:13.3543155Z","@mt":"Application started. Press Ctrl+C to shut down.","SourceContext":"Microsoft.Hosting.Lifetime"}
{"@t":"2026-04-09T18:29:13.3543441Z","@mt":"Hosting environment: {EnvName}","EnvName":"Development","SourceContext":"Microsoft.Hosting.Lifetime"}
{"@t":"2026-04-09T18:29:13.3543508Z","@mt":"Content root path: {ContentRoot}","ContentRoot":"D:\\REPO\\keycloak-tests\\src\\Onboarding.API","SourceContext":"Microsoft.Hosting.Lifetime"}
{"@t":"2026-04-09T18:29:13.3557509Z","@mt":"Request starting {Protocol} {Method} {Scheme}://{Host}{PathBase}{Path}{QueryString} - {ContentType} {ContentLength}","@tr":"8e8ab682d20af3bf9b13665a8d9acfd1","@sp":"f6d72ece55e90644","Protocol":"HTTP/1.1","Method":"GET","ContentType":null,"ContentLength":null,"Scheme":"http","Host":"localhost","PathBase":"","Path":"/api/admin/users/2120fc03-59ec-4f61-94df-417040883e93","QueryString":"","EventId":{"Id":1},"SourceContext":"Microsoft.AspNetCore.Hosting.Diagnostics","RequestId":"0HNKMCNBM9IMR","RequestPath":"/api/admin/users/2120fc03-59ec-4f61-94df-417040883e93","SpanId":"f6d72ece55e90644","TraceId":"8e8ab682d20af3bf9b13665a8d9acfd1","ParentId":"0000000000000000"}
  Aprovado Onboarding.API.Tests.Admin.AdminUserDetailsTests.GetUserDetails_ValidId_ReturnsFullData [2 s]
  Com falha Onboarding.API.Tests.Admin.AdminUserDetailsTests.GetUserDetails_PjUser_ReturnsCnpj_NotCpf [2 ms]
  Mensagem de erro:
   System.ArgumentException : CNPJ inválido: '12.345.678/0001-90' (Parameter 'raw')
  Rastreamento de pilha:
     at Onboarding.Domain.ValueObjects.Cnpj.Create(String raw) in D:\REPO\keycloak-tests\src\Onboarding.Domain\ValueObjects\Cnpj.cs:line 17
   at Onboarding.Domain.Aggregates.ClientAggregate.Client.RegisterPessoaJuridica(String razaoSocial, String cnpj, String email, String phone) in D:\REPO\keycloak-tests\src\Onboarding.Domain\Aggregates\ClientAggregate\Client.cs:line 57
   at Onboarding.API.Tests.Admin.AdminUserDetailsTests.GetUserDetails_PjUser_ReturnsCnpj_NotCpf() in D:\REPO\keycloak-tests\tests\Onboarding.API.Tests\Admin\AdminUserDetailsTests.cs:line 119
--- End of stack trace from previous location ---
{"@t":"2026-04-09T18:29:16.0620280Z","@mt":"Executing endpoint '{EndpointName}'","@tr":"8e8ab682d20af3bf9b13665a8d9acfd1","@sp":"f6d72ece55e90644","EndpointName":"Onboarding.API.Controllers.AdminUserController.GetUserDetails (Onboarding.API)","EventId":{"Name":"ExecutingEndpoint"},"SourceContext":"Microsoft.AspNetCore.Routing.EndpointMiddleware","RequestId":"0HNKMCNBM9IMR","RequestPath":"/api/admin/users/2120fc03-59ec-4f61-94df-417040883e93","SpanId":"f6d72ece55e90644","TraceId":"8e8ab682d20af3bf9b13665a8d9acfd1","ParentId":"0000000000000000"}
{"@t":"2026-04-09T18:29:16.0660230Z","@mt":"Route matched with {RouteData}. Executing controller action with signature {MethodInfo} on controller {Controller} ({AssemblyName}).","@tr":"8e8ab682d20af3bf9b13665a8d9acfd1","@sp":"f6d72ece55e90644","RouteData":"{action = \"GetUserDetails\", controller = \"AdminUser\"}","MethodInfo":"System.Threading.Tasks.Task`1[Microsoft.AspNetCore.Mvc.IActionResult] GetUserDetails(System.Guid, System.Threading.CancellationToken)","Controller":"Onboarding.API.Controllers.AdminUserController","AssemblyName":"Onboarding.API","EventId":{"Id":102,"Name":"ControllerActionExecuting"},"SourceContext":"Microsoft.AspNetCore.Mvc.Infrastructure.ControllerActionInvoker","ActionId":"b3debac9-968f-411b-9d59-72a99446c1a0","ActionName":"Onboarding.API.Controllers.AdminUserController.GetUserDetails (Onboarding.API)","RequestId":"0HNKMCNBM9IMR","RequestPath":"/api/admin/users/2120fc03-59ec-4f61-94df-417040883e93","SpanId":"f6d72ece55e90644","TraceId":"8e8ab682d20af3bf9b13665a8d9acfd1","ParentId":"0000000000000000"}
{"@t":"2026-04-09T18:29:16.0664052Z","@mt":"Executing action method {ActionName} - Validation state: {ValidationState}","@tr":"8e8ab682d20af3bf9b13665a8d9acfd1","@sp":"f6d72ece55e90644","ActionName":"Onboarding.API.Controllers.AdminUserController.GetUserDetails (Onboarding.API)","ValidationState":"Valid","EventId":{"Id":101,"Name":"ActionMethodExecuting"},"SourceContext":"Microsoft.AspNetCore.Mvc.Infrastructure.ControllerActionInvoker","ActionId":"b3debac9-968f-411b-9d59-72a99446c1a0","RequestId":"0HNKMCNBM9IMR","RequestPath":"/api/admin/users/2120fc03-59ec-4f61-94df-417040883e93","SpanId":"f6d72ece55e90644","TraceId":"8e8ab682d20af3bf9b13665a8d9acfd1","ParentId":"0000000000000000"}
{"@t":"2026-04-09T18:29:16.0665736Z","@mt":"Executed action method {ActionName}, returned result {ActionResult} in {ElapsedMilliseconds}ms.","@tr":"8e8ab682d20af3bf9b13665a8d9acfd1","@sp":"f6d72ece55e90644","ActionName":"Onboarding.API.Controllers.AdminUserController.GetUserDetails (Onboarding.API)","ActionResult":"Microsoft.AspNetCore.Mvc.NotFoundObjectResult","ElapsedMilliseconds":0.1271,"EventId":{"Id":103,"Name":"ActionMethodExecuted"},"SourceContext":"Microsoft.AspNetCore.Mvc.Infrastructure.ControllerActionInvoker","ActionId":"b3debac9-968f-411b-9d59-72a99446c1a0","RequestId":"0HNKMCNBM9IMR","RequestPath":"/api/admin/users/2120fc03-59ec-4f61-94df-417040883e93","SpanId":"f6d72ece55e90644","TraceId":"8e8ab682d20af3bf9b13665a8d9acfd1","ParentId":"0000000000000000"}
{"@t":"2026-04-09T18:29:16.0682903Z","@mt":"Executed action {ActionName} in {ElapsedMilliseconds}ms","@tr":"8e8ab682d20af3bf9b13665a8d9acfd1","@sp":"f6d72ece55e90644","ActionName":"Onboarding.API.Controllers.AdminUserController.GetUserDetails (Onboarding.API)","ElapsedMilliseconds":2.2309,"EventId":{"Id":105,"Name":"ActionExecuted"},"SourceContext":"Microsoft.AspNetCore.Mvc.Infrastructure.ControllerActionInvoker","RequestId":"0HNKMCNBM9IMR","RequestPath":"/api/admin/users/2120fc03-59ec-4f61-94df-417040883e93","SpanId":"f6d72ece55e90644","TraceId":"8e8ab682d20af3bf9b13665a8d9acfd1","ParentId":"0000000000000000"}
{"@t":"2026-04-09T18:29:16.0683223Z","@mt":"Executed endpoint '{EndpointName}'","@tr":"8e8ab682d20af3bf9b13665a8d9acfd1","@sp":"f6d72ece55e90644","EndpointName":"Onboarding.API.Controllers.AdminUserController.GetUserDetails (Onboarding.API)","EventId":{"Id":1,"Name":"ExecutedEndpoint"},"SourceContext":"Microsoft.AspNetCore.Routing.EndpointMiddleware","RequestId":"0HNKMCNBM9IMR","RequestPath":"/api/admin/users/2120fc03-59ec-4f61-94df-417040883e93","SpanId":"f6d72ece55e90644","TraceId":"8e8ab682d20af3bf9b13665a8d9acfd1","ParentId":"0000000000000000"}
{"@t":"2026-04-09T18:29:16.0683987Z","@mt":"Request finished {Protocol} {Method} {Scheme}://{Host}{PathBase}{Path}{QueryString} - {StatusCode} {ContentLength} {ContentType} {ElapsedMilliseconds}ms","@tr":"8e8ab682d20af3bf9b13665a8d9acfd1","@sp":"f6d72ece55e90644","ElapsedMilliseconds":2712.7464,"StatusCode":404,"ContentType":"application/problem+json; charset=utf-8","ContentLength":null,"Protocol":"HTTP/1.1","Method":"GET","Scheme":"http","Host":"localhost","PathBase":"","Path":"/api/admin/users/2120fc03-59ec-4f61-94df-417040883e93","QueryString":"","EventId":{"Id":2},"SourceContext":"Microsoft.AspNetCore.Hosting.Diagnostics","RequestId":"0HNKMCNBM9IMR","RequestPath":"/api/admin/users/2120fc03-59ec-4f61-94df-417040883e93","SpanId":"f6d72ece55e90644","TraceId":"8e8ab682d20af3bf9b13665a8d9acfd1","ParentId":"0000000000000000"}
{"@t":"2026-04-09T18:29:16.0700869Z","@mt":"Application is shutting down...","SourceContext":"Microsoft.Hosting.Lifetime"}
  Aprovado Onboarding.API.Tests.Admin.AdminUserDetailsTests.GetUserDetails_InvalidId_ReturnsNotFound [2 s]
{"@t":"2026-04-09T18:29:16.0803883Z","@mt":"User profile is available. Using '{FullName}' as key repository and Windows DPAPI to encrypt keys at rest.","FullName":"C:\\Users\\aliso\\AppData\\Local\\ASP.NET\\DataProtection-Keys","EventId":{"Id":63,"Name":"UsingProfileAsKeyRepositoryWithDPAPI"},"SourceContext":"Microsoft.AspNetCore.DataProtection.KeyManagement.XmlKeyManager"}
{"@t":"2026-04-09T18:29:16.0861932Z","@mt":"Application started. Press Ctrl+C to shut down.","SourceContext":"Microsoft.Hosting.Lifetime"}
{"@t":"2026-04-09T18:29:16.0862196Z","@mt":"Hosting environment: {EnvName}","EnvName":"Development","SourceContext":"Microsoft.Hosting.Lifetime"}
{"@t":"2026-04-09T18:29:16.0862242Z","@mt":"Content root path: {ContentRoot}","ContentRoot":"D:\\REPO\\keycloak-tests\\src\\Onboarding.API","SourceContext":"Microsoft.Hosting.Lifetime"}
{"@t":"2026-04-09T18:29:16.0877372Z","@mt":"Request starting {Protocol} {Method} {Scheme}://{Host}{PathBase}{Path}{QueryString} - {ContentType} {ContentLength}","@tr":"3070e97acd5206d09aa525012614e33e","@sp":"f4aeeb9a521ca516","Protocol":"HTTP/1.1","Method":"GET","ContentType":null,"ContentLength":null,"Scheme":"http","Host":"localhost","PathBase":"","Path":"/api/admin/users/fb09303b-c0ee-4f7c-85dd-8a65f43cf613","QueryString":"","EventId":{"Id":1},"SourceContext":"Microsoft.AspNetCore.Hosting.Diagnostics","RequestId":"0HNKMCNBM9IMS","RequestPath":"/api/admin/users/fb09303b-c0ee-4f7c-85dd-8a65f43cf613","SpanId":"f4aeeb9a521ca516","TraceId":"3070e97acd5206d09aa525012614e33e","ParentId":"0000000000000000"}
{"@t":"2026-04-09T18:29:18.7917536Z","@mt":"Executing endpoint '{EndpointName}'","@tr":"3070e97acd5206d09aa525012614e33e","@sp":"f4aeeb9a521ca516","EndpointName":"Onboarding.API.Controllers.AdminUserController.GetUserDetails (Onboarding.API)","EventId":{"Name":"ExecutingEndpoint"},"SourceContext":"Microsoft.AspNetCore.Routing.EndpointMiddleware","RequestId":"0HNKMCNBM9IMS","RequestPath":"/api/admin/users/fb09303b-c0ee-4f7c-85dd-8a65f43cf613","SpanId":"f4aeeb9a521ca516","TraceId":"3070e97acd5206d09aa525012614e33e","ParentId":"0000000000000000"}
{"@t":"2026-04-09T18:29:18.7962722Z","@mt":"Route matched with {RouteData}. Executing controller action with signature {MethodInfo} on controller {Controller} ({AssemblyName}).","@tr":"3070e97acd5206d09aa525012614e33e","@sp":"f4aeeb9a521ca516","RouteData":"{action = \"GetUserDetails\", controller = \"AdminUser\"}","MethodInfo":"System.Threading.Tasks.Task`1[Microsoft.AspNetCore.Mvc.IActionResult] GetUserDetails(System.Guid, System.Threading.CancellationToken)","Controller":"Onboarding.API.Controllers.AdminUserController","AssemblyName":"Onboarding.API","EventId":{"Id":102,"Name":"ControllerActionExecuting"},"SourceContext":"Microsoft.AspNetCore.Mvc.Infrastructure.ControllerActionInvoker","ActionId":"68582683-a358-4a5e-b1db-7f7970242e57","ActionName":"Onboarding.API.Controllers.AdminUserController.GetUserDetails (Onboarding.API)","RequestId":"0HNKMCNBM9IMS","RequestPath":"/api/admin/users/fb09303b-c0ee-4f7c-85dd-8a65f43cf613","SpanId":"f4aeeb9a521ca516","TraceId":"3070e97acd5206d09aa525012614e33e","ParentId":"0000000000000000"}
{"@t":"2026-04-09T18:29:18.7966784Z","@mt":"Executing action method {ActionName} - Validation state: {ValidationState}","@tr":"3070e97acd5206d09aa525012614e33e","@sp":"f4aeeb9a521ca516","ActionName":"Onboarding.API.Controllers.AdminUserController.GetUserDetails (Onboarding.API)","ValidationState":"Valid","EventId":{"Id":101,"Name":"ActionMethodExecuting"},"SourceContext":"Microsoft.AspNetCore.Mvc.Infrastructure.ControllerActionInvoker","ActionId":"68582683-a358-4a5e-b1db-7f7970242e57","RequestId":"0HNKMCNBM9IMS","RequestPath":"/api/admin/users/fb09303b-c0ee-4f7c-85dd-8a65f43cf613","SpanId":"f4aeeb9a521ca516","TraceId":"3070e97acd5206d09aa525012614e33e","ParentId":"0000000000000000"}
{"@t":"2026-04-09T18:29:18.7968470Z","@mt":"Executed action method {ActionName}, returned result {ActionResult} in {ElapsedMilliseconds}ms.","@tr":"3070e97acd5206d09aa525012614e33e","@sp":"f4aeeb9a521ca516","ActionName":"Onboarding.API.Controllers.AdminUserController.GetUserDetails (Onboarding.API)","ActionResult":"Microsoft.AspNetCore.Mvc.OkObjectResult","ElapsedMilliseconds":0.1202,"EventId":{"Id":103,"Name":"ActionMethodExecuted"},"SourceContext":"Microsoft.AspNetCore.Mvc.Infrastructure.ControllerActionInvoker","ActionId":"68582683-a358-4a5e-b1db-7f7970242e57","RequestId":"0HNKMCNBM9IMS","RequestPath":"/api/admin/users/fb09303b-c0ee-4f7c-85dd-8a65f43cf613","SpanId":"f4aeeb9a521ca516","TraceId":"3070e97acd5206d09aa525012614e33e","ParentId":"0000000000000000"}
{"@t":"2026-04-09T18:29:18.7983443Z","@mt":"Executed action {ActionName} in {ElapsedMilliseconds}ms","@tr":"3070e97acd5206d09aa525012614e33e","@sp":"f4aeeb9a521ca516","ActionName":"Onboarding.API.Controllers.AdminUserController.GetUserDetails (Onboarding.API)","ElapsedMilliseconds":2.0239,"EventId":{"Id":105,"Name":"ActionExecuted"},"SourceContext":"Microsoft.AspNetCore.Mvc.Infrastructure.ControllerActionInvoker","RequestId":"0HNKMCNBM9IMS","RequestPath":"/api/admin/users/fb09303b-c0ee-4f7c-85dd-8a65f43cf613","SpanId":"f4aeeb9a521ca516","TraceId":"3070e97acd5206d09aa525012614e33e","ParentId":"0000000000000000"}
{"@t":"2026-04-09T18:29:18.7983852Z","@mt":"Executed endpoint '{EndpointName}'","@tr":"3070e97acd5206d09aa525012614e33e","@sp":"f4aeeb9a521ca516","EndpointName":"Onboarding.API.Controllers.AdminUserController.GetUserDetails (Onboarding.API)","EventId":{"Id":1,"Name":"ExecutedEndpoint"},"SourceContext":"Microsoft.AspNetCore.Routing.EndpointMiddleware","RequestId":"0HNKMCNBM9IMS","RequestPath":"/api/admin/users/fb09303b-c0ee-4f7c-85dd-8a65f43cf613","SpanId":"f4aeeb9a521ca516","TraceId":"3070e97acd5206d09aa525012614e33e","ParentId":"0000000000000000"}
{"@t":"2026-04-09T18:29:18.7984367Z","@mt":"Request finished {Protocol} {Method} {Scheme}://{Host}{PathBase}{Path}{QueryString} - {StatusCode} {ContentLength} {ContentType} {ElapsedMilliseconds}ms","@tr":"3070e97acd5206d09aa525012614e33e","@sp":"f4aeeb9a521ca516","ElapsedMilliseconds":2710.7986,"StatusCode":200,"ContentType":"application/json; charset=utf-8","ContentLength":null,"Protocol":"HTTP/1.1","Method":"GET","Scheme":"http","Host":"localhost","PathBase":"","Path":"/api/admin/users/fb09303b-c0ee-4f7c-85dd-8a65f43cf613","QueryString":"","EventId":{"Id":2},"SourceContext":"Microsoft.AspNetCore.Hosting.Diagnostics","RequestId":"0HNKMCNBM9IMS","RequestPath":"/api/admin/users/fb09303b-c0ee-4f7c-85dd-8a65f43cf613","SpanId":"f4aeeb9a521ca516","TraceId":"3070e97acd5206d09aa525012614e33e","ParentId":"0000000000000000"}
{"@t":"2026-04-09T18:29:18.8144725Z","@mt":"Application is shutting down...","SourceContext":"Microsoft.Hosting.Lifetime"}
[xUnit.net 00:00:31.22]       Shouldly.ShouldAssertException : body.Document
[xUnit.net 00:00:31.22]           should contain (case insensitive comparison)
[xUnit.net 00:00:31.22]       "52998224725"
[xUnit.net 00:00:31.23]           but was actually
[xUnit.net 00:00:31.23]       "529.982.247-25"
[xUnit.net 00:00:31.23]       Stack Trace:
[xUnit.net 00:00:31.23]         D:\REPO\keycloak-tests\tests\Onboarding.API.Tests\Admin\AdminUserDetailsTests.cs(110,0): at Onboarding.API.Tests.Admin.AdminUserDetailsTests.GetUserDetails_PfUser_ReturnsCpf_NotCnpj()
[xUnit.net 00:00:31.23]            at System.Runtime.ExceptionServices.ExceptionDispatchInfo.Throw()
[xUnit.net 00:00:31.23]            at System.Runtime.CompilerServices.TaskAwaiter.HandleNonSuccessAndDebuggerNotification(Task task, ConfigureAwaitOptions options)
[xUnit.net 00:00:31.23]         --- End of stack trace from previous location ---
[xUnit.net 00:00:31.23]            at System.Runtime.ExceptionServices.ExceptionDispatchInfo.Throw()
[xUnit.net 00:00:31.23]            at System.Runtime.CompilerServices.TaskAwaiter.HandleNonSuccessAndDebuggerNotification(Task task, ConfigureAwaitOptions options)
[xUnit.net 00:00:31.23]            at System.Runtime.ExceptionServices.ExceptionDispatchInfo.Throw()
[xUnit.net 00:00:31.23]            at System.Runtime.CompilerServices.TaskAwaiter.HandleNonSuccessAndDebuggerNotification(Task task, ConfigureAwaitOptions options)
  Com falha Onboarding.API.Tests.Admin.AdminUserDetailsTests.GetUserDetails_PfUser_ReturnsCpf_NotCnpj [2 s]
  Mensagem de erro:
   Shouldly.ShouldAssertException : body.Document
    should contain (case insensitive comparison)
"52998224725"
    but was actually
"529.982.247-25"
  Rastreamento de pilha:
     at Onboarding.API.Tests.Admin.AdminUserDetailsTests.GetUserDetails_PfUser_ReturnsCpf_NotCnpj() in D:\REPO\keycloak-tests\tests\Onboarding.API.Tests\Admin\AdminUserDetailsTests.cs:line 110
   at System.Runtime.ExceptionServices.ExceptionDispatchInfo.Throw()
   at System.Runtime.CompilerServices.TaskAwaiter.HandleNonSuccessAndDebuggerNotification(Task task, ConfigureAwaitOptions options)
--- End of stack trace from previous location ---
   at System.Runtime.ExceptionServices.ExceptionDispatchInfo.Throw()
   at System.Runtime.CompilerServices.TaskAwaiter.HandleNonSuccessAndDebuggerNotification(Task task, ConfigureAwaitOptions options)
   at System.Runtime.ExceptionServices.ExceptionDispatchInfo.Throw()
   at System.Runtime.CompilerServices.TaskAwaiter.HandleNonSuccessAndDebuggerNotification(Task task, ConfigureAwaitOptions options)
{"@t":"2026-04-09T18:29:18.8283070Z","@mt":"User profile is available. Using '{FullName}' as key repository and Windows DPAPI to encrypt keys at rest.","FullName":"C:\\Users\\aliso\\AppData\\Local\\ASP.NET\\DataProtection-Keys","EventId":{"Id":63,"Name":"UsingProfileAsKeyRepositoryWithDPAPI"},"SourceContext":"Microsoft.AspNetCore.DataProtection.KeyManagement.XmlKeyManager"}
{"@t":"2026-04-09T18:29:18.8339345Z","@mt":"Application started. Press Ctrl+C to shut down.","SourceContext":"Microsoft.Hosting.Lifetime"}
{"@t":"2026-04-09T18:29:18.8339785Z","@mt":"Hosting environment: {EnvName}","EnvName":"Development","SourceContext":"Microsoft.Hosting.Lifetime"}
{"@t":"2026-04-09T18:29:18.8339832Z","@mt":"Content root path: {ContentRoot}","ContentRoot":"D:\\REPO\\keycloak-tests\\src\\Onboarding.API","SourceContext":"Microsoft.Hosting.Lifetime"}
{"@t":"2026-04-09T18:29:18.8357838Z","@mt":"Request starting {Protocol} {Method} {Scheme}://{Host}{PathBase}{Path}{QueryString} - {ContentType} {ContentLength}","@tr":"dc94e517342c4b083738e39f6e6d8e05","@sp":"8de0b11941a322a5","Protocol":"HTTP/1.1","Method":"DELETE","ContentType":"application/json; charset=utf-8","ContentLength":null,"Scheme":"http","Host":"localhost","PathBase":"","Path":"/api/admin/users/46b2167f-8f61-4d72-a47e-105babd9484d","QueryString":"","EventId":{"Id":1},"SourceContext":"Microsoft.AspNetCore.Hosting.Diagnostics","RequestId":"0HNKMCNBM9IMT","RequestPath":"/api/admin/users/46b2167f-8f61-4d72-a47e-105babd9484d","SpanId":"8de0b11941a322a5","TraceId":"dc94e517342c4b083738e39f6e6d8e05","ParentId":"0000000000000000"}
{"@t":"2026-04-09T18:29:21.5396512Z","@mt":"Executing endpoint '{EndpointName}'","@tr":"dc94e517342c4b083738e39f6e6d8e05","@sp":"8de0b11941a322a5","EndpointName":"Onboarding.API.Controllers.AdminUserController.DeleteUser (Onboarding.API)","EventId":{"Name":"ExecutingEndpoint"},"SourceContext":"Microsoft.AspNetCore.Routing.EndpointMiddleware","RequestId":"0HNKMCNBM9IMT","RequestPath":"/api/admin/users/46b2167f-8f61-4d72-a47e-105babd9484d","SpanId":"8de0b11941a322a5","TraceId":"dc94e517342c4b083738e39f6e6d8e05","ParentId":"0000000000000000"}
{"@t":"2026-04-09T18:29:21.5441348Z","@mt":"Route matched with {RouteData}. Executing controller action with signature {MethodInfo} on controller {Controller} ({AssemblyName}).","@tr":"dc94e517342c4b083738e39f6e6d8e05","@sp":"8de0b11941a322a5","RouteData":"{action = \"DeleteUser\", controller = \"AdminUser\"}","MethodInfo":"System.Threading.Tasks.Task`1[Microsoft.AspNetCore.Mvc.IActionResult] DeleteUser(System.Guid, Onboarding.API.Controllers.DeleteUserRequest, System.Threading.CancellationToken)","Controller":"Onboarding.API.Controllers.AdminUserController","AssemblyName":"Onboarding.API","EventId":{"Id":102,"Name":"ControllerActionExecuting"},"SourceContext":"Microsoft.AspNetCore.Mvc.Infrastructure.ControllerActionInvoker","ActionId":"6e30ec04-dd7b-4db4-8da2-60fda6120785","ActionName":"Onboarding.API.Controllers.AdminUserController.DeleteUser (Onboarding.API)","RequestId":"0HNKMCNBM9IMT","RequestPath":"/api/admin/users/46b2167f-8f61-4d72-a47e-105babd9484d","SpanId":"8de0b11941a322a5","TraceId":"dc94e517342c4b083738e39f6e6d8e05","ParentId":"0000000000000000"}
{"@t":"2026-04-09T18:29:21.5455930Z","@mt":"Executing action method {ActionName} - Validation state: {ValidationState}","@tr":"dc94e517342c4b083738e39f6e6d8e05","@sp":"8de0b11941a322a5","ActionName":"Onboarding.API.Controllers.AdminUserController.DeleteUser (Onboarding.API)","ValidationState":"Valid","EventId":{"Id":101,"Name":"ActionMethodExecuting"},"SourceContext":"Microsoft.AspNetCore.Mvc.Infrastructure.ControllerActionInvoker","ActionId":"6e30ec04-dd7b-4db4-8da2-60fda6120785","RequestId":"0HNKMCNBM9IMT","RequestPath":"/api/admin/users/46b2167f-8f61-4d72-a47e-105babd9484d","SpanId":"8de0b11941a322a5","TraceId":"dc94e517342c4b083738e39f6e6d8e05","ParentId":"0000000000000000"}
{"@t":"2026-04-09T18:29:21.5524327Z","@mt":"Executed action method {ActionName}, returned result {ActionResult} in {ElapsedMilliseconds}ms.","@tr":"dc94e517342c4b083738e39f6e6d8e05","@sp":"8de0b11941a322a5","ActionName":"Onboarding.API.Controllers.AdminUserController.DeleteUser (Onboarding.API)","ActionResult":"Microsoft.AspNetCore.Mvc.NoContentResult","ElapsedMilliseconds":6.7662,"EventId":{"Id":103,"Name":"ActionMethodExecuted"},"SourceContext":"Microsoft.AspNetCore.Mvc.Infrastructure.ControllerActionInvoker","ActionId":"6e30ec04-dd7b-4db4-8da2-60fda6120785","RequestId":"0HNKMCNBM9IMT","RequestPath":"/api/admin/users/46b2167f-8f61-4d72-a47e-105babd9484d","SpanId":"8de0b11941a322a5","TraceId":"dc94e517342c4b083738e39f6e6d8e05","ParentId":"0000000000000000"}
{"@t":"2026-04-09T18:29:21.5524987Z","@mt":"Executed action {ActionName} in {ElapsedMilliseconds}ms","@tr":"dc94e517342c4b083738e39f6e6d8e05","@sp":"8de0b11941a322a5","ActionName":"Onboarding.API.Controllers.AdminUserController.DeleteUser (Onboarding.API)","ElapsedMilliseconds":8.3281,"EventId":{"Id":105,"Name":"ActionExecuted"},"SourceContext":"Microsoft.AspNetCore.Mvc.Infrastructure.ControllerActionInvoker","RequestId":"0HNKMCNBM9IMT","RequestPath":"/api/admin/users/46b2167f-8f61-4d72-a47e-105babd9484d","SpanId":"8de0b11941a322a5","TraceId":"dc94e517342c4b083738e39f6e6d8e05","ParentId":"0000000000000000"}
{"@t":"2026-04-09T18:29:21.5525194Z","@mt":"Executed endpoint '{EndpointName}'","@tr":"dc94e517342c4b083738e39f6e6d8e05","@sp":"8de0b11941a322a5","EndpointName":"Onboarding.API.Controllers.AdminUserController.DeleteUser (Onboarding.API)","EventId":{"Id":1,"Name":"ExecutedEndpoint"},"SourceContext":"Microsoft.AspNetCore.Routing.EndpointMiddleware","RequestId":"0HNKMCNBM9IMT","RequestPath":"/api/admin/users/46b2167f-8f61-4d72-a47e-105babd9484d","SpanId":"8de0b11941a322a5","TraceId":"dc94e517342c4b083738e39f6e6d8e05","ParentId":"0000000000000000"}
{"@t":"2026-04-09T18:29:21.5527738Z","@mt":"Request finished {Protocol} {Method} {Scheme}://{Host}{PathBase}{Path}{QueryString} - {StatusCode} {ContentLength} {ContentType} {ElapsedMilliseconds}ms","@tr":"dc94e517342c4b083738e39f6e6d8e05","@sp":"8de0b11941a322a5","ElapsedMilliseconds":2717.0606,"StatusCode":204,"ContentType":null,"ContentLength":null,"Protocol":"HTTP/1.1","Method":"DELETE","Scheme":"http","Host":"localhost","PathBase":"","Path":"/api/admin/users/46b2167f-8f61-4d72-a47e-105babd9484d","QueryString":"","EventId":{"Id":2},"SourceContext":"Microsoft.AspNetCore.Hosting.Diagnostics","RequestId":"0HNKMCNBM9IMT","RequestPath":"/api/admin/users/46b2167f-8f61-4d72-a47e-105babd9484d","SpanId":"8de0b11941a322a5","TraceId":"dc94e517342c4b083738e39f6e6d8e05","ParentId":"0000000000000000"}
{"@t":"2026-04-09T18:29:21.5547236Z","@mt":"Application is shutting down...","SourceContext":"Microsoft.Hosting.Lifetime"}
  Aprovado Onboarding.API.Tests.Admin.AdminUserDeleteTests.DeleteUser_RemovesFromKeycloak [2 s]
{"@t":"2026-04-09T18:29:21.5646337Z","@mt":"User profile is available. Using '{FullName}' as key repository and Windows DPAPI to encrypt keys at rest.","FullName":"C:\\Users\\aliso\\AppData\\Local\\ASP.NET\\DataProtection-Keys","EventId":{"Id":63,"Name":"UsingProfileAsKeyRepositoryWithDPAPI"},"SourceContext":"Microsoft.AspNetCore.DataProtection.KeyManagement.XmlKeyManager"}
{"@t":"2026-04-09T18:29:21.5699100Z","@mt":"Application started. Press Ctrl+C to shut down.","SourceContext":"Microsoft.Hosting.Lifetime"}
{"@t":"2026-04-09T18:29:21.5699347Z","@mt":"Hosting environment: {EnvName}","EnvName":"Development","SourceContext":"Microsoft.Hosting.Lifetime"}
{"@t":"2026-04-09T18:29:21.5699396Z","@mt":"Content root path: {ContentRoot}","ContentRoot":"D:\\REPO\\keycloak-tests\\src\\Onboarding.API","SourceContext":"Microsoft.Hosting.Lifetime"}
{"@t":"2026-04-09T18:29:21.5712286Z","@mt":"Request starting {Protocol} {Method} {Scheme}://{Host}{PathBase}{Path}{QueryString} - {ContentType} {ContentLength}","@tr":"5a59acdbbd597b4955f498c570f9ac3a","@sp":"71c1a6211a39a314","Protocol":"HTTP/1.1","Method":"DELETE","ContentType":"application/json; charset=utf-8","ContentLength":null,"Scheme":"http","Host":"localhost","PathBase":"","Path":"/api/admin/users/aff3724a-6f75-4c59-91f5-9d9f7ed7e5bd","QueryString":"","EventId":{"Id":1},"SourceContext":"Microsoft.AspNetCore.Hosting.Diagnostics","RequestId":"0HNKMCNBM9IMU","RequestPath":"/api/admin/users/aff3724a-6f75-4c59-91f5-9d9f7ed7e5bd","SpanId":"71c1a6211a39a314","TraceId":"5a59acdbbd597b4955f498c570f9ac3a","ParentId":"0000000000000000"}
{"@t":"2026-04-09T18:29:24.2659735Z","@mt":"Executing endpoint '{EndpointName}'","@tr":"5a59acdbbd597b4955f498c570f9ac3a","@sp":"71c1a6211a39a314","EndpointName":"Onboarding.API.Controllers.AdminUserController.DeleteUser (Onboarding.API)","EventId":{"Name":"ExecutingEndpoint"},"SourceContext":"Microsoft.AspNetCore.Routing.EndpointMiddleware","RequestId":"0HNKMCNBM9IMU","RequestPath":"/api/admin/users/aff3724a-6f75-4c59-91f5-9d9f7ed7e5bd","SpanId":"71c1a6211a39a314","TraceId":"5a59acdbbd597b4955f498c570f9ac3a","ParentId":"0000000000000000"}
{"@t":"2026-04-09T18:29:24.2709836Z","@mt":"Route matched with {RouteData}. Executing controller action with signature {MethodInfo} on controller {Controller} ({AssemblyName}).","@tr":"5a59acdbbd597b4955f498c570f9ac3a","@sp":"71c1a6211a39a314","RouteData":"{action = \"DeleteUser\", controller = \"AdminUser\"}","MethodInfo":"System.Threading.Tasks.Task`1[Microsoft.AspNetCore.Mvc.IActionResult] DeleteUser(System.Guid, Onboarding.API.Controllers.DeleteUserRequest, System.Threading.CancellationToken)","Controller":"Onboarding.API.Controllers.AdminUserController","AssemblyName":"Onboarding.API","EventId":{"Id":102,"Name":"ControllerActionExecuting"},"SourceContext":"Microsoft.AspNetCore.Mvc.Infrastructure.ControllerActionInvoker","ActionId":"d7b2f866-16b7-4727-bf79-13b8113c988f","ActionName":"Onboarding.API.Controllers.AdminUserController.DeleteUser (Onboarding.API)","RequestId":"0HNKMCNBM9IMU","RequestPath":"/api/admin/users/aff3724a-6f75-4c59-91f5-9d9f7ed7e5bd","SpanId":"71c1a6211a39a314","TraceId":"5a59acdbbd597b4955f498c570f9ac3a","ParentId":"0000000000000000"}
{"@t":"2026-04-09T18:29:24.2719298Z","@mt":"Executing action method {ActionName} - Validation state: {ValidationState}","@tr":"5a59acdbbd597b4955f498c570f9ac3a","@sp":"71c1a6211a39a314","ActionName":"Onboarding.API.Controllers.AdminUserController.DeleteUser (Onboarding.API)","ValidationState":"Valid","EventId":{"Id":101,"Name":"ActionMethodExecuting"},"SourceContext":"Microsoft.AspNetCore.Mvc.Infrastructure.ControllerActionInvoker","ActionId":"d7b2f866-16b7-4727-bf79-13b8113c988f","RequestId":"0HNKMCNBM9IMU","RequestPath":"/api/admin/users/aff3724a-6f75-4c59-91f5-9d9f7ed7e5bd","SpanId":"71c1a6211a39a314","TraceId":"5a59acdbbd597b4955f498c570f9ac3a","ParentId":"0000000000000000"}
{"@t":"2026-04-09T18:29:24.2722199Z","@mt":"Executed action method {ActionName}, returned result {ActionResult} in {ElapsedMilliseconds}ms.","@tr":"5a59acdbbd597b4955f498c570f9ac3a","@sp":"71c1a6211a39a314","ActionName":"Onboarding.API.Controllers.AdminUserController.DeleteUser (Onboarding.API)","ActionResult":"Microsoft.AspNetCore.Mvc.BadRequestObjectResult","ElapsedMilliseconds":0.2478,"EventId":{"Id":103,"Name":"ActionMethodExecuted"},"SourceContext":"Microsoft.AspNetCore.Mvc.Infrastructure.ControllerActionInvoker","ActionId":"d7b2f866-16b7-4727-bf79-13b8113c988f","RequestId":"0HNKMCNBM9IMU","RequestPath":"/api/admin/users/aff3724a-6f75-4c59-91f5-9d9f7ed7e5bd","SpanId":"71c1a6211a39a314","TraceId":"5a59acdbbd597b4955f498c570f9ac3a","ParentId":"0000000000000000"}
{"@t":"2026-04-09T18:29:24.2733785Z","@mt":"Executed action {ActionName} in {ElapsedMilliseconds}ms","@tr":"5a59acdbbd597b4955f498c570f9ac3a","@sp":"71c1a6211a39a314","ActionName":"Onboarding.API.Controllers.AdminUserController.DeleteUser (Onboarding.API)","ElapsedMilliseconds":2.3514,"EventId":{"Id":105,"Name":"ActionExecuted"},"SourceContext":"Microsoft.AspNetCore.Mvc.Infrastructure.ControllerActionInvoker","RequestId":"0HNKMCNBM9IMU","RequestPath":"/api/admin/users/aff3724a-6f75-4c59-91f5-9d9f7ed7e5bd","SpanId":"71c1a6211a39a314","TraceId":"5a59acdbbd597b4955f498c570f9ac3a","ParentId":"0000000000000000"}
{"@t":"2026-04-09T18:29:24.2734086Z","@mt":"Executed endpoint '{EndpointName}'","@tr":"5a59acdbbd597b4955f498c570f9ac3a","@sp":"71c1a6211a39a314","EndpointName":"Onboarding.API.Controllers.AdminUserController.DeleteUser (Onboarding.API)","EventId":{"Id":1,"Name":"ExecutedEndpoint"},"SourceContext":"Microsoft.AspNetCore.Routing.EndpointMiddleware","RequestId":"0HNKMCNBM9IMU","RequestPath":"/api/admin/users/aff3724a-6f75-4c59-91f5-9d9f7ed7e5bd","SpanId":"71c1a6211a39a314","TraceId":"5a59acdbbd597b4955f498c570f9ac3a","ParentId":"0000000000000000"}
{"@t":"2026-04-09T18:29:24.2734604Z","@mt":"Request finished {Protocol} {Method} {Scheme}://{Host}{PathBase}{Path}{QueryString} - {StatusCode} {ContentLength} {ContentType} {ElapsedMilliseconds}ms","@tr":"5a59acdbbd597b4955f498c570f9ac3a","@sp":"71c1a6211a39a314","ElapsedMilliseconds":2702.3165,"StatusCode":400,"ContentType":"application/problem+json; charset=utf-8","ContentLength":null,"Protocol":"HTTP/1.1","Method":"DELETE","Scheme":"http","Host":"localhost","PathBase":"","Path":"/api/admin/users/aff3724a-6f75-4c59-91f5-9d9f7ed7e5bd","QueryString":"","EventId":{"Id":2},"SourceContext":"Microsoft.AspNetCore.Hosting.Diagnostics","RequestId":"0HNKMCNBM9IMU","RequestPath":"/api/admin/users/aff3724a-6f75-4c59-91f5-9d9f7ed7e5bd","SpanId":"71c1a6211a39a314","TraceId":"5a59acdbbd597b4955f498c570f9ac3a","ParentId":"0000000000000000"}
{"@t":"2026-04-09T18:29:24.2765539Z","@mt":"Application is shutting down...","SourceContext":"Microsoft.Hosting.Lifetime"}
[xUnit.net 00:00:40.78]       Shouldly.ShouldAssertException : response.StatusCode
[xUnit.net 00:00:40.78]           should be
[xUnit.net 00:00:40.78]       HttpStatusCode.Conflict
[xUnit.net 00:00:40.78]           but was
[xUnit.net 00:00:40.78]       HttpStatusCode.BadRequest
[xUnit.net 00:00:40.78]       Stack Trace:
[xUnit.net 00:00:40.78]         D:\REPO\keycloak-tests\tests\Onboarding.API.Tests\Admin\AdminUserDeleteTests.cs(135,0): at Onboarding.API.Tests.Admin.AdminUserDeleteTests.DeleteUser_AlreadyDeleted_ReturnsConflict()
[xUnit.net 00:00:40.78]            at System.Runtime.ExceptionServices.ExceptionDispatchInfo.Throw()
[xUnit.net 00:00:40.78]            at System.Runtime.CompilerServices.TaskAwaiter.HandleNonSuccessAndDebuggerNotification(Task task, ConfigureAwaitOptions options)
[xUnit.net 00:00:40.78]         --- End of stack trace from previous location ---
[xUnit.net 00:00:40.78]            at System.Runtime.ExceptionServices.ExceptionDispatchInfo.Throw()
[xUnit.net 00:00:40.78]            at System.Runtime.CompilerServices.TaskAwaiter.HandleNonSuccessAndDebuggerNotification(Task task, ConfigureAwaitOptions options)
[xUnit.net 00:00:40.78]            at System.Runtime.ExceptionServices.ExceptionDispatchInfo.Throw()
[xUnit.net 00:00:40.78]            at System.Runtime.CompilerServices.TaskAwaiter.HandleNonSuccessAndDebuggerNotification(Task task, ConfigureAwaitOptions options)
  Com falha Onboarding.API.Tests.Admin.AdminUserDeleteTests.DeleteUser_AlreadyDeleted_ReturnsConflict [2 s]
  Mensagem de erro:
   Shouldly.ShouldAssertException : response.StatusCode
    should be
HttpStatusCode.Conflict
    but was
HttpStatusCode.BadRequest
  Rastreamento de pilha:
     at Onboarding.API.Tests.Admin.AdminUserDeleteTests.DeleteUser_AlreadyDeleted_ReturnsConflict() in D:\REPO\keycloak-tests\tests\Onboarding.API.Tests\Admin\AdminUserDeleteTests.cs:line 135
   at System.Runtime.ExceptionServices.ExceptionDispatchInfo.Throw()
   at System.Runtime.CompilerServices.TaskAwaiter.HandleNonSuccessAndDebuggerNotification(Task task, ConfigureAwaitOptions options)
--- End of stack trace from previous location ---
   at System.Runtime.ExceptionServices.ExceptionDispatchInfo.Throw()
   at System.Runtime.CompilerServices.TaskAwaiter.HandleNonSuccessAndDebuggerNotification(Task task, ConfigureAwaitOptions options)
   at System.Runtime.ExceptionServices.ExceptionDispatchInfo.Throw()
   at System.Runtime.CompilerServices.TaskAwaiter.HandleNonSuccessAndDebuggerNotification(Task task, ConfigureAwaitOptions options)
{"@t":"2026-04-09T18:29:28.3811853Z","@mt":"User profile is available. Using '{FullName}' as key repository and Windows DPAPI to encrypt keys at rest.","FullName":"C:\\Users\\aliso\\AppData\\Local\\ASP.NET\\DataProtection-Keys","EventId":{"Id":63,"Name":"UsingProfileAsKeyRepositoryWithDPAPI"},"SourceContext":"Microsoft.AspNetCore.DataProtection.KeyManagement.XmlKeyManager"}
{"@t":"2026-04-09T18:29:28.3861946Z","@mt":"Application started. Press Ctrl+C to shut down.","SourceContext":"Microsoft.Hosting.Lifetime"}
{"@t":"2026-04-09T18:29:28.3862156Z","@mt":"Hosting environment: {EnvName}","EnvName":"Development","SourceContext":"Microsoft.Hosting.Lifetime"}
{"@t":"2026-04-09T18:29:28.3862193Z","@mt":"Content root path: {ContentRoot}","ContentRoot":"D:\\REPO\\keycloak-tests\\src\\Onboarding.API","SourceContext":"Microsoft.Hosting.Lifetime"}
{"@t":"2026-04-09T18:29:28.3879285Z","@mt":"Request starting {Protocol} {Method} {Scheme}://{Host}{PathBase}{Path}{QueryString} - {ContentType} {ContentLength}","@tr":"4014b2fafdc347f30398ee33c299843f","@sp":"3f884aff39a5a69e","Protocol":"HTTP/1.1","Method":"DELETE","ContentType":"application/json; charset=utf-8","ContentLength":null,"Scheme":"http","Host":"localhost","PathBase":"","Path":"/api/admin/users/47534325-ccbb-4aa7-91e4-043836db1867","QueryString":"","EventId":{"Id":1},"SourceContext":"Microsoft.AspNetCore.Hosting.Diagnostics","RequestId":"0HNKMCNBM9IMV","RequestPath":"/api/admin/users/47534325-ccbb-4aa7-91e4-043836db1867","SpanId":"3f884aff39a5a69e","TraceId":"4014b2fafdc347f30398ee33c299843f","ParentId":"0000000000000000"}
{"@t":"2026-04-09T18:29:31.0933731Z","@mt":"Executing endpoint '{EndpointName}'","@tr":"4014b2fafdc347f30398ee33c299843f","@sp":"3f884aff39a5a69e","EndpointName":"Onboarding.API.Controllers.AdminUserController.DeleteUser (Onboarding.API)","EventId":{"Name":"ExecutingEndpoint"},"SourceContext":"Microsoft.AspNetCore.Routing.EndpointMiddleware","RequestId":"0HNKMCNBM9IMV","RequestPath":"/api/admin/users/47534325-ccbb-4aa7-91e4-043836db1867","SpanId":"3f884aff39a5a69e","TraceId":"4014b2fafdc347f30398ee33c299843f","ParentId":"0000000000000000"}
{"@t":"2026-04-09T18:29:31.0985785Z","@mt":"Route matched with {RouteData}. Executing controller action with signature {MethodInfo} on controller {Controller} ({AssemblyName}).","@tr":"4014b2fafdc347f30398ee33c299843f","@sp":"3f884aff39a5a69e","RouteData":"{action = \"DeleteUser\", controller = \"AdminUser\"}","MethodInfo":"System.Threading.Tasks.Task`1[Microsoft.AspNetCore.Mvc.IActionResult] DeleteUser(System.Guid, Onboarding.API.Controllers.DeleteUserRequest, System.Threading.CancellationToken)","Controller":"Onboarding.API.Controllers.AdminUserController","AssemblyName":"Onboarding.API","EventId":{"Id":102,"Name":"ControllerActionExecuting"},"SourceContext":"Microsoft.AspNetCore.Mvc.Infrastructure.ControllerActionInvoker","ActionId":"c7b96df8-af70-4dfd-baa4-ae47ea443f5b","ActionName":"Onboarding.API.Controllers.AdminUserController.DeleteUser (Onboarding.API)","RequestId":"0HNKMCNBM9IMV","RequestPath":"/api/admin/users/47534325-ccbb-4aa7-91e4-043836db1867","SpanId":"3f884aff39a5a69e","TraceId":"4014b2fafdc347f30398ee33c299843f","ParentId":"0000000000000000"}
{"@t":"2026-04-09T18:29:31.0994464Z","@mt":"Executing action method {ActionName} - Validation state: {ValidationState}","@tr":"4014b2fafdc347f30398ee33c299843f","@sp":"3f884aff39a5a69e","ActionName":"Onboarding.API.Controllers.AdminUserController.DeleteUser (Onboarding.API)","ValidationState":"Valid","EventId":{"Id":101,"Name":"ActionMethodExecuting"},"SourceContext":"Microsoft.AspNetCore.Mvc.Infrastructure.ControllerActionInvoker","ActionId":"c7b96df8-af70-4dfd-baa4-ae47ea443f5b","RequestId":"0HNKMCNBM9IMV","RequestPath":"/api/admin/users/47534325-ccbb-4aa7-91e4-043836db1867","SpanId":"3f884aff39a5a69e","TraceId":"4014b2fafdc347f30398ee33c299843f","ParentId":"0000000000000000"}
{"@t":"2026-04-09T18:29:31.0997704Z","@mt":"Executed action method {ActionName}, returned result {ActionResult} in {ElapsedMilliseconds}ms.","@tr":"4014b2fafdc347f30398ee33c299843f","@sp":"3f884aff39a5a69e","ActionName":"Onboarding.API.Controllers.AdminUserController.DeleteUser (Onboarding.API)","ActionResult":"Microsoft.AspNetCore.Mvc.NoContentResult","ElapsedMilliseconds":0.2805,"EventId":{"Id":103,"Name":"ActionMethodExecuted"},"SourceContext":"Microsoft.AspNetCore.Mvc.Infrastructure.ControllerActionInvoker","ActionId":"c7b96df8-af70-4dfd-baa4-ae47ea443f5b","RequestId":"0HNKMCNBM9IMV","RequestPath":"/api/admin/users/47534325-ccbb-4aa7-91e4-043836db1867","SpanId":"3f884aff39a5a69e","TraceId":"4014b2fafdc347f30398ee33c299843f","ParentId":"0000000000000000"}
{"@t":"2026-04-09T18:29:31.0998667Z","@mt":"Executing StatusCodeResult, setting HTTP status code {StatusCode}","@tr":"4014b2fafdc347f30398ee33c299843f","@sp":"3f884aff39a5a69e","StatusCode":204,"EventId":{"Id":1,"Name":"HttpStatusCodeResultExecuting"},"SourceContext":"Microsoft.AspNetCore.Mvc.StatusCodeResult","ActionId":"c7b96df8-af70-4dfd-baa4-ae47ea443f5b","ActionName":"Onboarding.API.Controllers.AdminUserController.DeleteUser (Onboarding.API)","RequestId":"0HNKMCNBM9IMV","RequestPath":"/api/admin/users/47534325-ccbb-4aa7-91e4-043836db1867","SpanId":"3f884aff39a5a69e","TraceId":"4014b2fafdc347f30398ee33c299843f","ParentId":"0000000000000000"}
{"@t":"2026-04-09T18:29:31.0999009Z","@mt":"Executed action {ActionName} in {ElapsedMilliseconds}ms","@tr":"4014b2fafdc347f30398ee33c299843f","@sp":"3f884aff39a5a69e","ActionName":"Onboarding.API.Controllers.AdminUserController.DeleteUser (Onboarding.API)","ElapsedMilliseconds":1.2782,"EventId":{"Id":105,"Name":"ActionExecuted"},"SourceContext":"Microsoft.AspNetCore.Mvc.Infrastructure.ControllerActionInvoker","RequestId":"0HNKMCNBM9IMV","RequestPath":"/api/admin/users/47534325-ccbb-4aa7-91e4-043836db1867","SpanId":"3f884aff39a5a69e","TraceId":"4014b2fafdc347f30398ee33c299843f","ParentId":"0000000000000000"}
{"@t":"2026-04-09T18:29:31.0999214Z","@mt":"Executed endpoint '{EndpointName}'","@tr":"4014b2fafdc347f30398ee33c299843f","@sp":"3f884aff39a5a69e","EndpointName":"Onboarding.API.Controllers.AdminUserController.DeleteUser (Onboarding.API)","EventId":{"Id":1,"Name":"ExecutedEndpoint"},"SourceContext":"Microsoft.AspNetCore.Routing.EndpointMiddleware","RequestId":"0HNKMCNBM9IMV","RequestPath":"/api/admin/users/47534325-ccbb-4aa7-91e4-043836db1867","SpanId":"3f884aff39a5a69e","TraceId":"4014b2fafdc347f30398ee33c299843f","ParentId":"0000000000000000"}
{"@t":"2026-04-09T18:29:31.0999438Z","@mt":"HTTP {RequestMethod} {RequestPath} responded {StatusCode} in {Elapsed:0.0000} ms","@r":["2711.6510"],"@tr":"4014b2fafdc347f30398ee33c299843f","@sp":"3f884aff39a5a69e","RequestMethod":"DELETE","RequestPath":"/api/admin/users/47534325-ccbb-4aa7-91e4-043836db1867","StatusCode":204,"Elapsed":2711.651,"SourceContext":"Serilog.AspNetCore.RequestLoggingMiddleware","RequestId":"0HNKMCNBM9IMV","SpanId":"3f884aff39a5a69e","TraceId":"4014b2fafdc347f30398ee33c299843f","ParentId":"0000000000000000"}
{"@t":"2026-04-09T18:29:31.1003052Z","@mt":"Request finished {Protocol} {Method} {Scheme}://{Host}{PathBase}{Path}{QueryString} - {StatusCode} {ContentLength} {ContentType} {ElapsedMilliseconds}ms","@tr":"4014b2fafdc347f30398ee33c299843f","@sp":"3f884aff39a5a69e","ElapsedMilliseconds":2712.4197,"StatusCode":204,"ContentType":null,"ContentLength":null,"Protocol":"HTTP/1.1","Method":"DELETE","Scheme":"http","Host":"localhost","PathBase":"","Path":"/api/admin/users/47534325-ccbb-4aa7-91e4-043836db1867","QueryString":"","EventId":{"Id":2},"SourceContext":"Microsoft.AspNetCore.Hosting.Diagnostics","RequestId":"0HNKMCNBM9IMV","RequestPath":"/api/admin/users/47534325-ccbb-4aa7-91e4-043836db1867","SpanId":"3f884aff39a5a69e","TraceId":"4014b2fafdc347f30398ee33c299843f","ParentId":"0000000000000000"}
{"@t":"2026-04-09T18:29:31.1072336Z","@mt":"Application is shutting down...","SourceContext":"Microsoft.Hosting.Lifetime"}
[xUnit.net 00:00:43.52]       NSubstitute.Exceptions.ReceivedCallsException : Expected to receive exactly 1 call matching:
	AddAsync(log => (((((log.Action == "USER_DELETED") AndAlso (log.SnapshotBefore != null)) AndAlso log.SnapshotBefore.Contains("Joao Silva")) AndAlso (log.SnapshotAfter != null)) AndAlso log.SnapshotAfter.Contains("Usuário Excluído")), any CancellationToken)
[xUnit.net 00:00:43.52]       Actually received no matching calls.
[xUnit.net 00:00:43.52]       Received 1 non-matching call (non-matching arguments indicated with '*' characters):
[xUnit.net 00:00:43.52]       	AddAsync(*AuditLog*, System.Threading.CancellationToken)

[xUnit.net 00:00:43.52]       Stack Trace:
[xUnit.net 00:00:43.52]            at NSubstitute.Core.ReceivedCallsExceptionThrower.Throw(ICallSpecification callSpecification, IEnumerable`1 matchingCalls, IEnumerable`1 nonMatchingCalls, Quantity requiredQuantity)
[xUnit.net 00:00:43.52]            at NSubstitute.Routing.Handlers.CheckReceivedCallsHandler.Handle(ICall call)
[xUnit.net 00:00:43.52]            at NSubstitute.Routing.Route.Handle(ICall call)
[xUnit.net 00:00:43.52]            at NSubstitute.Core.CallRouter.Route(ICall call)
[xUnit.net 00:00:43.52]            at NSubstitute.Proxies.CastleDynamicProxy.CastleForwardingInterceptor.Intercept(IInvocation invocation)
[xUnit.net 00:00:43.52]            at Castle.DynamicProxy.AbstractInvocation.Proceed()
[xUnit.net 00:00:43.52]            at Castle.DynamicProxy.AbstractInvocation.Proceed()
[xUnit.net 00:00:43.52]            at Castle.Proxies.ObjectProxy_1.AddAsync(AuditLog log, CancellationToken ct)
[xUnit.net 00:00:43.52]         D:\REPO\keycloak-tests\tests\Onboarding.API.Tests\Admin\AdminUserDeleteTests.cs(196,0): at Onboarding.API.Tests.Admin.AdminUserDeleteTests.DeleteUser_AuditLogWithPiiSnapshot()
[xUnit.net 00:00:43.52]         --- End of stack trace from previous location ---
  Com falha Onboarding.API.Tests.Admin.AdminUserDeleteTests.DeleteUser_AuditLogWithPiiSnapshot [2 s]
  Mensagem de erro:
   NSubstitute.Exceptions.ReceivedCallsException : Expected to receive exactly 1 call matching:
	AddAsync(log => (((((log.Action == "USER_DELETED") AndAlso (log.SnapshotBefore != null)) AndAlso log.SnapshotBefore.Contains("Joao Silva")) AndAlso (log.SnapshotAfter != null)) AndAlso log.SnapshotAfter.Contains("Usuário Excluído")), any CancellationToken)
Actually received no matching calls.
Received 1 non-matching call (non-matching arguments indicated with '*' characters):
	AddAsync(*AuditLog*, System.Threading.CancellationToken)

  Rastreamento de pilha:
     at NSubstitute.Core.ReceivedCallsExceptionThrower.Throw(ICallSpecification callSpecification, IEnumerable`1 matchingCalls, IEnumerable`1 nonMatchingCalls, Quantity requiredQuantity)
   at NSubstitute.Routing.Handlers.CheckReceivedCallsHandler.Handle(ICall call)
   at NSubstitute.Routing.Route.Handle(ICall call)
   at NSubstitute.Core.CallRouter.Route(ICall call)
   at NSubstitute.Proxies.CastleDynamicProxy.CastleForwardingInterceptor.Intercept(IInvocation invocation)
   at Castle.DynamicProxy.AbstractInvocation.Proceed()
   at Castle.DynamicProxy.AbstractInvocation.Proceed()
   at Castle.Proxies.ObjectProxy_1.AddAsync(AuditLog log, CancellationToken ct)
   at Onboarding.API.Tests.Admin.AdminUserDeleteTests.DeleteUser_AuditLogWithPiiSnapshot() in D:\REPO\keycloak-tests\tests\Onboarding.API.Tests\Admin\AdminUserDeleteTests.cs:line 196
--- End of stack trace from previous location ---
{"@t":"2026-04-09T18:29:31.1171331Z","@mt":"User profile is available. Using '{FullName}' as key repository and Windows DPAPI to encrypt keys at rest.","FullName":"C:\\Users\\aliso\\AppData\\Local\\ASP.NET\\DataProtection-Keys","EventId":{"Id":63,"Name":"UsingProfileAsKeyRepositoryWithDPAPI"},"SourceContext":"Microsoft.AspNetCore.DataProtection.KeyManagement.XmlKeyManager"}
{"@t":"2026-04-09T18:29:31.1215698Z","@mt":"Application started. Press Ctrl+C to shut down.","SourceContext":"Microsoft.Hosting.Lifetime"}
{"@t":"2026-04-09T18:29:31.1215850Z","@mt":"Hosting environment: {EnvName}","EnvName":"Development","SourceContext":"Microsoft.Hosting.Lifetime"}
{"@t":"2026-04-09T18:29:31.1215895Z","@mt":"Content root path: {ContentRoot}","ContentRoot":"D:\\REPO\\keycloak-tests\\src\\Onboarding.API","SourceContext":"Microsoft.Hosting.Lifetime"}
{"@t":"2026-04-09T18:29:31.1229600Z","@mt":"Request starting {Protocol} {Method} {Scheme}://{Host}{PathBase}{Path}{QueryString} - {ContentType} {ContentLength}","@tr":"d5c193474a7ed13da9fc00d3f98c2212","@sp":"8523d1e3921726e7","Protocol":"HTTP/1.1","Method":"POST","ContentType":"application/json; charset=utf-8","ContentLength":32,"Scheme":"http","Host":"localhost","PathBase":"","Path":"/api/admin/users/8567d1bf-7501-46bb-b05c-9dfd66259207/delete","QueryString":"","EventId":{"Id":1},"SourceContext":"Microsoft.AspNetCore.Hosting.Diagnostics","RequestId":"0HNKMCNBM9IN0","RequestPath":"/api/admin/users/8567d1bf-7501-46bb-b05c-9dfd66259207/delete","SpanId":"8523d1e3921726e7","TraceId":"d5c193474a7ed13da9fc00d3f98c2212","ParentId":"0000000000000000"}
{"@t":"2026-04-09T18:29:33.8186896Z","@mt":"HTTP {RequestMethod} {RequestPath} responded {StatusCode} in {Elapsed:0.0000} ms","@r":["2695.3820"],"@tr":"d5c193474a7ed13da9fc00d3f98c2212","@sp":"8523d1e3921726e7","RequestMethod":"POST","RequestPath":"/api/admin/users/8567d1bf-7501-46bb-b05c-9dfd66259207/delete","StatusCode":404,"Elapsed":2695.382,"SourceContext":"Serilog.AspNetCore.RequestLoggingMiddleware","RequestId":"0HNKMCNBM9IN0","SpanId":"8523d1e3921726e7","TraceId":"d5c193474a7ed13da9fc00d3f98c2212","ParentId":"0000000000000000"}
{"@t":"2026-04-09T18:29:33.8190650Z","@mt":"Request finished {Protocol} {Method} {Scheme}://{Host}{PathBase}{Path}{QueryString} - {StatusCode} {ContentLength} {ContentType} {ElapsedMilliseconds}ms","@tr":"d5c193474a7ed13da9fc00d3f98c2212","@sp":"8523d1e3921726e7","ElapsedMilliseconds":2696.1579,"StatusCode":404,"ContentType":null,"ContentLength":null,"Protocol":"HTTP/1.1","Method":"POST","Scheme":"http","Host":"localhost","PathBase":"","Path":"/api/admin/users/8567d1bf-7501-46bb-b05c-9dfd66259207/delete","QueryString":"","EventId":{"Id":2},"SourceContext":"Microsoft.AspNetCore.Hosting.Diagnostics","RequestId":"0HNKMCNBM9IN0","RequestPath":"/api/admin/users/8567d1bf-7501-46bb-b05c-9dfd66259207/delete","SpanId":"8523d1e3921726e7","TraceId":"d5c193474a7ed13da9fc00d3f98c2212","ParentId":"0000000000000000"}
{"@t":"2026-04-09T18:29:33.8194877Z","@mt":"Request reached the end of the middleware pipeline without being handled by application code. Request path: {Method} {Scheme}://{Host}{PathBase}{Path}, Response status code: {StatusCode}","@tr":"d5c193474a7ed13da9fc00d3f98c2212","@sp":"8523d1e3921726e7","Method":"POST","Scheme":"http","Host":"localhost","PathBase":"","Path":"/api/admin/users/8567d1bf-7501-46bb-b05c-9dfd66259207/delete","StatusCode":404,"EventId":{"Id":16},"SourceContext":"Microsoft.AspNetCore.Hosting.Diagnostics","RequestId":"0HNKMCNBM9IN0","RequestPath":"/api/admin/users/8567d1bf-7501-46bb-b05c-9dfd66259207/delete","SpanId":"8523d1e3921726e7","TraceId":"d5c193474a7ed13da9fc00d3f98c2212","ParentId":"0000000000000000"}
{"@t":"2026-04-09T18:29:33.8198415Z","@mt":"Request starting {Protocol} {Method} {Scheme}://{Host}{PathBase}{Path}{QueryString} - {ContentType} {ContentLength}","@tr":"b2b4734e32ba951f548305be141c274a","@sp":"3217dea1969c6166","Protocol":"HTTP/1.1","Method":"DELETE","ContentType":"application/json; charset=utf-8","ContentLength":null,"Scheme":"http","Host":"localhost","PathBase":"","Path":"/api/admin/users/8567d1bf-7501-46bb-b05c-9dfd66259207","QueryString":"","EventId":{"Id":1},"SourceContext":"Microsoft.AspNetCore.Hosting.Diagnostics","RequestId":"0HNKMCNBM9IN1","RequestPath":"/api/admin/users/8567d1bf-7501-46bb-b05c-9dfd66259207","SpanId":"3217dea1969c6166","TraceId":"b2b4734e32ba951f548305be141c274a","ParentId":"0000000000000000"}
{"@t":"2026-04-09T18:29:36.5134487Z","@mt":"Executing endpoint '{EndpointName}'","@tr":"b2b4734e32ba951f548305be141c274a","@sp":"3217dea1969c6166","EndpointName":"Onboarding.API.Controllers.AdminUserController.DeleteUser (Onboarding.API)","EventId":{"Name":"ExecutingEndpoint"},"SourceContext":"Microsoft.AspNetCore.Routing.EndpointMiddleware","RequestId":"0HNKMCNBM9IN1","RequestPath":"/api/admin/users/8567d1bf-7501-46bb-b05c-9dfd66259207","SpanId":"3217dea1969c6166","TraceId":"b2b4734e32ba951f548305be141c274a","ParentId":"0000000000000000"}
{"@t":"2026-04-09T18:29:36.5181344Z","@mt":"Route matched with {RouteData}. Executing controller action with signature {MethodInfo} on controller {Controller} ({AssemblyName}).","@tr":"b2b4734e32ba951f548305be141c274a","@sp":"3217dea1969c6166","RouteData":"{action = \"DeleteUser\", controller = \"AdminUser\"}","MethodInfo":"System.Threading.Tasks.Task`1[Microsoft.AspNetCore.Mvc.IActionResult] DeleteUser(System.Guid, Onboarding.API.Controllers.DeleteUserRequest, System.Threading.CancellationToken)","Controller":"Onboarding.API.Controllers.AdminUserController","AssemblyName":"Onboarding.API","EventId":{"Id":102,"Name":"ControllerActionExecuting"},"SourceContext":"Microsoft.AspNetCore.Mvc.Infrastructure.ControllerActionInvoker","ActionId":"ad8ac4e0-2576-4f38-9d36-3700c51dcd59","ActionName":"Onboarding.API.Controllers.AdminUserController.DeleteUser (Onboarding.API)","RequestId":"0HNKMCNBM9IN1","RequestPath":"/api/admin/users/8567d1bf-7501-46bb-b05c-9dfd66259207","SpanId":"3217dea1969c6166","TraceId":"b2b4734e32ba951f548305be141c274a","ParentId":"0000000000000000"}
{"@t":"2026-04-09T18:29:36.5189905Z","@mt":"Executing action method {ActionName} - Validation state: {ValidationState}","@tr":"b2b4734e32ba951f548305be141c274a","@sp":"3217dea1969c6166","ActionName":"Onboarding.API.Controllers.AdminUserController.DeleteUser (Onboarding.API)","ValidationState":"Valid","EventId":{"Id":101,"Name":"ActionMethodExecuting"},"SourceContext":"Microsoft.AspNetCore.Mvc.Infrastructure.ControllerActionInvoker","ActionId":"ad8ac4e0-2576-4f38-9d36-3700c51dcd59","RequestId":"0HNKMCNBM9IN1","RequestPath":"/api/admin/users/8567d1bf-7501-46bb-b05c-9dfd66259207","SpanId":"3217dea1969c6166","TraceId":"b2b4734e32ba951f548305be141c274a","ParentId":"0000000000000000"}
{"@t":"2026-04-09T18:29:36.5193389Z","@mt":"Executed action method {ActionName}, returned result {ActionResult} in {ElapsedMilliseconds}ms.","@tr":"b2b4734e32ba951f548305be141c274a","@sp":"3217dea1969c6166","ActionName":"Onboarding.API.Controllers.AdminUserController.DeleteUser (Onboarding.API)","ActionResult":"Microsoft.AspNetCore.Mvc.NoContentResult","ElapsedMilliseconds":0.3179,"EventId":{"Id":103,"Name":"ActionMethodExecuted"},"SourceContext":"Microsoft.AspNetCore.Mvc.Infrastructure.ControllerActionInvoker","ActionId":"ad8ac4e0-2576-4f38-9d36-3700c51dcd59","RequestId":"0HNKMCNBM9IN1","RequestPath":"/api/admin/users/8567d1bf-7501-46bb-b05c-9dfd66259207","SpanId":"3217dea1969c6166","TraceId":"b2b4734e32ba951f548305be141c274a","ParentId":"0000000000000000"}
{"@t":"2026-04-09T18:29:36.5193892Z","@mt":"Executed action {ActionName} in {ElapsedMilliseconds}ms","@tr":"b2b4734e32ba951f548305be141c274a","@sp":"3217dea1969c6166","ActionName":"Onboarding.API.Controllers.AdminUserController.DeleteUser (Onboarding.API)","ElapsedMilliseconds":1.2134,"EventId":{"Id":105,"Name":"ActionExecuted"},"SourceContext":"Microsoft.AspNetCore.Mvc.Infrastructure.ControllerActionInvoker","RequestId":"0HNKMCNBM9IN1","RequestPath":"/api/admin/users/8567d1bf-7501-46bb-b05c-9dfd66259207","SpanId":"3217dea1969c6166","TraceId":"b2b4734e32ba951f548305be141c274a","ParentId":"0000000000000000"}
{"@t":"2026-04-09T18:29:36.5194070Z","@mt":"Executed endpoint '{EndpointName}'","@tr":"b2b4734e32ba951f548305be141c274a","@sp":"3217dea1969c6166","EndpointName":"Onboarding.API.Controllers.AdminUserController.DeleteUser (Onboarding.API)","EventId":{"Id":1,"Name":"ExecutedEndpoint"},"SourceContext":"Microsoft.AspNetCore.Routing.EndpointMiddleware","RequestId":"0HNKMCNBM9IN1","RequestPath":"/api/admin/users/8567d1bf-7501-46bb-b05c-9dfd66259207","SpanId":"3217dea1969c6166","TraceId":"b2b4734e32ba951f548305be141c274a","ParentId":"0000000000000000"}
{"@t":"2026-04-09T18:29:36.5195426Z","@mt":"Request finished {Protocol} {Method} {Scheme}://{Host}{PathBase}{Path}{QueryString} - {StatusCode} {ContentLength} {ContentType} {ElapsedMilliseconds}ms","@tr":"b2b4734e32ba951f548305be141c274a","@sp":"3217dea1969c6166","ElapsedMilliseconds":2699.6868,"StatusCode":204,"ContentType":null,"ContentLength":null,"Protocol":"HTTP/1.1","Method":"DELETE","Scheme":"http","Host":"localhost","PathBase":"","Path":"/api/admin/users/8567d1bf-7501-46bb-b05c-9dfd66259207","QueryString":"","EventId":{"Id":2},"SourceContext":"Microsoft.AspNetCore.Hosting.Diagnostics","RequestId":"0HNKMCNBM9IN1","RequestPath":"/api/admin/users/8567d1bf-7501-46bb-b05c-9dfd66259207","SpanId":"3217dea1969c6166","TraceId":"b2b4734e32ba951f548305be141c274a","ParentId":"0000000000000000"}
{"@t":"2026-04-09T18:29:36.5209535Z","@mt":"Application is shutting down...","SourceContext":"Microsoft.Hosting.Lifetime"}
  Aprovado Onboarding.API.Tests.Admin.AdminUserDeleteTests.DeleteUser_CorrectEmail_ReturnsNoContent_PiiScrubbed [5 s]
{"@t":"2026-04-09T18:29:36.5296202Z","@mt":"User profile is available. Using '{FullName}' as key repository and Windows DPAPI to encrypt keys at rest.","FullName":"C:\\Users\\aliso\\AppData\\Local\\ASP.NET\\DataProtection-Keys","EventId":{"Id":63,"Name":"UsingProfileAsKeyRepositoryWithDPAPI"},"SourceContext":"Microsoft.AspNetCore.DataProtection.KeyManagement.XmlKeyManager"}
{"@t":"2026-04-09T18:29:36.5337143Z","@mt":"Application started. Press Ctrl+C to shut down.","SourceContext":"Microsoft.Hosting.Lifetime"}
{"@t":"2026-04-09T18:29:36.5337323Z","@mt":"Hosting environment: {EnvName}","EnvName":"Development","SourceContext":"Microsoft.Hosting.Lifetime"}
{"@t":"2026-04-09T18:29:36.5337365Z","@mt":"Content root path: {ContentRoot}","ContentRoot":"D:\\REPO\\keycloak-tests\\src\\Onboarding.API","SourceContext":"Microsoft.Hosting.Lifetime"}
{"@t":"2026-04-09T18:29:36.5348933Z","@mt":"Request starting {Protocol} {Method} {Scheme}://{Host}{PathBase}{Path}{QueryString} - {ContentType} {ContentLength}","@tr":"0eb19b0ab64a4876fa28f1117948dc84","@sp":"eda4de7a5c13a35f","Protocol":"HTTP/1.1","Method":"DELETE","ContentType":"application/json; charset=utf-8","ContentLength":null,"Scheme":"http","Host":"localhost","PathBase":"","Path":"/api/admin/users/ba636ad7-c50c-43b4-8573-ccf06bc0c339","QueryString":"","EventId":{"Id":1},"SourceContext":"Microsoft.AspNetCore.Hosting.Diagnostics","RequestId":"0HNKMCNBM9IN2","RequestPath":"/api/admin/users/ba636ad7-c50c-43b4-8573-ccf06bc0c339","SpanId":"eda4de7a5c13a35f","TraceId":"0eb19b0ab64a4876fa28f1117948dc84","ParentId":"0000000000000000"}
{"@t":"2026-04-09T18:29:39.2459723Z","@mt":"Executing endpoint '{EndpointName}'","@tr":"0eb19b0ab64a4876fa28f1117948dc84","@sp":"eda4de7a5c13a35f","EndpointName":"Onboarding.API.Controllers.AdminUserController.DeleteUser (Onboarding.API)","EventId":{"Name":"ExecutingEndpoint"},"SourceContext":"Microsoft.AspNetCore.Routing.EndpointMiddleware","RequestId":"0HNKMCNBM9IN2","RequestPath":"/api/admin/users/ba636ad7-c50c-43b4-8573-ccf06bc0c339","SpanId":"eda4de7a5c13a35f","TraceId":"0eb19b0ab64a4876fa28f1117948dc84","ParentId":"0000000000000000"}
{"@t":"2026-04-09T18:29:39.2515998Z","@mt":"Route matched with {RouteData}. Executing controller action with signature {MethodInfo} on controller {Controller} ({AssemblyName}).","@tr":"0eb19b0ab64a4876fa28f1117948dc84","@sp":"eda4de7a5c13a35f","RouteData":"{action = \"DeleteUser\", controller = \"AdminUser\"}","MethodInfo":"System.Threading.Tasks.Task`1[Microsoft.AspNetCore.Mvc.IActionResult] DeleteUser(System.Guid, Onboarding.API.Controllers.DeleteUserRequest, System.Threading.CancellationToken)","Controller":"Onboarding.API.Controllers.AdminUserController","AssemblyName":"Onboarding.API","EventId":{"Id":102,"Name":"ControllerActionExecuting"},"SourceContext":"Microsoft.AspNetCore.Mvc.Infrastructure.ControllerActionInvoker","ActionId":"4b20ee53-9db8-44e2-945c-f848bb1e1918","ActionName":"Onboarding.API.Controllers.AdminUserController.DeleteUser (Onboarding.API)","RequestId":"0HNKMCNBM9IN2","RequestPath":"/api/admin/users/ba636ad7-c50c-43b4-8573-ccf06bc0c339","SpanId":"eda4de7a5c13a35f","TraceId":"0eb19b0ab64a4876fa28f1117948dc84","ParentId":"0000000000000000"}
{"@t":"2026-04-09T18:29:39.2526274Z","@mt":"Executing action method {ActionName} - Validation state: {ValidationState}","@tr":"0eb19b0ab64a4876fa28f1117948dc84","@sp":"eda4de7a5c13a35f","ActionName":"Onboarding.API.Controllers.AdminUserController.DeleteUser (Onboarding.API)","ValidationState":"Valid","EventId":{"Id":101,"Name":"ActionMethodExecuting"},"SourceContext":"Microsoft.AspNetCore.Mvc.Infrastructure.ControllerActionInvoker","ActionId":"4b20ee53-9db8-44e2-945c-f848bb1e1918","RequestId":"0HNKMCNBM9IN2","RequestPath":"/api/admin/users/ba636ad7-c50c-43b4-8573-ccf06bc0c339","SpanId":"eda4de7a5c13a35f","TraceId":"0eb19b0ab64a4876fa28f1117948dc84","ParentId":"0000000000000000"}
{"@t":"2026-04-09T18:29:39.2527551Z","@mt":"Executed action method {ActionName}, returned result {ActionResult} in {ElapsedMilliseconds}ms.","@tr":"0eb19b0ab64a4876fa28f1117948dc84","@sp":"eda4de7a5c13a35f","ActionName":"Onboarding.API.Controllers.AdminUserController.DeleteUser (Onboarding.API)","ActionResult":"Microsoft.AspNetCore.Mvc.NotFoundObjectResult","ElapsedMilliseconds":0.0894,"EventId":{"Id":103,"Name":"ActionMethodExecuted"},"SourceContext":"Microsoft.AspNetCore.Mvc.Infrastructure.ControllerActionInvoker","ActionId":"4b20ee53-9db8-44e2-945c-f848bb1e1918","RequestId":"0HNKMCNBM9IN2","RequestPath":"/api/admin/users/ba636ad7-c50c-43b4-8573-ccf06bc0c339","SpanId":"eda4de7a5c13a35f","TraceId":"0eb19b0ab64a4876fa28f1117948dc84","ParentId":"0000000000000000"}
{"@t":"2026-04-09T18:29:39.2529346Z","@mt":"Executing {ObjectResultType}, writing value of type '{Type}'.","@tr":"0eb19b0ab64a4876fa28f1117948dc84","@sp":"eda4de7a5c13a35f","ObjectResultType":"NotFoundObjectResult","Type":"Microsoft.AspNetCore.Mvc.ProblemDetails","EventId":{"Id":1,"Name":"ObjectResultExecuting"},"SourceContext":"Microsoft.AspNetCore.Mvc.Infrastructure.ObjectResultExecutor","ActionId":"4b20ee53-9db8-44e2-945c-f848bb1e1918","ActionName":"Onboarding.API.Controllers.AdminUserController.DeleteUser (Onboarding.API)","RequestId":"0HNKMCNBM9IN2","RequestPath":"/api/admin/users/ba636ad7-c50c-43b4-8573-ccf06bc0c339","SpanId":"eda4de7a5c13a35f","TraceId":"0eb19b0ab64a4876fa28f1117948dc84","ParentId":"0000000000000000"}
{"@t":"2026-04-09T18:29:39.2541500Z","@mt":"Executed action {ActionName} in {ElapsedMilliseconds}ms","@tr":"0eb19b0ab64a4876fa28f1117948dc84","@sp":"eda4de7a5c13a35f","ActionName":"Onboarding.API.Controllers.AdminUserController.DeleteUser (Onboarding.API)","ElapsedMilliseconds":2.4977,"EventId":{"Id":105,"Name":"ActionExecuted"},"SourceContext":"Microsoft.AspNetCore.Mvc.Infrastructure.ControllerActionInvoker","RequestId":"0HNKMCNBM9IN2","RequestPath":"/api/admin/users/ba636ad7-c50c-43b4-8573-ccf06bc0c339","SpanId":"eda4de7a5c13a35f","TraceId":"0eb19b0ab64a4876fa28f1117948dc84","ParentId":"0000000000000000"}
{"@t":"2026-04-09T18:29:39.2541907Z","@mt":"Executed endpoint '{EndpointName}'","@tr":"0eb19b0ab64a4876fa28f1117948dc84","@sp":"eda4de7a5c13a35f","EndpointName":"Onboarding.API.Controllers.AdminUserController.DeleteUser (Onboarding.API)","EventId":{"Id":1,"Name":"ExecutedEndpoint"},"SourceContext":"Microsoft.AspNetCore.Routing.EndpointMiddleware","RequestId":"0HNKMCNBM9IN2","RequestPath":"/api/admin/users/ba636ad7-c50c-43b4-8573-ccf06bc0c339","SpanId":"eda4de7a5c13a35f","TraceId":"0eb19b0ab64a4876fa28f1117948dc84","ParentId":"0000000000000000"}
{"@t":"2026-04-09T18:29:39.2542673Z","@mt":"HTTP {RequestMethod} {RequestPath} responded {StatusCode} in {Elapsed:0.0000} ms","@r":["2718.9919"],"@tr":"0eb19b0ab64a4876fa28f1117948dc84","@sp":"eda4de7a5c13a35f","RequestMethod":"DELETE","RequestPath":"/api/admin/users/ba636ad7-c50c-43b4-8573-ccf06bc0c339","StatusCode":404,"Elapsed":2718.9919,"SourceContext":"Serilog.AspNetCore.RequestLoggingMiddleware","RequestId":"0HNKMCNBM9IN2","SpanId":"eda4de7a5c13a35f","TraceId":"0eb19b0ab64a4876fa28f1117948dc84","ParentId":"0000000000000000"}
{"@t":"2026-04-09T18:29:39.2543916Z","@mt":"Request finished {Protocol} {Method} {Scheme}://{Host}{PathBase}{Path}{QueryString} - {StatusCode} {ContentLength} {ContentType} {ElapsedMilliseconds}ms","@tr":"0eb19b0ab64a4876fa28f1117948dc84","@sp":"eda4de7a5c13a35f","ElapsedMilliseconds":2719.5316,"StatusCode":404,"ContentType":"application/problem+json; charset=utf-8","ContentLength":null,"Protocol":"HTTP/1.1","Method":"DELETE","Scheme":"http","Host":"localhost","PathBase":"","Path":"/api/admin/users/ba636ad7-c50c-43b4-8573-ccf06bc0c339","QueryString":"","EventId":{"Id":2},"SourceContext":"Microsoft.AspNetCore.Hosting.Diagnostics","RequestId":"0HNKMCNBM9IN2","RequestPath":"/api/admin/users/ba636ad7-c50c-43b4-8573-ccf06bc0c339","SpanId":"eda4de7a5c13a35f","TraceId":"0eb19b0ab64a4876fa28f1117948dc84","ParentId":"0000000000000000"}
{"@t":"2026-04-09T18:29:39.2555218Z","@mt":"Application is shutting down...","SourceContext":"Microsoft.Hosting.Lifetime"}
  Aprovado Onboarding.API.Tests.Admin.AdminUserDeleteTests.DeleteUser_NonExistentId_ReturnsNotFound [2 s]
{"@t":"2026-04-09T18:29:39.2648957Z","@mt":"User profile is available. Using '{FullName}' as key repository and Windows DPAPI to encrypt keys at rest.","FullName":"C:\\Users\\aliso\\AppData\\Local\\ASP.NET\\DataProtection-Keys","EventId":{"Id":63,"Name":"UsingProfileAsKeyRepositoryWithDPAPI"},"SourceContext":"Microsoft.AspNetCore.DataProtection.KeyManagement.XmlKeyManager"}
{"@t":"2026-04-09T18:29:39.2700907Z","@mt":"Application started. Press Ctrl+C to shut down.","SourceContext":"Microsoft.Hosting.Lifetime"}
{"@t":"2026-04-09T18:29:39.2701189Z","@mt":"Hosting environment: {EnvName}","EnvName":"Development","SourceContext":"Microsoft.Hosting.Lifetime"}
{"@t":"2026-04-09T18:29:39.2701229Z","@mt":"Content root path: {ContentRoot}","ContentRoot":"D:\\REPO\\keycloak-tests\\src\\Onboarding.API","SourceContext":"Microsoft.Hosting.Lifetime"}
{"@t":"2026-04-09T18:29:39.2710709Z","@mt":"Request starting {Protocol} {Method} {Scheme}://{Host}{PathBase}{Path}{QueryString} - {ContentType} {ContentLength}","@tr":"14d15e9953e7053a37fbe4b3acd7b40a","@sp":"ca089776c642155e","Protocol":"HTTP/1.1","Method":"DELETE","ContentType":"application/json; charset=utf-8","ContentLength":null,"Scheme":"http","Host":"localhost","PathBase":"","Path":"/api/admin/users/ef2da3a6-3a5f-47da-ba44-b657790ed7ca","QueryString":"","EventId":{"Id":1},"SourceContext":"Microsoft.AspNetCore.Hosting.Diagnostics","RequestId":"0HNKMCNBM9IN3","RequestPath":"/api/admin/users/ef2da3a6-3a5f-47da-ba44-b657790ed7ca","SpanId":"ca089776c642155e","TraceId":"14d15e9953e7053a37fbe4b3acd7b40a","ParentId":"0000000000000000"}
{"@t":"2026-04-09T18:29:41.9786565Z","@mt":"Executing endpoint '{EndpointName}'","@tr":"14d15e9953e7053a37fbe4b3acd7b40a","@sp":"ca089776c642155e","EndpointName":"Onboarding.API.Controllers.AdminUserController.DeleteUser (Onboarding.API)","EventId":{"Name":"ExecutingEndpoint"},"SourceContext":"Microsoft.AspNetCore.Routing.EndpointMiddleware","RequestId":"0HNKMCNBM9IN3","RequestPath":"/api/admin/users/ef2da3a6-3a5f-47da-ba44-b657790ed7ca","SpanId":"ca089776c642155e","TraceId":"14d15e9953e7053a37fbe4b3acd7b40a","ParentId":"0000000000000000"}
{"@t":"2026-04-09T18:29:41.9842014Z","@mt":"Route matched with {RouteData}. Executing controller action with signature {MethodInfo} on controller {Controller} ({AssemblyName}).","@tr":"14d15e9953e7053a37fbe4b3acd7b40a","@sp":"ca089776c642155e","RouteData":"{action = \"DeleteUser\", controller = \"AdminUser\"}","MethodInfo":"System.Threading.Tasks.Task`1[Microsoft.AspNetCore.Mvc.IActionResult] DeleteUser(System.Guid, Onboarding.API.Controllers.DeleteUserRequest, System.Threading.CancellationToken)","Controller":"Onboarding.API.Controllers.AdminUserController","AssemblyName":"Onboarding.API","EventId":{"Id":102,"Name":"ControllerActionExecuting"},"SourceContext":"Microsoft.AspNetCore.Mvc.Infrastructure.ControllerActionInvoker","ActionId":"03c514c9-9b5c-4dd2-a8a1-572590b010a4","ActionName":"Onboarding.API.Controllers.AdminUserController.DeleteUser (Onboarding.API)","RequestId":"0HNKMCNBM9IN3","RequestPath":"/api/admin/users/ef2da3a6-3a5f-47da-ba44-b657790ed7ca","SpanId":"ca089776c642155e","TraceId":"14d15e9953e7053a37fbe4b3acd7b40a","ParentId":"0000000000000000"}
{"@t":"2026-04-09T18:29:41.9853652Z","@mt":"Executing action method {ActionName} - Validation state: {ValidationState}","@tr":"14d15e9953e7053a37fbe4b3acd7b40a","@sp":"ca089776c642155e","ActionName":"Onboarding.API.Controllers.AdminUserController.DeleteUser (Onboarding.API)","ValidationState":"Valid","EventId":{"Id":101,"Name":"ActionMethodExecuting"},"SourceContext":"Microsoft.AspNetCore.Mvc.Infrastructure.ControllerActionInvoker","ActionId":"03c514c9-9b5c-4dd2-a8a1-572590b010a4","RequestId":"0HNKMCNBM9IN3","RequestPath":"/api/admin/users/ef2da3a6-3a5f-47da-ba44-b657790ed7ca","SpanId":"ca089776c642155e","TraceId":"14d15e9953e7053a37fbe4b3acd7b40a","ParentId":"0000000000000000"}
{"@t":"2026-04-09T18:29:41.9855799Z","@mt":"Executed action method {ActionName}, returned result {ActionResult} in {ElapsedMilliseconds}ms.","@tr":"14d15e9953e7053a37fbe4b3acd7b40a","@sp":"ca089776c642155e","ActionName":"Onboarding.API.Controllers.AdminUserController.DeleteUser (Onboarding.API)","ActionResult":"Microsoft.AspNetCore.Mvc.BadRequestObjectResult","ElapsedMilliseconds":0.1409,"EventId":{"Id":103,"Name":"ActionMethodExecuted"},"SourceContext":"Microsoft.AspNetCore.Mvc.Infrastructure.ControllerActionInvoker","ActionId":"03c514c9-9b5c-4dd2-a8a1-572590b010a4","RequestId":"0HNKMCNBM9IN3","RequestPath":"/api/admin/users/ef2da3a6-3a5f-47da-ba44-b657790ed7ca","SpanId":"ca089776c642155e","TraceId":"14d15e9953e7053a37fbe4b3acd7b40a","ParentId":"0000000000000000"}
{"@t":"2026-04-09T18:29:41.9868872Z","@mt":"Executed action {ActionName} in {ElapsedMilliseconds}ms","@tr":"14d15e9953e7053a37fbe4b3acd7b40a","@sp":"ca089776c642155e","ActionName":"Onboarding.API.Controllers.AdminUserController.DeleteUser (Onboarding.API)","ElapsedMilliseconds":2.6369,"EventId":{"Id":105,"Name":"ActionExecuted"},"SourceContext":"Microsoft.AspNetCore.Mvc.Infrastructure.ControllerActionInvoker","RequestId":"0HNKMCNBM9IN3","RequestPath":"/api/admin/users/ef2da3a6-3a5f-47da-ba44-b657790ed7ca","SpanId":"ca089776c642155e","TraceId":"14d15e9953e7053a37fbe4b3acd7b40a","ParentId":"0000000000000000"}
{"@t":"2026-04-09T18:29:41.9869207Z","@mt":"Executed endpoint '{EndpointName}'","@tr":"14d15e9953e7053a37fbe4b3acd7b40a","@sp":"ca089776c642155e","EndpointName":"Onboarding.API.Controllers.AdminUserController.DeleteUser (Onboarding.API)","EventId":{"Id":1,"Name":"ExecutedEndpoint"},"SourceContext":"Microsoft.AspNetCore.Routing.EndpointMiddleware","RequestId":"0HNKMCNBM9IN3","RequestPath":"/api/admin/users/ef2da3a6-3a5f-47da-ba44-b657790ed7ca","SpanId":"ca089776c642155e","TraceId":"14d15e9953e7053a37fbe4b3acd7b40a","ParentId":"0000000000000000"}
{"@t":"2026-04-09T18:29:41.9869699Z","@mt":"Request finished {Protocol} {Method} {Scheme}://{Host}{PathBase}{Path}{QueryString} - {StatusCode} {ContentLength} {ContentType} {ElapsedMilliseconds}ms","@tr":"14d15e9953e7053a37fbe4b3acd7b40a","@sp":"ca089776c642155e","ElapsedMilliseconds":2715.968,"StatusCode":400,"ContentType":"application/problem+json; charset=utf-8","ContentLength":null,"Protocol":"HTTP/1.1","Method":"DELETE","Scheme":"http","Host":"localhost","PathBase":"","Path":"/api/admin/users/ef2da3a6-3a5f-47da-ba44-b657790ed7ca","QueryString":"","EventId":{"Id":2},"SourceContext":"Microsoft.AspNetCore.Hosting.Diagnostics","RequestId":"0HNKMCNBM9IN3","RequestPath":"/api/admin/users/ef2da3a6-3a5f-47da-ba44-b657790ed7ca","SpanId":"ca089776c642155e","TraceId":"14d15e9953e7053a37fbe4b3acd7b40a","ParentId":"0000000000000000"}
{"@t":"2026-04-09T18:29:41.9880408Z","@mt":"Application is shutting down...","SourceContext":"Microsoft.Hosting.Lifetime"}
  Aprovado Onboarding.API.Tests.Admin.AdminUserDeleteTests.DeleteUser_WrongEmail_ReturnsBadRequest [2 s]
{"@t":"2026-04-09T18:29:41.9970770Z","@mt":"User profile is available. Using '{FullName}' as key repository and Windows DPAPI to encrypt keys at rest.","FullName":"C:\\Users\\aliso\\AppData\\Local\\ASP.NET\\DataProtection-Keys","EventId":{"Id":63,"Name":"UsingProfileAsKeyRepositoryWithDPAPI"},"SourceContext":"Microsoft.AspNetCore.DataProtection.KeyManagement.XmlKeyManager"}
{"@t":"2026-04-09T18:29:42.0024918Z","@mt":"Application started. Press Ctrl+C to shut down.","SourceContext":"Microsoft.Hosting.Lifetime"}
{"@t":"2026-04-09T18:29:42.0025134Z","@mt":"Hosting environment: {EnvName}","EnvName":"Development","SourceContext":"Microsoft.Hosting.Lifetime"}
{"@t":"2026-04-09T18:29:42.0025173Z","@mt":"Content root path: {ContentRoot}","ContentRoot":"D:\\REPO\\keycloak-tests\\src\\Onboarding.API","SourceContext":"Microsoft.Hosting.Lifetime"}
{"@t":"2026-04-09T18:29:42.0037934Z","@mt":"Request starting {Protocol} {Method} {Scheme}://{Host}{PathBase}{Path}{QueryString} - {ContentType} {ContentLength}","@tr":"1104e720108ab5026329f6fb5d7d474f","@sp":"1ecb581e295f5d38","Protocol":"HTTP/1.1","Method":"POST","ContentType":null,"ContentLength":null,"Scheme":"http","Host":"localhost","PathBase":"","Path":"/api/admin/users/35baa75c-0d40-4d9f-a37b-560a6875ee7f/block","QueryString":"","EventId":{"Id":1},"SourceContext":"Microsoft.AspNetCore.Hosting.Diagnostics","RequestId":"0HNKMCNBM9IN4","RequestPath":"/api/admin/users/35baa75c-0d40-4d9f-a37b-560a6875ee7f/block","SpanId":"1ecb581e295f5d38","TraceId":"1104e720108ab5026329f6fb5d7d474f","ParentId":"0000000000000000"}
{"@t":"2026-04-09T18:29:44.7072298Z","@mt":"Executing endpoint '{EndpointName}'","@tr":"1104e720108ab5026329f6fb5d7d474f","@sp":"1ecb581e295f5d38","EndpointName":"Onboarding.API.Controllers.AdminUserController.BlockUser (Onboarding.API)","EventId":{"Name":"ExecutingEndpoint"},"SourceContext":"Microsoft.AspNetCore.Routing.EndpointMiddleware","RequestId":"0HNKMCNBM9IN4","RequestPath":"/api/admin/users/35baa75c-0d40-4d9f-a37b-560a6875ee7f/block","SpanId":"1ecb581e295f5d38","TraceId":"1104e720108ab5026329f6fb5d7d474f","ParentId":"0000000000000000"}
{"@t":"2026-04-09T18:29:44.7111898Z","@mt":"Route matched with {RouteData}. Executing controller action with signature {MethodInfo} on controller {Controller} ({AssemblyName}).","@tr":"1104e720108ab5026329f6fb5d7d474f","@sp":"1ecb581e295f5d38","RouteData":"{action = \"BlockUser\", controller = \"AdminUser\"}","MethodInfo":"System.Threading.Tasks.Task`1[Microsoft.AspNetCore.Mvc.IActionResult] BlockUser(System.Guid, System.Threading.CancellationToken)","Controller":"Onboarding.API.Controllers.AdminUserController","AssemblyName":"Onboarding.API","EventId":{"Id":102,"Name":"ControllerActionExecuting"},"SourceContext":"Microsoft.AspNetCore.Mvc.Infrastructure.ControllerActionInvoker","ActionId":"612f1d52-894c-427d-8036-3649ccd5692a","ActionName":"Onboarding.API.Controllers.AdminUserController.BlockUser (Onboarding.API)","RequestId":"0HNKMCNBM9IN4","RequestPath":"/api/admin/users/35baa75c-0d40-4d9f-a37b-560a6875ee7f/block","SpanId":"1ecb581e295f5d38","TraceId":"1104e720108ab5026329f6fb5d7d474f","ParentId":"0000000000000000"}
{"@t":"2026-04-09T18:29:44.7114430Z","@mt":"Executing action method {ActionName} - Validation state: {ValidationState}","@tr":"1104e720108ab5026329f6fb5d7d474f","@sp":"1ecb581e295f5d38","ActionName":"Onboarding.API.Controllers.AdminUserController.BlockUser (Onboarding.API)","ValidationState":"Valid","EventId":{"Id":101,"Name":"ActionMethodExecuting"},"SourceContext":"Microsoft.AspNetCore.Mvc.Infrastructure.ControllerActionInvoker","ActionId":"612f1d52-894c-427d-8036-3649ccd5692a","RequestId":"0HNKMCNBM9IN4","RequestPath":"/api/admin/users/35baa75c-0d40-4d9f-a37b-560a6875ee7f/block","SpanId":"1ecb581e295f5d38","TraceId":"1104e720108ab5026329f6fb5d7d474f","ParentId":"0000000000000000"}
{"@t":"2026-04-09T18:29:44.7134002Z","@mt":"Executed action method {ActionName}, returned result {ActionResult} in {ElapsedMilliseconds}ms.","@tr":"1104e720108ab5026329f6fb5d7d474f","@sp":"1ecb581e295f5d38","ActionName":"Onboarding.API.Controllers.AdminUserController.BlockUser (Onboarding.API)","ActionResult":"Microsoft.AspNetCore.Mvc.NoContentResult","ElapsedMilliseconds":1.9196,"EventId":{"Id":103,"Name":"ActionMethodExecuted"},"SourceContext":"Microsoft.AspNetCore.Mvc.Infrastructure.ControllerActionInvoker","ActionId":"612f1d52-894c-427d-8036-3649ccd5692a","RequestId":"0HNKMCNBM9IN4","RequestPath":"/api/admin/users/35baa75c-0d40-4d9f-a37b-560a6875ee7f/block","SpanId":"1ecb581e295f5d38","TraceId":"1104e720108ab5026329f6fb5d7d474f","ParentId":"0000000000000000"}
{"@t":"2026-04-09T18:29:44.7134828Z","@mt":"Executed action {ActionName} in {ElapsedMilliseconds}ms","@tr":"1104e720108ab5026329f6fb5d7d474f","@sp":"1ecb581e295f5d38","ActionName":"Onboarding.API.Controllers.AdminUserController.BlockUser (Onboarding.API)","ElapsedMilliseconds":2.2453,"EventId":{"Id":105,"Name":"ActionExecuted"},"SourceContext":"Microsoft.AspNetCore.Mvc.Infrastructure.ControllerActionInvoker","RequestId":"0HNKMCNBM9IN4","RequestPath":"/api/admin/users/35baa75c-0d40-4d9f-a37b-560a6875ee7f/block","SpanId":"1ecb581e295f5d38","TraceId":"1104e720108ab5026329f6fb5d7d474f","ParentId":"0000000000000000"}
{"@t":"2026-04-09T18:29:44.7135089Z","@mt":"Executed endpoint '{EndpointName}'","@tr":"1104e720108ab5026329f6fb5d7d474f","@sp":"1ecb581e295f5d38","EndpointName":"Onboarding.API.Controllers.AdminUserController.BlockUser (Onboarding.API)","EventId":{"Id":1,"Name":"ExecutedEndpoint"},"SourceContext":"Microsoft.AspNetCore.Routing.EndpointMiddleware","RequestId":"0HNKMCNBM9IN4","RequestPath":"/api/admin/users/35baa75c-0d40-4d9f-a37b-560a6875ee7f/block","SpanId":"1ecb581e295f5d38","TraceId":"1104e720108ab5026329f6fb5d7d474f","ParentId":"0000000000000000"}
{"@t":"2026-04-09T18:29:44.7137859Z","@mt":"Request finished {Protocol} {Method} {Scheme}://{Host}{PathBase}{Path}{QueryString} - {StatusCode} {ContentLength} {ContentType} {ElapsedMilliseconds}ms","@tr":"1104e720108ab5026329f6fb5d7d474f","@sp":"1ecb581e295f5d38","ElapsedMilliseconds":2710.0535,"StatusCode":204,"ContentType":null,"ContentLength":null,"Protocol":"HTTP/1.1","Method":"POST","Scheme":"http","Host":"localhost","PathBase":"","Path":"/api/admin/users/35baa75c-0d40-4d9f-a37b-560a6875ee7f/block","QueryString":"","EventId":{"Id":2},"SourceContext":"Microsoft.AspNetCore.Hosting.Diagnostics","RequestId":"0HNKMCNBM9IN4","RequestPath":"/api/admin/users/35baa75c-0d40-4d9f-a37b-560a6875ee7f/block","SpanId":"1ecb581e295f5d38","TraceId":"1104e720108ab5026329f6fb5d7d474f","ParentId":"0000000000000000"}
{"@t":"2026-04-09T18:29:44.7156509Z","@mt":"Application is shutting down...","SourceContext":"Microsoft.Hosting.Lifetime"}
  Aprovado Onboarding.API.Tests.Admin.AdminUserBlockTests.BlockUser_ReturnsNoContent_DisablesKeycloak [2 s]
{"@t":"2026-04-09T18:29:48.8279736Z","@mt":"User profile is available. Using '{FullName}' as key repository and Windows DPAPI to encrypt keys at rest.","FullName":"C:\\Users\\aliso\\AppData\\Local\\ASP.NET\\DataProtection-Keys","EventId":{"Id":63,"Name":"UsingProfileAsKeyRepositoryWithDPAPI"},"SourceContext":"Microsoft.AspNetCore.DataProtection.KeyManagement.XmlKeyManager"}
{"@t":"2026-04-09T18:29:48.8328495Z","@mt":"Application started. Press Ctrl+C to shut down.","SourceContext":"Microsoft.Hosting.Lifetime"}
{"@t":"2026-04-09T18:29:48.8328903Z","@mt":"Hosting environment: {EnvName}","EnvName":"Development","SourceContext":"Microsoft.Hosting.Lifetime"}
{"@t":"2026-04-09T18:29:48.8329000Z","@mt":"Content root path: {ContentRoot}","ContentRoot":"D:\\REPO\\keycloak-tests\\src\\Onboarding.API","SourceContext":"Microsoft.Hosting.Lifetime"}
{"@t":"2026-04-09T18:29:48.8338579Z","@mt":"Request starting {Protocol} {Method} {Scheme}://{Host}{PathBase}{Path}{QueryString} - {ContentType} {ContentLength}","@tr":"7a1daac7bd144c468a829220ca8cf733","@sp":"4dcd13fd8306db2e","Protocol":"HTTP/1.1","Method":"POST","ContentType":null,"ContentLength":null,"Scheme":"http","Host":"localhost","PathBase":"","Path":"/api/admin/users/48c9b4c0-7bb6-46d6-a868-d51f43bbfd88/block","QueryString":"","EventId":{"Id":1},"SourceContext":"Microsoft.AspNetCore.Hosting.Diagnostics","RequestId":"0HNKMCNBM9IN5","RequestPath":"/api/admin/users/48c9b4c0-7bb6-46d6-a868-d51f43bbfd88/block","SpanId":"4dcd13fd8306db2e","TraceId":"7a1daac7bd144c468a829220ca8cf733","ParentId":"0000000000000000"}
{"@t":"2026-04-09T18:29:51.5345043Z","@mt":"Executing endpoint '{EndpointName}'","@tr":"7a1daac7bd144c468a829220ca8cf733","@sp":"4dcd13fd8306db2e","EndpointName":"Onboarding.API.Controllers.AdminUserController.BlockUser (Onboarding.API)","EventId":{"Name":"ExecutingEndpoint"},"SourceContext":"Microsoft.AspNetCore.Routing.EndpointMiddleware","RequestId":"0HNKMCNBM9IN5","RequestPath":"/api/admin/users/48c9b4c0-7bb6-46d6-a868-d51f43bbfd88/block","SpanId":"4dcd13fd8306db2e","TraceId":"7a1daac7bd144c468a829220ca8cf733","ParentId":"0000000000000000"}
{"@t":"2026-04-09T18:29:51.5389614Z","@mt":"Route matched with {RouteData}. Executing controller action with signature {MethodInfo} on controller {Controller} ({AssemblyName}).","@tr":"7a1daac7bd144c468a829220ca8cf733","@sp":"4dcd13fd8306db2e","RouteData":"{action = \"BlockUser\", controller = \"AdminUser\"}","MethodInfo":"System.Threading.Tasks.Task`1[Microsoft.AspNetCore.Mvc.IActionResult] BlockUser(System.Guid, System.Threading.CancellationToken)","Controller":"Onboarding.API.Controllers.AdminUserController","AssemblyName":"Onboarding.API","EventId":{"Id":102,"Name":"ControllerActionExecuting"},"SourceContext":"Microsoft.AspNetCore.Mvc.Infrastructure.ControllerActionInvoker","ActionId":"ba49b2aa-9338-48d2-94ef-ca5b19cc5184","ActionName":"Onboarding.API.Controllers.AdminUserController.BlockUser (Onboarding.API)","RequestId":"0HNKMCNBM9IN5","RequestPath":"/api/admin/users/48c9b4c0-7bb6-46d6-a868-d51f43bbfd88/block","SpanId":"4dcd13fd8306db2e","TraceId":"7a1daac7bd144c468a829220ca8cf733","ParentId":"0000000000000000"}
{"@t":"2026-04-09T18:29:51.5392230Z","@mt":"Executing action method {ActionName} - Validation state: {ValidationState}","@tr":"7a1daac7bd144c468a829220ca8cf733","@sp":"4dcd13fd8306db2e","ActionName":"Onboarding.API.Controllers.AdminUserController.BlockUser (Onboarding.API)","ValidationState":"Valid","EventId":{"Id":101,"Name":"ActionMethodExecuting"},"SourceContext":"Microsoft.AspNetCore.Mvc.Infrastructure.ControllerActionInvoker","ActionId":"ba49b2aa-9338-48d2-94ef-ca5b19cc5184","RequestId":"0HNKMCNBM9IN5","RequestPath":"/api/admin/users/48c9b4c0-7bb6-46d6-a868-d51f43bbfd88/block","SpanId":"4dcd13fd8306db2e","TraceId":"7a1daac7bd144c468a829220ca8cf733","ParentId":"0000000000000000"}
{"@t":"2026-04-09T18:29:51.5394489Z","@mt":"Executed action method {ActionName}, returned result {ActionResult} in {ElapsedMilliseconds}ms.","@tr":"7a1daac7bd144c468a829220ca8cf733","@sp":"4dcd13fd8306db2e","ActionName":"Onboarding.API.Controllers.AdminUserController.BlockUser (Onboarding.API)","ActionResult":"Microsoft.AspNetCore.Mvc.NoContentResult","ElapsedMilliseconds":0.1876,"EventId":{"Id":103,"Name":"ActionMethodExecuted"},"SourceContext":"Microsoft.AspNetCore.Mvc.Infrastructure.ControllerActionInvoker","ActionId":"ba49b2aa-9338-48d2-94ef-ca5b19cc5184","RequestId":"0HNKMCNBM9IN5","RequestPath":"/api/admin/users/48c9b4c0-7bb6-46d6-a868-d51f43bbfd88/block","SpanId":"4dcd13fd8306db2e","TraceId":"7a1daac7bd144c468a829220ca8cf733","ParentId":"0000000000000000"}
{"@t":"2026-04-09T18:29:51.5394939Z","@mt":"Executing StatusCodeResult, setting HTTP status code {StatusCode}","@tr":"7a1daac7bd144c468a829220ca8cf733","@sp":"4dcd13fd8306db2e","StatusCode":204,"EventId":{"Id":1,"Name":"HttpStatusCodeResultExecuting"},"SourceContext":"Microsoft.AspNetCore.Mvc.StatusCodeResult","ActionId":"ba49b2aa-9338-48d2-94ef-ca5b19cc5184","ActionName":"Onboarding.API.Controllers.AdminUserController.BlockUser (Onboarding.API)","RequestId":"0HNKMCNBM9IN5","RequestPath":"/api/admin/users/48c9b4c0-7bb6-46d6-a868-d51f43bbfd88/block","SpanId":"4dcd13fd8306db2e","TraceId":"7a1daac7bd144c468a829220ca8cf733","ParentId":"0000000000000000"}
{"@t":"2026-04-09T18:29:51.5395238Z","@mt":"Executed action {ActionName} in {ElapsedMilliseconds}ms","@tr":"7a1daac7bd144c468a829220ca8cf733","@sp":"4dcd13fd8306db2e","ActionName":"Onboarding.API.Controllers.AdminUserController.BlockUser (Onboarding.API)","ElapsedMilliseconds":0.5125,"EventId":{"Id":105,"Name":"ActionExecuted"},"SourceContext":"Microsoft.AspNetCore.Mvc.Infrastructure.ControllerActionInvoker","RequestId":"0HNKMCNBM9IN5","RequestPath":"/api/admin/users/48c9b4c0-7bb6-46d6-a868-d51f43bbfd88/block","SpanId":"4dcd13fd8306db2e","TraceId":"7a1daac7bd144c468a829220ca8cf733","ParentId":"0000000000000000"}
{"@t":"2026-04-09T18:29:51.5395461Z","@mt":"Executed endpoint '{EndpointName}'","@tr":"7a1daac7bd144c468a829220ca8cf733","@sp":"4dcd13fd8306db2e","EndpointName":"Onboarding.API.Controllers.AdminUserController.BlockUser (Onboarding.API)","EventId":{"Id":1,"Name":"ExecutedEndpoint"},"SourceContext":"Microsoft.AspNetCore.Routing.EndpointMiddleware","RequestId":"0HNKMCNBM9IN5","RequestPath":"/api/admin/users/48c9b4c0-7bb6-46d6-a868-d51f43bbfd88/block","SpanId":"4dcd13fd8306db2e","TraceId":"7a1daac7bd144c468a829220ca8cf733","ParentId":"0000000000000000"}
{"@t":"2026-04-09T18:29:51.5395713Z","@mt":"HTTP {RequestMethod} {RequestPath} responded {StatusCode} in {Elapsed:0.0000} ms","@r":["2705.3890"],"@tr":"7a1daac7bd144c468a829220ca8cf733","@sp":"4dcd13fd8306db2e","RequestMethod":"POST","RequestPath":"/api/admin/users/48c9b4c0-7bb6-46d6-a868-d51f43bbfd88/block","StatusCode":204,"Elapsed":2705.389,"SourceContext":"Serilog.AspNetCore.RequestLoggingMiddleware","RequestId":"0HNKMCNBM9IN5","SpanId":"4dcd13fd8306db2e","TraceId":"7a1daac7bd144c468a829220ca8cf733","ParentId":"0000000000000000"}
{"@t":"2026-04-09T18:29:51.5398414Z","@mt":"Request finished {Protocol} {Method} {Scheme}://{Host}{PathBase}{Path}{QueryString} - {StatusCode} {ContentLength} {ContentType} {ElapsedMilliseconds}ms","@tr":"7a1daac7bd144c468a829220ca8cf733","@sp":"4dcd13fd8306db2e","ElapsedMilliseconds":2706.0356,"StatusCode":204,"ContentType":null,"ContentLength":null,"Protocol":"HTTP/1.1","Method":"POST","Scheme":"http","Host":"localhost","PathBase":"","Path":"/api/admin/users/48c9b4c0-7bb6-46d6-a868-d51f43bbfd88/block","QueryString":"","EventId":{"Id":2},"SourceContext":"Microsoft.AspNetCore.Hosting.Diagnostics","RequestId":"0HNKMCNBM9IN5","RequestPath":"/api/admin/users/48c9b4c0-7bb6-46d6-a868-d51f43bbfd88/block","SpanId":"4dcd13fd8306db2e","TraceId":"7a1daac7bd144c468a829220ca8cf733","ParentId":"0000000000000000"}
{"@t":"2026-04-09T18:29:51.5406838Z","@mt":"Request starting {Protocol} {Method} {Scheme}://{Host}{PathBase}{Path}{QueryString} - {ContentType} {ContentLength}","@tr":"cc8308c83df063b56469e9c5e7031147","@sp":"96b04096029d8057","Protocol":"HTTP/1.1","Method":"POST","ContentType":null,"ContentLength":null,"Scheme":"http","Host":"localhost","PathBase":"","Path":"/api/admin/users/48c9b4c0-7bb6-46d6-a868-d51f43bbfd88/block","QueryString":"","EventId":{"Id":1},"SourceContext":"Microsoft.AspNetCore.Hosting.Diagnostics","RequestId":"0HNKMCNBM9IN6","RequestPath":"/api/admin/users/48c9b4c0-7bb6-46d6-a868-d51f43bbfd88/block","SpanId":"96b04096029d8057","TraceId":"cc8308c83df063b56469e9c5e7031147","ParentId":"0000000000000000"}
{"@t":"2026-04-09T18:29:54.2533252Z","@mt":"Executing endpoint '{EndpointName}'","@tr":"cc8308c83df063b56469e9c5e7031147","@sp":"96b04096029d8057","EndpointName":"Onboarding.API.Controllers.AdminUserController.BlockUser (Onboarding.API)","EventId":{"Name":"ExecutingEndpoint"},"SourceContext":"Microsoft.AspNetCore.Routing.EndpointMiddleware","RequestId":"0HNKMCNBM9IN6","RequestPath":"/api/admin/users/48c9b4c0-7bb6-46d6-a868-d51f43bbfd88/block","SpanId":"96b04096029d8057","TraceId":"cc8308c83df063b56469e9c5e7031147","ParentId":"0000000000000000"}
{"@t":"2026-04-09T18:29:54.2534288Z","@mt":"Route matched with {RouteData}. Executing controller action with signature {MethodInfo} on controller {Controller} ({AssemblyName}).","@tr":"cc8308c83df063b56469e9c5e7031147","@sp":"96b04096029d8057","RouteData":"{action = \"BlockUser\", controller = \"AdminUser\"}","MethodInfo":"System.Threading.Tasks.Task`1[Microsoft.AspNetCore.Mvc.IActionResult] BlockUser(System.Guid, System.Threading.CancellationToken)","Controller":"Onboarding.API.Controllers.AdminUserController","AssemblyName":"Onboarding.API","EventId":{"Id":102,"Name":"ControllerActionExecuting"},"SourceContext":"Microsoft.AspNetCore.Mvc.Infrastructure.ControllerActionInvoker","ActionId":"ba49b2aa-9338-48d2-94ef-ca5b19cc5184","ActionName":"Onboarding.API.Controllers.AdminUserController.BlockUser (Onboarding.API)","RequestId":"0HNKMCNBM9IN6","RequestPath":"/api/admin/users/48c9b4c0-7bb6-46d6-a868-d51f43bbfd88/block","SpanId":"96b04096029d8057","TraceId":"cc8308c83df063b56469e9c5e7031147","ParentId":"0000000000000000"}
{"@t":"2026-04-09T18:29:54.2536390Z","@mt":"Executing action method {ActionName} - Validation state: {ValidationState}","@tr":"cc8308c83df063b56469e9c5e7031147","@sp":"96b04096029d8057","ActionName":"Onboarding.API.Controllers.AdminUserController.BlockUser (Onboarding.API)","ValidationState":"Valid","EventId":{"Id":101,"Name":"ActionMethodExecuting"},"SourceContext":"Microsoft.AspNetCore.Mvc.Infrastructure.ControllerActionInvoker","ActionId":"ba49b2aa-9338-48d2-94ef-ca5b19cc5184","RequestId":"0HNKMCNBM9IN6","RequestPath":"/api/admin/users/48c9b4c0-7bb6-46d6-a868-d51f43bbfd88/block","SpanId":"96b04096029d8057","TraceId":"cc8308c83df063b56469e9c5e7031147","ParentId":"0000000000000000"}
{"@t":"2026-04-09T18:29:54.2539193Z","@mt":"Executed action method {ActionName}, returned result {ActionResult} in {ElapsedMilliseconds}ms.","@tr":"cc8308c83df063b56469e9c5e7031147","@sp":"96b04096029d8057","ActionName":"Onboarding.API.Controllers.AdminUserController.BlockUser (Onboarding.API)","ActionResult":"Microsoft.AspNetCore.Mvc.NoContentResult","ElapsedMilliseconds":0.2521,"EventId":{"Id":103,"Name":"ActionMethodExecuted"},"SourceContext":"Microsoft.AspNetCore.Mvc.Infrastructure.ControllerActionInvoker","ActionId":"ba49b2aa-9338-48d2-94ef-ca5b19cc5184","RequestId":"0HNKMCNBM9IN6","RequestPath":"/api/admin/users/48c9b4c0-7bb6-46d6-a868-d51f43bbfd88/block","SpanId":"96b04096029d8057","TraceId":"cc8308c83df063b56469e9c5e7031147","ParentId":"0000000000000000"}
{"@t":"2026-04-09T18:29:54.2539761Z","@mt":"Executing StatusCodeResult, setting HTTP status code {StatusCode}","@tr":"cc8308c83df063b56469e9c5e7031147","@sp":"96b04096029d8057","StatusCode":204,"EventId":{"Id":1,"Name":"HttpStatusCodeResultExecuting"},"SourceContext":"Microsoft.AspNetCore.Mvc.StatusCodeResult","ActionId":"ba49b2aa-9338-48d2-94ef-ca5b19cc5184","ActionName":"Onboarding.API.Controllers.AdminUserController.BlockUser (Onboarding.API)","RequestId":"0HNKMCNBM9IN6","RequestPath":"/api/admin/users/48c9b4c0-7bb6-46d6-a868-d51f43bbfd88/block","SpanId":"96b04096029d8057","TraceId":"cc8308c83df063b56469e9c5e7031147","ParentId":"0000000000000000"}
{"@t":"2026-04-09T18:29:54.2540029Z","@mt":"Executed action {ActionName} in {ElapsedMilliseconds}ms","@tr":"cc8308c83df063b56469e9c5e7031147","@sp":"96b04096029d8057","ActionName":"Onboarding.API.Controllers.AdminUserController.BlockUser (Onboarding.API)","ElapsedMilliseconds":0.5446,"EventId":{"Id":105,"Name":"ActionExecuted"},"SourceContext":"Microsoft.AspNetCore.Mvc.Infrastructure.ControllerActionInvoker","RequestId":"0HNKMCNBM9IN6","RequestPath":"/api/admin/users/48c9b4c0-7bb6-46d6-a868-d51f43bbfd88/block","SpanId":"96b04096029d8057","TraceId":"cc8308c83df063b56469e9c5e7031147","ParentId":"0000000000000000"}
{"@t":"2026-04-09T18:29:54.2540236Z","@mt":"Executed endpoint '{EndpointName}'","@tr":"cc8308c83df063b56469e9c5e7031147","@sp":"96b04096029d8057","EndpointName":"Onboarding.API.Controllers.AdminUserController.BlockUser (Onboarding.API)","EventId":{"Id":1,"Name":"ExecutedEndpoint"},"SourceContext":"Microsoft.AspNetCore.Routing.EndpointMiddleware","RequestId":"0HNKMCNBM9IN6","RequestPath":"/api/admin/users/48c9b4c0-7bb6-46d6-a868-d51f43bbfd88/block","SpanId":"96b04096029d8057","TraceId":"cc8308c83df063b56469e9c5e7031147","ParentId":"0000000000000000"}
{"@t":"2026-04-09T18:29:54.2540431Z","@mt":"HTTP {RequestMethod} {RequestPath} responded {StatusCode} in {Elapsed:0.0000} ms","@r":["2711.9863"],"@tr":"cc8308c83df063b56469e9c5e7031147","@sp":"96b04096029d8057","RequestMethod":"POST","RequestPath":"/api/admin/users/48c9b4c0-7bb6-46d6-a868-d51f43bbfd88/block","StatusCode":204,"Elapsed":2711.9863,"SourceContext":"Serilog.AspNetCore.RequestLoggingMiddleware","RequestId":"0HNKMCNBM9IN6","SpanId":"96b04096029d8057","TraceId":"cc8308c83df063b56469e9c5e7031147","ParentId":"0000000000000000"}
{"@t":"2026-04-09T18:29:54.2541260Z","@mt":"Request finished {Protocol} {Method} {Scheme}://{Host}{PathBase}{Path}{QueryString} - {StatusCode} {ContentLength} {ContentType} {ElapsedMilliseconds}ms","@tr":"cc8308c83df063b56469e9c5e7031147","@sp":"96b04096029d8057","ElapsedMilliseconds":2713.5041,"StatusCode":204,"ContentType":null,"ContentLength":null,"Protocol":"HTTP/1.1","Method":"POST","Scheme":"http","Host":"localhost","PathBase":"","Path":"/api/admin/users/48c9b4c0-7bb6-46d6-a868-d51f43bbfd88/block","QueryString":"","EventId":{"Id":2},"SourceContext":"Microsoft.AspNetCore.Hosting.Diagnostics","RequestId":"0HNKMCNBM9IN6","RequestPath":"/api/admin/users/48c9b4c0-7bb6-46d6-a868-d51f43bbfd88/block","SpanId":"96b04096029d8057","TraceId":"cc8308c83df063b56469e9c5e7031147","ParentId":"0000000000000000"}
{"@t":"2026-04-09T18:29:54.2549346Z","@mt":"Application is shutting down...","SourceContext":"Microsoft.Hosting.Lifetime"}
  Aprovado Onboarding.API.Tests.Admin.AdminUserBlockTests.BlockUser_AlreadyBlocked_NoOp_ReturnsNoContent [5 s]
{"@t":"2026-04-09T18:29:54.2647956Z","@mt":"User profile is available. Using '{FullName}' as key repository and Windows DPAPI to encrypt keys at rest.","FullName":"C:\\Users\\aliso\\AppData\\Local\\ASP.NET\\DataProtection-Keys","EventId":{"Id":63,"Name":"UsingProfileAsKeyRepositoryWithDPAPI"},"SourceContext":"Microsoft.AspNetCore.DataProtection.KeyManagement.XmlKeyManager"}
{"@t":"2026-04-09T18:29:54.2692742Z","@mt":"Application started. Press Ctrl+C to shut down.","SourceContext":"Microsoft.Hosting.Lifetime"}
{"@t":"2026-04-09T18:29:54.2692899Z","@mt":"Hosting environment: {EnvName}","EnvName":"Development","SourceContext":"Microsoft.Hosting.Lifetime"}
{"@t":"2026-04-09T18:29:54.2692937Z","@mt":"Content root path: {ContentRoot}","ContentRoot":"D:\\REPO\\keycloak-tests\\src\\Onboarding.API","SourceContext":"Microsoft.Hosting.Lifetime"}
{"@t":"2026-04-09T18:29:54.2701068Z","@mt":"Request starting {Protocol} {Method} {Scheme}://{Host}{PathBase}{Path}{QueryString} - {ContentType} {ContentLength}","@tr":"c1acf8b47d150a13ed47c9b7d57ff7e6","@sp":"a89a694479c35ff0","Protocol":"HTTP/1.1","Method":"POST","ContentType":null,"ContentLength":null,"Scheme":"http","Host":"localhost","PathBase":"","Path":"/api/admin/users/e8177901-dddd-4694-ab72-0898a9e41d3e/block","QueryString":"","EventId":{"Id":1},"SourceContext":"Microsoft.AspNetCore.Hosting.Diagnostics","RequestId":"0HNKMCNBM9IN7","RequestPath":"/api/admin/users/e8177901-dddd-4694-ab72-0898a9e41d3e/block","SpanId":"a89a694479c35ff0","TraceId":"c1acf8b47d150a13ed47c9b7d57ff7e6","ParentId":"0000000000000000"}
{"@t":"2026-04-09T18:29:56.9675852Z","@mt":"Executing endpoint '{EndpointName}'","@tr":"c1acf8b47d150a13ed47c9b7d57ff7e6","@sp":"a89a694479c35ff0","EndpointName":"Onboarding.API.Controllers.AdminUserController.BlockUser (Onboarding.API)","EventId":{"Name":"ExecutingEndpoint"},"SourceContext":"Microsoft.AspNetCore.Routing.EndpointMiddleware","RequestId":"0HNKMCNBM9IN7","RequestPath":"/api/admin/users/e8177901-dddd-4694-ab72-0898a9e41d3e/block","SpanId":"a89a694479c35ff0","TraceId":"c1acf8b47d150a13ed47c9b7d57ff7e6","ParentId":"0000000000000000"}
{"@t":"2026-04-09T18:29:56.9724106Z","@mt":"Route matched with {RouteData}. Executing controller action with signature {MethodInfo} on controller {Controller} ({AssemblyName}).","@tr":"c1acf8b47d150a13ed47c9b7d57ff7e6","@sp":"a89a694479c35ff0","RouteData":"{action = \"BlockUser\", controller = \"AdminUser\"}","MethodInfo":"System.Threading.Tasks.Task`1[Microsoft.AspNetCore.Mvc.IActionResult] BlockUser(System.Guid, System.Threading.CancellationToken)","Controller":"Onboarding.API.Controllers.AdminUserController","AssemblyName":"Onboarding.API","EventId":{"Id":102,"Name":"ControllerActionExecuting"},"SourceContext":"Microsoft.AspNetCore.Mvc.Infrastructure.ControllerActionInvoker","ActionId":"b727c75a-f68c-406a-b747-71b50a545ce5","ActionName":"Onboarding.API.Controllers.AdminUserController.BlockUser (Onboarding.API)","RequestId":"0HNKMCNBM9IN7","RequestPath":"/api/admin/users/e8177901-dddd-4694-ab72-0898a9e41d3e/block","SpanId":"a89a694479c35ff0","TraceId":"c1acf8b47d150a13ed47c9b7d57ff7e6","ParentId":"0000000000000000"}
{"@t":"2026-04-09T18:29:56.9727135Z","@mt":"Executing action method {ActionName} - Validation state: {ValidationState}","@tr":"c1acf8b47d150a13ed47c9b7d57ff7e6","@sp":"a89a694479c35ff0","ActionName":"Onboarding.API.Controllers.AdminUserController.BlockUser (Onboarding.API)","ValidationState":"Valid","EventId":{"Id":101,"Name":"ActionMethodExecuting"},"SourceContext":"Microsoft.AspNetCore.Mvc.Infrastructure.ControllerActionInvoker","ActionId":"b727c75a-f68c-406a-b747-71b50a545ce5","RequestId":"0HNKMCNBM9IN7","RequestPath":"/api/admin/users/e8177901-dddd-4694-ab72-0898a9e41d3e/block","SpanId":"a89a694479c35ff0","TraceId":"c1acf8b47d150a13ed47c9b7d57ff7e6","ParentId":"0000000000000000"}
{"@t":"2026-04-09T18:29:56.9728427Z","@mt":"Executed action method {ActionName}, returned result {ActionResult} in {ElapsedMilliseconds}ms.","@tr":"c1acf8b47d150a13ed47c9b7d57ff7e6","@sp":"a89a694479c35ff0","ActionName":"Onboarding.API.Controllers.AdminUserController.BlockUser (Onboarding.API)","ActionResult":"Microsoft.AspNetCore.Mvc.NotFoundObjectResult","ElapsedMilliseconds":0.0852,"EventId":{"Id":103,"Name":"ActionMethodExecuted"},"SourceContext":"Microsoft.AspNetCore.Mvc.Infrastructure.ControllerActionInvoker","ActionId":"b727c75a-f68c-406a-b747-71b50a545ce5","RequestId":"0HNKMCNBM9IN7","RequestPath":"/api/admin/users/e8177901-dddd-4694-ab72-0898a9e41d3e/block","SpanId":"a89a694479c35ff0","TraceId":"c1acf8b47d150a13ed47c9b7d57ff7e6","ParentId":"0000000000000000"}
{"@t":"2026-04-09T18:29:56.9729348Z","@mt":"Executing {ObjectResultType}, writing value of type '{Type}'.","@tr":"c1acf8b47d150a13ed47c9b7d57ff7e6","@sp":"a89a694479c35ff0","ObjectResultType":"NotFoundObjectResult","Type":"Microsoft.AspNetCore.Mvc.ProblemDetails","EventId":{"Id":1,"Name":"ObjectResultExecuting"},"SourceContext":"Microsoft.AspNetCore.Mvc.Infrastructure.ObjectResultExecutor","ActionId":"b727c75a-f68c-406a-b747-71b50a545ce5","ActionName":"Onboarding.API.Controllers.AdminUserController.BlockUser (Onboarding.API)","RequestId":"0HNKMCNBM9IN7","RequestPath":"/api/admin/users/e8177901-dddd-4694-ab72-0898a9e41d3e/block","SpanId":"a89a694479c35ff0","TraceId":"c1acf8b47d150a13ed47c9b7d57ff7e6","ParentId":"0000000000000000"}
{"@t":"2026-04-09T18:29:56.9742062Z","@mt":"Executed action {ActionName} in {ElapsedMilliseconds}ms","@tr":"c1acf8b47d150a13ed47c9b7d57ff7e6","@sp":"a89a694479c35ff0","ActionName":"Onboarding.API.Controllers.AdminUserController.BlockUser (Onboarding.API)","ElapsedMilliseconds":1.7361,"EventId":{"Id":105,"Name":"ActionExecuted"},"SourceContext":"Microsoft.AspNetCore.Mvc.Infrastructure.ControllerActionInvoker","RequestId":"0HNKMCNBM9IN7","RequestPath":"/api/admin/users/e8177901-dddd-4694-ab72-0898a9e41d3e/block","SpanId":"a89a694479c35ff0","TraceId":"c1acf8b47d150a13ed47c9b7d57ff7e6","ParentId":"0000000000000000"}
{"@t":"2026-04-09T18:29:56.9742509Z","@mt":"Executed endpoint '{EndpointName}'","@tr":"c1acf8b47d150a13ed47c9b7d57ff7e6","@sp":"a89a694479c35ff0","EndpointName":"Onboarding.API.Controllers.AdminUserController.BlockUser (Onboarding.API)","EventId":{"Id":1,"Name":"ExecutedEndpoint"},"SourceContext":"Microsoft.AspNetCore.Routing.EndpointMiddleware","RequestId":"0HNKMCNBM9IN7","RequestPath":"/api/admin/users/e8177901-dddd-4694-ab72-0898a9e41d3e/block","SpanId":"a89a694479c35ff0","TraceId":"c1acf8b47d150a13ed47c9b7d57ff7e6","ParentId":"0000000000000000"}
{"@t":"2026-04-09T18:29:56.9742790Z","@mt":"HTTP {RequestMethod} {RequestPath} responded {StatusCode} in {Elapsed:0.0000} ms","@r":["2703.8191"],"@tr":"c1acf8b47d150a13ed47c9b7d57ff7e6","@sp":"a89a694479c35ff0","RequestMethod":"POST","RequestPath":"/api/admin/users/e8177901-dddd-4694-ab72-0898a9e41d3e/block","StatusCode":404,"Elapsed":2703.8191,"SourceContext":"Serilog.AspNetCore.RequestLoggingMiddleware","RequestId":"0HNKMCNBM9IN7","SpanId":"a89a694479c35ff0","TraceId":"c1acf8b47d150a13ed47c9b7d57ff7e6","ParentId":"0000000000000000"}
{"@t":"2026-04-09T18:29:56.9743448Z","@mt":"Request finished {Protocol} {Method} {Scheme}://{Host}{PathBase}{Path}{QueryString} - {StatusCode} {ContentLength} {ContentType} {ElapsedMilliseconds}ms","@tr":"c1acf8b47d150a13ed47c9b7d57ff7e6","@sp":"a89a694479c35ff0","ElapsedMilliseconds":2704.2881,"StatusCode":404,"ContentType":"application/problem+json; charset=utf-8","ContentLength":null,"Protocol":"HTTP/1.1","Method":"POST","Scheme":"http","Host":"localhost","PathBase":"","Path":"/api/admin/users/e8177901-dddd-4694-ab72-0898a9e41d3e/block","QueryString":"","EventId":{"Id":2},"SourceContext":"Microsoft.AspNetCore.Hosting.Diagnostics","RequestId":"0HNKMCNBM9IN7","RequestPath":"/api/admin/users/e8177901-dddd-4694-ab72-0898a9e41d3e/block","SpanId":"a89a694479c35ff0","TraceId":"c1acf8b47d150a13ed47c9b7d57ff7e6","ParentId":"0000000000000000"}
{"@t":"2026-04-09T18:29:56.9754508Z","@mt":"Application is shutting down...","SourceContext":"Microsoft.Hosting.Lifetime"}
  Aprovado Onboarding.API.Tests.Admin.AdminUserBlockTests.BlockUser_NonExistentId_ReturnsNotFound [2 s]
{"@t":"2026-04-09T18:29:57.0336722Z","@mt":"User profile is available. Using '{FullName}' as key repository and Windows DPAPI to encrypt keys at rest.","FullName":"C:\\Users\\aliso\\AppData\\Local\\ASP.NET\\DataProtection-Keys","EventId":{"Id":63,"Name":"UsingProfileAsKeyRepositoryWithDPAPI"},"SourceContext":"Microsoft.AspNetCore.DataProtection.KeyManagement.XmlKeyManager"}
{"@t":"2026-04-09T18:29:57.0390652Z","@mt":"Application started. Press Ctrl+C to shut down.","SourceContext":"Microsoft.Hosting.Lifetime"}
{"@t":"2026-04-09T18:29:57.0390870Z","@mt":"Hosting environment: {EnvName}","EnvName":"Development","SourceContext":"Microsoft.Hosting.Lifetime"}
{"@t":"2026-04-09T18:29:57.0390922Z","@mt":"Content root path: {ContentRoot}","ContentRoot":"D:\\REPO\\keycloak-tests\\src\\Onboarding.API","SourceContext":"Microsoft.Hosting.Lifetime"}
{"@t":"2026-04-09T18:29:57.0403305Z","@mt":"Request starting {Protocol} {Method} {Scheme}://{Host}{PathBase}{Path}{QueryString} - {ContentType} {ContentLength}","@tr":"c01bf185b383cf2cb9477cf6def0be77","@sp":"f31ea17954bcf16f","Protocol":"HTTP/1.1","Method":"POST","ContentType":null,"ContentLength":null,"Scheme":"http","Host":"localhost","PathBase":"","Path":"/api/admin/users/d4c6fba4-f5ce-43e9-a687-83f63a72526b/block","QueryString":"","EventId":{"Id":1},"SourceContext":"Microsoft.AspNetCore.Hosting.Diagnostics","RequestId":"0HNKMCNBM9IN8","RequestPath":"/api/admin/users/d4c6fba4-f5ce-43e9-a687-83f63a72526b/block","SpanId":"f31ea17954bcf16f","TraceId":"c01bf185b383cf2cb9477cf6def0be77","ParentId":"0000000000000000"}
{"@t":"2026-04-09T18:29:59.7462929Z","@mt":"Executing endpoint '{EndpointName}'","@tr":"c01bf185b383cf2cb9477cf6def0be77","@sp":"f31ea17954bcf16f","EndpointName":"Onboarding.API.Controllers.AdminUserController.BlockUser (Onboarding.API)","EventId":{"Name":"ExecutingEndpoint"},"SourceContext":"Microsoft.AspNetCore.Routing.EndpointMiddleware","RequestId":"0HNKMCNBM9IN8","RequestPath":"/api/admin/users/d4c6fba4-f5ce-43e9-a687-83f63a72526b/block","SpanId":"f31ea17954bcf16f","TraceId":"c01bf185b383cf2cb9477cf6def0be77","ParentId":"0000000000000000"}
{"@t":"2026-04-09T18:29:59.7512391Z","@mt":"Route matched with {RouteData}. Executing controller action with signature {MethodInfo} on controller {Controller} ({AssemblyName}).","@tr":"c01bf185b383cf2cb9477cf6def0be77","@sp":"f31ea17954bcf16f","RouteData":"{action = \"BlockUser\", controller = \"AdminUser\"}","MethodInfo":"System.Threading.Tasks.Task`1[Microsoft.AspNetCore.Mvc.IActionResult] BlockUser(System.Guid, System.Threading.CancellationToken)","Controller":"Onboarding.API.Controllers.AdminUserController","AssemblyName":"Onboarding.API","EventId":{"Id":102,"Name":"ControllerActionExecuting"},"SourceContext":"Microsoft.AspNetCore.Mvc.Infrastructure.ControllerActionInvoker","ActionId":"b975945f-67d1-433b-ae3c-ac0ece10d754","ActionName":"Onboarding.API.Controllers.AdminUserController.BlockUser (Onboarding.API)","RequestId":"0HNKMCNBM9IN8","RequestPath":"/api/admin/users/d4c6fba4-f5ce-43e9-a687-83f63a72526b/block","SpanId":"f31ea17954bcf16f","TraceId":"c01bf185b383cf2cb9477cf6def0be77","ParentId":"0000000000000000"}
{"@t":"2026-04-09T18:29:59.7516274Z","@mt":"Executing action method {ActionName} - Validation state: {ValidationState}","@tr":"c01bf185b383cf2cb9477cf6def0be77","@sp":"f31ea17954bcf16f","ActionName":"Onboarding.API.Controllers.AdminUserController.BlockUser (Onboarding.API)","ValidationState":"Valid","EventId":{"Id":101,"Name":"ActionMethodExecuting"},"SourceContext":"Microsoft.AspNetCore.Mvc.Infrastructure.ControllerActionInvoker","ActionId":"b975945f-67d1-433b-ae3c-ac0ece10d754","RequestId":"0HNKMCNBM9IN8","RequestPath":"/api/admin/users/d4c6fba4-f5ce-43e9-a687-83f63a72526b/block","SpanId":"f31ea17954bcf16f","TraceId":"c01bf185b383cf2cb9477cf6def0be77","ParentId":"0000000000000000"}
{"@t":"2026-04-09T18:29:59.7517532Z","@mt":"Executed action method {ActionName}, returned result {ActionResult} in {ElapsedMilliseconds}ms.","@tr":"c01bf185b383cf2cb9477cf6def0be77","@sp":"f31ea17954bcf16f","ActionName":"Onboarding.API.Controllers.AdminUserController.BlockUser (Onboarding.API)","ActionResult":"Microsoft.AspNetCore.Mvc.NoContentResult","ElapsedMilliseconds":0.091,"EventId":{"Id":103,"Name":"ActionMethodExecuted"},"SourceContext":"Microsoft.AspNetCore.Mvc.Infrastructure.ControllerActionInvoker","ActionId":"b975945f-67d1-433b-ae3c-ac0ece10d754","RequestId":"0HNKMCNBM9IN8","RequestPath":"/api/admin/users/d4c6fba4-f5ce-43e9-a687-83f63a72526b/block","SpanId":"f31ea17954bcf16f","TraceId":"c01bf185b383cf2cb9477cf6def0be77","ParentId":"0000000000000000"}
{"@t":"2026-04-09T18:29:59.7518258Z","@mt":"Executed action {ActionName} in {ElapsedMilliseconds}ms","@tr":"c01bf185b383cf2cb9477cf6def0be77","@sp":"f31ea17954bcf16f","ActionName":"Onboarding.API.Controllers.AdminUserController.BlockUser (Onboarding.API)","ElapsedMilliseconds":0.5427,"EventId":{"Id":105,"Name":"ActionExecuted"},"SourceContext":"Microsoft.AspNetCore.Mvc.Infrastructure.ControllerActionInvoker","RequestId":"0HNKMCNBM9IN8","RequestPath":"/api/admin/users/d4c6fba4-f5ce-43e9-a687-83f63a72526b/block","SpanId":"f31ea17954bcf16f","TraceId":"c01bf185b383cf2cb9477cf6def0be77","ParentId":"0000000000000000"}
{"@t":"2026-04-09T18:29:59.7518516Z","@mt":"Executed endpoint '{EndpointName}'","@tr":"c01bf185b383cf2cb9477cf6def0be77","@sp":"f31ea17954bcf16f","EndpointName":"Onboarding.API.Controllers.AdminUserController.BlockUser (Onboarding.API)","EventId":{"Id":1,"Name":"ExecutedEndpoint"},"SourceContext":"Microsoft.AspNetCore.Routing.EndpointMiddleware","RequestId":"0HNKMCNBM9IN8","RequestPath":"/api/admin/users/d4c6fba4-f5ce-43e9-a687-83f63a72526b/block","SpanId":"f31ea17954bcf16f","TraceId":"c01bf185b383cf2cb9477cf6def0be77","ParentId":"0000000000000000"}
{"@t":"2026-04-09T18:29:59.7521342Z","@mt":"Request finished {Protocol} {Method} {Scheme}://{Host}{PathBase}{Path}{QueryString} - {StatusCode} {ContentLength} {ContentType} {ElapsedMilliseconds}ms","@tr":"c01bf185b383cf2cb9477cf6def0be77","@sp":"f31ea17954bcf16f","ElapsedMilliseconds":2711.8591,"StatusCode":204,"ContentType":null,"ContentLength":null,"Protocol":"HTTP/1.1","Method":"POST","Scheme":"http","Host":"localhost","PathBase":"","Path":"/api/admin/users/d4c6fba4-f5ce-43e9-a687-83f63a72526b/block","QueryString":"","EventId":{"Id":2},"SourceContext":"Microsoft.AspNetCore.Hosting.Diagnostics","RequestId":"0HNKMCNBM9IN8","RequestPath":"/api/admin/users/d4c6fba4-f5ce-43e9-a687-83f63a72526b/block","SpanId":"f31ea17954bcf16f","TraceId":"c01bf185b383cf2cb9477cf6def0be77","ParentId":"0000000000000000"}
{"@t":"2026-04-09T18:29:59.7528543Z","@mt":"Request starting {Protocol} {Method} {Scheme}://{Host}{PathBase}{Path}{QueryString} - {ContentType} {ContentLength}","@tr":"9c12a0ea8979fe09140ead9e988895ce","@sp":"08b04af55def103c","Protocol":"HTTP/1.1","Method":"POST","ContentType":null,"ContentLength":null,"Scheme":"http","Host":"localhost","PathBase":"","Path":"/api/admin/users/d4c6fba4-f5ce-43e9-a687-83f63a72526b/unblock","QueryString":"","EventId":{"Id":1},"SourceContext":"Microsoft.AspNetCore.Hosting.Diagnostics","RequestId":"0HNKMCNBM9IN9","RequestPath":"/api/admin/users/d4c6fba4-f5ce-43e9-a687-83f63a72526b/unblock","SpanId":"08b04af55def103c","TraceId":"9c12a0ea8979fe09140ead9e988895ce","ParentId":"0000000000000000"}
{"@t":"2026-04-09T18:30:02.4611317Z","@mt":"Executing endpoint '{EndpointName}'","@tr":"9c12a0ea8979fe09140ead9e988895ce","@sp":"08b04af55def103c","EndpointName":"Onboarding.API.Controllers.AdminUserController.UnblockUser (Onboarding.API)","EventId":{"Name":"ExecutingEndpoint"},"SourceContext":"Microsoft.AspNetCore.Routing.EndpointMiddleware","RequestId":"0HNKMCNBM9IN9","RequestPath":"/api/admin/users/d4c6fba4-f5ce-43e9-a687-83f63a72526b/unblock","SpanId":"08b04af55def103c","TraceId":"9c12a0ea8979fe09140ead9e988895ce","ParentId":"0000000000000000"}
{"@t":"2026-04-09T18:30:02.4656071Z","@mt":"Route matched with {RouteData}. Executing controller action with signature {MethodInfo} on controller {Controller} ({AssemblyName}).","@tr":"9c12a0ea8979fe09140ead9e988895ce","@sp":"08b04af55def103c","RouteData":"{action = \"UnblockUser\", controller = \"AdminUser\"}","MethodInfo":"System.Threading.Tasks.Task`1[Microsoft.AspNetCore.Mvc.IActionResult] UnblockUser(System.Guid, System.Threading.CancellationToken)","Controller":"Onboarding.API.Controllers.AdminUserController","AssemblyName":"Onboarding.API","EventId":{"Id":102,"Name":"ControllerActionExecuting"},"SourceContext":"Microsoft.AspNetCore.Mvc.Infrastructure.ControllerActionInvoker","ActionId":"b45618eb-dbf2-43b2-b681-3de316a15caf","ActionName":"Onboarding.API.Controllers.AdminUserController.UnblockUser (Onboarding.API)","RequestId":"0HNKMCNBM9IN9","RequestPath":"/api/admin/users/d4c6fba4-f5ce-43e9-a687-83f63a72526b/unblock","SpanId":"08b04af55def103c","TraceId":"9c12a0ea8979fe09140ead9e988895ce","ParentId":"0000000000000000"}
{"@t":"2026-04-09T18:30:02.4659245Z","@mt":"Executing action method {ActionName} - Validation state: {ValidationState}","@tr":"9c12a0ea8979fe09140ead9e988895ce","@sp":"08b04af55def103c","ActionName":"Onboarding.API.Controllers.AdminUserController.UnblockUser (Onboarding.API)","ValidationState":"Valid","EventId":{"Id":101,"Name":"ActionMethodExecuting"},"SourceContext":"Microsoft.AspNetCore.Mvc.Infrastructure.ControllerActionInvoker","ActionId":"b45618eb-dbf2-43b2-b681-3de316a15caf","RequestId":"0HNKMCNBM9IN9","RequestPath":"/api/admin/users/d4c6fba4-f5ce-43e9-a687-83f63a72526b/unblock","SpanId":"08b04af55def103c","TraceId":"9c12a0ea8979fe09140ead9e988895ce","ParentId":"0000000000000000"}
{"@t":"2026-04-09T18:30:02.4680430Z","@mt":"Executed action method {ActionName}, returned result {ActionResult} in {ElapsedMilliseconds}ms.","@tr":"9c12a0ea8979fe09140ead9e988895ce","@sp":"08b04af55def103c","ActionName":"Onboarding.API.Controllers.AdminUserController.UnblockUser (Onboarding.API)","ActionResult":"Microsoft.AspNetCore.Mvc.NoContentResult","ElapsedMilliseconds":2.0759,"EventId":{"Id":103,"Name":"ActionMethodExecuted"},"SourceContext":"Microsoft.AspNetCore.Mvc.Infrastructure.ControllerActionInvoker","ActionId":"b45618eb-dbf2-43b2-b681-3de316a15caf","RequestId":"0HNKMCNBM9IN9","RequestPath":"/api/admin/users/d4c6fba4-f5ce-43e9-a687-83f63a72526b/unblock","SpanId":"08b04af55def103c","TraceId":"9c12a0ea8979fe09140ead9e988895ce","ParentId":"0000000000000000"}
{"@t":"2026-04-09T18:30:02.4681357Z","@mt":"Executed action {ActionName} in {ElapsedMilliseconds}ms","@tr":"9c12a0ea8979fe09140ead9e988895ce","@sp":"08b04af55def103c","ActionName":"Onboarding.API.Controllers.AdminUserController.UnblockUser (Onboarding.API)","ElapsedMilliseconds":2.4741,"EventId":{"Id":105,"Name":"ActionExecuted"},"SourceContext":"Microsoft.AspNetCore.Mvc.Infrastructure.ControllerActionInvoker","RequestId":"0HNKMCNBM9IN9","RequestPath":"/api/admin/users/d4c6fba4-f5ce-43e9-a687-83f63a72526b/unblock","SpanId":"08b04af55def103c","TraceId":"9c12a0ea8979fe09140ead9e988895ce","ParentId":"0000000000000000"}
{"@t":"2026-04-09T18:30:02.4681624Z","@mt":"Executed endpoint '{EndpointName}'","@tr":"9c12a0ea8979fe09140ead9e988895ce","@sp":"08b04af55def103c","EndpointName":"Onboarding.API.Controllers.AdminUserController.UnblockUser (Onboarding.API)","EventId":{"Id":1,"Name":"ExecutedEndpoint"},"SourceContext":"Microsoft.AspNetCore.Routing.EndpointMiddleware","RequestId":"0HNKMCNBM9IN9","RequestPath":"/api/admin/users/d4c6fba4-f5ce-43e9-a687-83f63a72526b/unblock","SpanId":"08b04af55def103c","TraceId":"9c12a0ea8979fe09140ead9e988895ce","ParentId":"0000000000000000"}
{"@t":"2026-04-09T18:30:02.4682238Z","@mt":"Request finished {Protocol} {Method} {Scheme}://{Host}{PathBase}{Path}{QueryString} - {StatusCode} {ContentLength} {ContentType} {ElapsedMilliseconds}ms","@tr":"9c12a0ea8979fe09140ead9e988895ce","@sp":"08b04af55def103c","ElapsedMilliseconds":2715.4123,"StatusCode":204,"ContentType":null,"ContentLength":null,"Protocol":"HTTP/1.1","Method":"POST","Scheme":"http","Host":"localhost","PathBase":"","Path":"/api/admin/users/d4c6fba4-f5ce-43e9-a687-83f63a72526b/unblock","QueryString":"","EventId":{"Id":2},"SourceContext":"Microsoft.AspNetCore.Hosting.Diagnostics","RequestId":"0HNKMCNBM9IN9","RequestPath":"/api/admin/users/d4c6fba4-f5ce-43e9-a687-83f63a72526b/unblock","SpanId":"08b04af55def103c","TraceId":"9c12a0ea8979fe09140ead9e988895ce","ParentId":"0000000000000000"}
{"@t":"2026-04-09T18:30:02.4696073Z","@mt":"Application is shutting down...","SourceContext":"Microsoft.Hosting.Lifetime"}
  Aprovado Onboarding.API.Tests.Admin.AdminUserBlockTests.BlockUnblock_AuditLogCreated [5 s]
{"@t":"2026-04-09T18:30:02.4796520Z","@mt":"User profile is available. Using '{FullName}' as key repository and Windows DPAPI to encrypt keys at rest.","FullName":"C:\\Users\\aliso\\AppData\\Local\\ASP.NET\\DataProtection-Keys","EventId":{"Id":63,"Name":"UsingProfileAsKeyRepositoryWithDPAPI"},"SourceContext":"Microsoft.AspNetCore.DataProtection.KeyManagement.XmlKeyManager"}
{"@t":"2026-04-09T18:30:02.4846189Z","@mt":"Application started. Press Ctrl+C to shut down.","SourceContext":"Microsoft.Hosting.Lifetime"}
{"@t":"2026-04-09T18:30:02.4846406Z","@mt":"Hosting environment: {EnvName}","EnvName":"Development","SourceContext":"Microsoft.Hosting.Lifetime"}
{"@t":"2026-04-09T18:30:02.4846451Z","@mt":"Content root path: {ContentRoot}","ContentRoot":"D:\\REPO\\keycloak-tests\\src\\Onboarding.API","SourceContext":"Microsoft.Hosting.Lifetime"}
{"@t":"2026-04-09T18:30:02.4860763Z","@mt":"Request starting {Protocol} {Method} {Scheme}://{Host}{PathBase}{Path}{QueryString} - {ContentType} {ContentLength}","@tr":"327d436c1409032c5b5317606150adeb","@sp":"182ccbc37ed06383","Protocol":"HTTP/1.1","Method":"POST","ContentType":null,"ContentLength":null,"Scheme":"http","Host":"localhost","PathBase":"","Path":"/api/admin/users/de033acb-517b-4d98-bc0c-97b32ebb8fec/unblock","QueryString":"","EventId":{"Id":1},"SourceContext":"Microsoft.AspNetCore.Hosting.Diagnostics","RequestId":"0HNKMCNBM9INA","RequestPath":"/api/admin/users/de033acb-517b-4d98-bc0c-97b32ebb8fec/unblock","SpanId":"182ccbc37ed06383","TraceId":"327d436c1409032c5b5317606150adeb","ParentId":"0000000000000000"}
{"@t":"2026-04-09T18:30:05.1960795Z","@mt":"Executing endpoint '{EndpointName}'","@tr":"327d436c1409032c5b5317606150adeb","@sp":"182ccbc37ed06383","EndpointName":"Onboarding.API.Controllers.AdminUserController.UnblockUser (Onboarding.API)","EventId":{"Name":"ExecutingEndpoint"},"SourceContext":"Microsoft.AspNetCore.Routing.EndpointMiddleware","RequestId":"0HNKMCNBM9INA","RequestPath":"/api/admin/users/de033acb-517b-4d98-bc0c-97b32ebb8fec/unblock","SpanId":"182ccbc37ed06383","TraceId":"327d436c1409032c5b5317606150adeb","ParentId":"0000000000000000"}
{"@t":"2026-04-09T18:30:05.2001285Z","@mt":"Route matched with {RouteData}. Executing controller action with signature {MethodInfo} on controller {Controller} ({AssemblyName}).","@tr":"327d436c1409032c5b5317606150adeb","@sp":"182ccbc37ed06383","RouteData":"{action = \"UnblockUser\", controller = \"AdminUser\"}","MethodInfo":"System.Threading.Tasks.Task`1[Microsoft.AspNetCore.Mvc.IActionResult] UnblockUser(System.Guid, System.Threading.CancellationToken)","Controller":"Onboarding.API.Controllers.AdminUserController","AssemblyName":"Onboarding.API","EventId":{"Id":102,"Name":"ControllerActionExecuting"},"SourceContext":"Microsoft.AspNetCore.Mvc.Infrastructure.ControllerActionInvoker","ActionId":"3a98e698-54bf-415b-a8c5-ec58cabab28d","ActionName":"Onboarding.API.Controllers.AdminUserController.UnblockUser (Onboarding.API)","RequestId":"0HNKMCNBM9INA","RequestPath":"/api/admin/users/de033acb-517b-4d98-bc0c-97b32ebb8fec/unblock","SpanId":"182ccbc37ed06383","TraceId":"327d436c1409032c5b5317606150adeb","ParentId":"0000000000000000"}
{"@t":"2026-04-09T18:30:05.2003571Z","@mt":"Executing action method {ActionName} - Validation state: {ValidationState}","@tr":"327d436c1409032c5b5317606150adeb","@sp":"182ccbc37ed06383","ActionName":"Onboarding.API.Controllers.AdminUserController.UnblockUser (Onboarding.API)","ValidationState":"Valid","EventId":{"Id":101,"Name":"ActionMethodExecuting"},"SourceContext":"Microsoft.AspNetCore.Mvc.Infrastructure.ControllerActionInvoker","ActionId":"3a98e698-54bf-415b-a8c5-ec58cabab28d","RequestId":"0HNKMCNBM9INA","RequestPath":"/api/admin/users/de033acb-517b-4d98-bc0c-97b32ebb8fec/unblock","SpanId":"182ccbc37ed06383","TraceId":"327d436c1409032c5b5317606150adeb","ParentId":"0000000000000000"}
{"@t":"2026-04-09T18:30:05.2005934Z","@mt":"Executed action method {ActionName}, returned result {ActionResult} in {ElapsedMilliseconds}ms.","@tr":"327d436c1409032c5b5317606150adeb","@sp":"182ccbc37ed06383","ActionName":"Onboarding.API.Controllers.AdminUserController.UnblockUser (Onboarding.API)","ActionResult":"Microsoft.AspNetCore.Mvc.NoContentResult","ElapsedMilliseconds":0.2035,"EventId":{"Id":103,"Name":"ActionMethodExecuted"},"SourceContext":"Microsoft.AspNetCore.Mvc.Infrastructure.ControllerActionInvoker","ActionId":"3a98e698-54bf-415b-a8c5-ec58cabab28d","RequestId":"0HNKMCNBM9INA","RequestPath":"/api/admin/users/de033acb-517b-4d98-bc0c-97b32ebb8fec/unblock","SpanId":"182ccbc37ed06383","TraceId":"327d436c1409032c5b5317606150adeb","ParentId":"0000000000000000"}
{"@t":"2026-04-09T18:30:05.2006347Z","@mt":"Executing StatusCodeResult, setting HTTP status code {StatusCode}","@tr":"327d436c1409032c5b5317606150adeb","@sp":"182ccbc37ed06383","StatusCode":204,"EventId":{"Id":1,"Name":"HttpStatusCodeResultExecuting"},"SourceContext":"Microsoft.AspNetCore.Mvc.StatusCodeResult","ActionId":"3a98e698-54bf-415b-a8c5-ec58cabab28d","ActionName":"Onboarding.API.Controllers.AdminUserController.UnblockUser (Onboarding.API)","RequestId":"0HNKMCNBM9INA","RequestPath":"/api/admin/users/de033acb-517b-4d98-bc0c-97b32ebb8fec/unblock","SpanId":"182ccbc37ed06383","TraceId":"327d436c1409032c5b5317606150adeb","ParentId":"0000000000000000"}
{"@t":"2026-04-09T18:30:05.2006649Z","@mt":"Executed action {ActionName} in {ElapsedMilliseconds}ms","@tr":"327d436c1409032c5b5317606150adeb","@sp":"182ccbc37ed06383","ActionName":"Onboarding.API.Controllers.AdminUserController.UnblockUser (Onboarding.API)","ElapsedMilliseconds":0.4858,"EventId":{"Id":105,"Name":"ActionExecuted"},"SourceContext":"Microsoft.AspNetCore.Mvc.Infrastructure.ControllerActionInvoker","RequestId":"0HNKMCNBM9INA","RequestPath":"/api/admin/users/de033acb-517b-4d98-bc0c-97b32ebb8fec/unblock","SpanId":"182ccbc37ed06383","TraceId":"327d436c1409032c5b5317606150adeb","ParentId":"0000000000000000"}
{"@t":"2026-04-09T18:30:05.2006846Z","@mt":"Executed endpoint '{EndpointName}'","@tr":"327d436c1409032c5b5317606150adeb","@sp":"182ccbc37ed06383","EndpointName":"Onboarding.API.Controllers.AdminUserController.UnblockUser (Onboarding.API)","EventId":{"Id":1,"Name":"ExecutedEndpoint"},"SourceContext":"Microsoft.AspNetCore.Routing.EndpointMiddleware","RequestId":"0HNKMCNBM9INA","RequestPath":"/api/admin/users/de033acb-517b-4d98-bc0c-97b32ebb8fec/unblock","SpanId":"182ccbc37ed06383","TraceId":"327d436c1409032c5b5317606150adeb","ParentId":"0000000000000000"}
{"@t":"2026-04-09T18:30:05.2007131Z","@mt":"HTTP {RequestMethod} {RequestPath} responded {StatusCode} in {Elapsed:0.0000} ms","@r":["2714.2762"],"@tr":"327d436c1409032c5b5317606150adeb","@sp":"182ccbc37ed06383","RequestMethod":"POST","RequestPath":"/api/admin/users/de033acb-517b-4d98-bc0c-97b32ebb8fec/unblock","StatusCode":204,"Elapsed":2714.2762,"SourceContext":"Serilog.AspNetCore.RequestLoggingMiddleware","RequestId":"0HNKMCNBM9INA","SpanId":"182ccbc37ed06383","TraceId":"327d436c1409032c5b5317606150adeb","ParentId":"0000000000000000"}
{"@t":"2026-04-09T18:30:05.2009969Z","@mt":"Request finished {Protocol} {Method} {Scheme}://{Host}{PathBase}{Path}{QueryString} - {StatusCode} {ContentLength} {ContentType} {ElapsedMilliseconds}ms","@tr":"327d436c1409032c5b5317606150adeb","@sp":"182ccbc37ed06383","ElapsedMilliseconds":2714.9657,"StatusCode":204,"ContentType":null,"ContentLength":null,"Protocol":"HTTP/1.1","Method":"POST","Scheme":"http","Host":"localhost","PathBase":"","Path":"/api/admin/users/de033acb-517b-4d98-bc0c-97b32ebb8fec/unblock","QueryString":"","EventId":{"Id":2},"SourceContext":"Microsoft.AspNetCore.Hosting.Diagnostics","RequestId":"0HNKMCNBM9INA","RequestPath":"/api/admin/users/de033acb-517b-4d98-bc0c-97b32ebb8fec/unblock","SpanId":"182ccbc37ed06383","TraceId":"327d436c1409032c5b5317606150adeb","ParentId":"0000000000000000"}
{"@t":"2026-04-09T18:30:05.2026087Z","@mt":"Application is shutting down...","SourceContext":"Microsoft.Hosting.Lifetime"}
  Aprovado Onboarding.API.Tests.Admin.AdminUserBlockTests.UnblockUser_ReturnsNoContent_EnablesKeycloak [2 s]
{"@t":"2026-04-09T18:30:05.2129357Z","@mt":"User profile is available. Using '{FullName}' as key repository and Windows DPAPI to encrypt keys at rest.","FullName":"C:\\Users\\aliso\\AppData\\Local\\ASP.NET\\DataProtection-Keys","EventId":{"Id":63,"Name":"UsingProfileAsKeyRepositoryWithDPAPI"},"SourceContext":"Microsoft.AspNetCore.DataProtection.KeyManagement.XmlKeyManager"}
{"@t":"2026-04-09T18:30:05.2182032Z","@mt":"Application started. Press Ctrl+C to shut down.","SourceContext":"Microsoft.Hosting.Lifetime"}
{"@t":"2026-04-09T18:30:05.2182292Z","@mt":"Hosting environment: {EnvName}","EnvName":"Development","SourceContext":"Microsoft.Hosting.Lifetime"}
{"@t":"2026-04-09T18:30:05.2182330Z","@mt":"Content root path: {ContentRoot}","ContentRoot":"D:\\REPO\\keycloak-tests\\src\\Onboarding.API","SourceContext":"Microsoft.Hosting.Lifetime"}
{"@t":"2026-04-09T18:30:05.2219190Z","@mt":"Request starting {Protocol} {Method} {Scheme}://{Host}{PathBase}{Path}{QueryString} - {ContentType} {ContentLength}","@tr":"947d97072baf5b894f1212565c719583","@sp":"5aaf2f32058889c6","Protocol":"HTTP/1.1","Method":"GET","ContentType":null,"ContentLength":null,"Scheme":"http","Host":"localhost","PathBase":"","Path":"/api/admin/users","QueryString":"?page=1&pageSize=20","EventId":{"Id":1},"SourceContext":"Microsoft.AspNetCore.Hosting.Diagnostics","RequestId":"0HNKMCNBM9INB","RequestPath":"/api/admin/users","SpanId":"5aaf2f32058889c6","TraceId":"947d97072baf5b894f1212565c719583","ParentId":"0000000000000000"}
{"@t":"2026-04-09T18:30:07.9319776Z","@mt":"Executing endpoint '{EndpointName}'","@tr":"947d97072baf5b894f1212565c719583","@sp":"5aaf2f32058889c6","EndpointName":"Onboarding.API.Controllers.AdminUserController.GetUsers (Onboarding.API)","EventId":{"Name":"ExecutingEndpoint"},"SourceContext":"Microsoft.AspNetCore.Routing.EndpointMiddleware","RequestId":"0HNKMCNBM9INB","RequestPath":"/api/admin/users","SpanId":"5aaf2f32058889c6","TraceId":"947d97072baf5b894f1212565c719583","ParentId":"0000000000000000"}
{"@t":"2026-04-09T18:30:07.9360251Z","@mt":"Route matched with {RouteData}. Executing controller action with signature {MethodInfo} on controller {Controller} ({AssemblyName}).","@tr":"947d97072baf5b894f1212565c719583","@sp":"5aaf2f32058889c6","RouteData":"{action = \"GetUsers\", controller = \"AdminUser\"}","MethodInfo":"System.Threading.Tasks.Task`1[Microsoft.AspNetCore.Mvc.IActionResult] GetUsers(Int32, Int32, System.String, System.String, System.Threading.CancellationToken)","Controller":"Onboarding.API.Controllers.AdminUserController","AssemblyName":"Onboarding.API","EventId":{"Id":102,"Name":"ControllerActionExecuting"},"SourceContext":"Microsoft.AspNetCore.Mvc.Infrastructure.ControllerActionInvoker","ActionId":"719cfc44-1fad-4aad-91b5-25313008cb4a","ActionName":"Onboarding.API.Controllers.AdminUserController.GetUsers (Onboarding.API)","RequestId":"0HNKMCNBM9INB","RequestPath":"/api/admin/users","SpanId":"5aaf2f32058889c6","TraceId":"947d97072baf5b894f1212565c719583","ParentId":"0000000000000000"}
{"@t":"2026-04-09T18:30:07.9362998Z","@mt":"Executing action method {ActionName} - Validation state: {ValidationState}","@tr":"947d97072baf5b894f1212565c719583","@sp":"5aaf2f32058889c6","ActionName":"Onboarding.API.Controllers.AdminUserController.GetUsers (Onboarding.API)","ValidationState":"Valid","EventId":{"Id":101,"Name":"ActionMethodExecuting"},"SourceContext":"Microsoft.AspNetCore.Mvc.Infrastructure.ControllerActionInvoker","ActionId":"719cfc44-1fad-4aad-91b5-25313008cb4a","RequestId":"0HNKMCNBM9INB","RequestPath":"/api/admin/users","SpanId":"5aaf2f32058889c6","TraceId":"947d97072baf5b894f1212565c719583","ParentId":"0000000000000000"}
{"@t":"2026-04-09T18:30:07.9363621Z","@mt":"Executed action method {ActionName}, returned result {ActionResult} in {ElapsedMilliseconds}ms.","@tr":"947d97072baf5b894f1212565c719583","@sp":"5aaf2f32058889c6","ActionName":"Onboarding.API.Controllers.AdminUserController.GetUsers (Onboarding.API)","ActionResult":"Microsoft.AspNetCore.Mvc.OkObjectResult","ElapsedMilliseconds":0.0369,"EventId":{"Id":103,"Name":"ActionMethodExecuted"},"SourceContext":"Microsoft.AspNetCore.Mvc.Infrastructure.ControllerActionInvoker","ActionId":"719cfc44-1fad-4aad-91b5-25313008cb4a","RequestId":"0HNKMCNBM9INB","RequestPath":"/api/admin/users","SpanId":"5aaf2f32058889c6","TraceId":"947d97072baf5b894f1212565c719583","ParentId":"0000000000000000"}
{"@t":"2026-04-09T18:30:07.9376303Z","@mt":"Executed action {ActionName} in {ElapsedMilliseconds}ms","@tr":"947d97072baf5b894f1212565c719583","@sp":"5aaf2f32058889c6","ActionName":"Onboarding.API.Controllers.AdminUserController.GetUsers (Onboarding.API)","ElapsedMilliseconds":1.5694,"EventId":{"Id":105,"Name":"ActionExecuted"},"SourceContext":"Microsoft.AspNetCore.Mvc.Infrastructure.ControllerActionInvoker","RequestId":"0HNKMCNBM9INB","RequestPath":"/api/admin/users","SpanId":"5aaf2f32058889c6","TraceId":"947d97072baf5b894f1212565c719583","ParentId":"0000000000000000"}
{"@t":"2026-04-09T18:30:07.9376539Z","@mt":"Executed endpoint '{EndpointName}'","@tr":"947d97072baf5b894f1212565c719583","@sp":"5aaf2f32058889c6","EndpointName":"Onboarding.API.Controllers.AdminUserController.GetUsers (Onboarding.API)","EventId":{"Id":1,"Name":"ExecutedEndpoint"},"SourceContext":"Microsoft.AspNetCore.Routing.EndpointMiddleware","RequestId":"0HNKMCNBM9INB","RequestPath":"/api/admin/users","SpanId":"5aaf2f32058889c6","TraceId":"947d97072baf5b894f1212565c719583","ParentId":"0000000000000000"}
{"@t":"2026-04-09T18:30:07.9376931Z","@mt":"Request finished {Protocol} {Method} {Scheme}://{Host}{PathBase}{Path}{QueryString} - {StatusCode} {ContentLength} {ContentType} {ElapsedMilliseconds}ms","@tr":"947d97072baf5b894f1212565c719583","@sp":"5aaf2f32058889c6","ElapsedMilliseconds":2715.8455,"StatusCode":200,"ContentType":"application/json; charset=utf-8","ContentLength":null,"Protocol":"HTTP/1.1","Method":"GET","Scheme":"http","Host":"localhost","PathBase":"","Path":"/api/admin/users","QueryString":"?page=1&pageSize=20","EventId":{"Id":2},"SourceContext":"Microsoft.AspNetCore.Hosting.Diagnostics","RequestId":"0HNKMCNBM9INB","RequestPath":"/api/admin/users","SpanId":"5aaf2f32058889c6","TraceId":"947d97072baf5b894f1212565c719583","ParentId":"0000000000000000"}
{"@t":"2026-04-09T18:30:07.9393438Z","@mt":"Application is shutting down...","SourceContext":"Microsoft.Hosting.Lifetime"}
[xUnit.net 00:01:20.35]       System.ArgumentException : CPF inválido: '123.456.789-00' (Parameter 'raw')
[xUnit.net 00:01:20.35]       Stack Trace:
[xUnit.net 00:01:20.35]         D:\REPO\keycloak-tests\src\Onboarding.Domain\ValueObjects\Cpf.cs(13,0): at Onboarding.Domain.ValueObjects.Cpf.Create(String raw)
[xUnit.net 00:01:20.35]         D:\REPO\keycloak-tests\src\Onboarding.Domain\Aggregates\ClientAggregate\Client.cs(40,0): at Onboarding.Domain.Aggregates.ClientAggregate.Client.RegisterPessoaFisica(String nome, String cpf, String email, String phone)
[xUnit.net 00:01:20.35]         D:\REPO\keycloak-tests\tests\Onboarding.API.Tests\Admin\AdminFullFlowTests.cs(55,0): at Onboarding.API.Tests.Admin.AdminFullFlowTests.AdminFullLifecycle_RegisterListBlockUpdateDelete_VerifyAuditTrail()
[xUnit.net 00:01:20.35]         --- End of stack trace from previous location ---
  Com falha Onboarding.API.Tests.Admin.AdminFullFlowTests.AdminFullLifecycle_RegisterListBlockUpdateDelete_VerifyAuditTrail [2 s]
  Mensagem de erro:
   System.ArgumentException : CPF inválido: '123.456.789-00' (Parameter 'raw')
  Rastreamento de pilha:
     at Onboarding.Domain.ValueObjects.Cpf.Create(String raw) in D:\REPO\keycloak-tests\src\Onboarding.Domain\ValueObjects\Cpf.cs:line 13
   at Onboarding.Domain.Aggregates.ClientAggregate.Client.RegisterPessoaFisica(String nome, String cpf, String email, String phone) in D:\REPO\keycloak-tests\src\Onboarding.Domain\Aggregates\ClientAggregate\Client.cs:line 40
   at Onboarding.API.Tests.Admin.AdminFullFlowTests.AdminFullLifecycle_RegisterListBlockUpdateDelete_VerifyAuditTrail() in D:\REPO\keycloak-tests\tests\Onboarding.API.Tests\Admin\AdminFullFlowTests.cs:line 55
--- End of stack trace from previous location ---
{"@t":"2026-04-09T18:30:07.9477999Z","@mt":"User profile is available. Using '{FullName}' as key repository and Windows DPAPI to encrypt keys at rest.","FullName":"C:\\Users\\aliso\\AppData\\Local\\ASP.NET\\DataProtection-Keys","EventId":{"Id":63,"Name":"UsingProfileAsKeyRepositoryWithDPAPI"},"SourceContext":"Microsoft.AspNetCore.DataProtection.KeyManagement.XmlKeyManager"}
{"@t":"2026-04-09T18:30:07.9533700Z","@mt":"Application started. Press Ctrl+C to shut down.","SourceContext":"Microsoft.Hosting.Lifetime"}
{"@t":"2026-04-09T18:30:07.9533863Z","@mt":"Hosting environment: {EnvName}","EnvName":"Development","SourceContext":"Microsoft.Hosting.Lifetime"}
{"@t":"2026-04-09T18:30:07.9533923Z","@mt":"Content root path: {ContentRoot}","ContentRoot":"D:\\REPO\\keycloak-tests\\src\\Onboarding.API","SourceContext":"Microsoft.Hosting.Lifetime"}
{"@t":"2026-04-09T18:30:07.9543475Z","@mt":"Request starting {Protocol} {Method} {Scheme}://{Host}{PathBase}{Path}{QueryString} - {ContentType} {ContentLength}","@tr":"d9f783f93119e524507e8051aac5b645","@sp":"0a1c0c3d2f058207","Protocol":"HTTP/1.1","Method":"POST","ContentType":null,"ContentLength":null,"Scheme":"http","Host":"localhost","PathBase":"","Path":"/api/admin/users/00000000-0000-0000-0000-000000000001/block","QueryString":"","EventId":{"Id":1},"SourceContext":"Microsoft.AspNetCore.Hosting.Diagnostics","RequestId":"0HNKMCNBM9INC","RequestPath":"/api/admin/users/00000000-0000-0000-0000-000000000001/block","SpanId":"0a1c0c3d2f058207","TraceId":"d9f783f93119e524507e8051aac5b645","ParentId":"0000000000000000"}
{"@t":"2026-04-09T18:30:10.6652886Z","@mt":"AuthenticationScheme: {AuthenticationScheme} was forbidden.","@tr":"d9f783f93119e524507e8051aac5b645","@sp":"0a1c0c3d2f058207","AuthenticationScheme":"Bearer","EventId":{"Id":13,"Name":"AuthenticationSchemeForbidden"},"SourceContext":"Microsoft.AspNetCore.Authentication.JwtBearer.JwtBearerHandler","RequestId":"0HNKMCNBM9INC","RequestPath":"/api/admin/users/00000000-0000-0000-0000-000000000001/block","SpanId":"0a1c0c3d2f058207","TraceId":"d9f783f93119e524507e8051aac5b645","ParentId":"0000000000000000"}
{"@t":"2026-04-09T18:30:10.6655803Z","@mt":"Request finished {Protocol} {Method} {Scheme}://{Host}{PathBase}{Path}{QueryString} - {StatusCode} {ContentLength} {ContentType} {ElapsedMilliseconds}ms","@tr":"d9f783f93119e524507e8051aac5b645","@sp":"0a1c0c3d2f058207","ElapsedMilliseconds":2711.2984,"StatusCode":403,"ContentType":null,"ContentLength":null,"Protocol":"HTTP/1.1","Method":"POST","Scheme":"http","Host":"localhost","PathBase":"","Path":"/api/admin/users/00000000-0000-0000-0000-000000000001/block","QueryString":"","EventId":{"Id":2},"SourceContext":"Microsoft.AspNetCore.Hosting.Diagnostics","RequestId":"0HNKMCNBM9INC","RequestPath":"/api/admin/users/00000000-0000-0000-0000-000000000001/block","SpanId":"0a1c0c3d2f058207","TraceId":"d9f783f93119e524507e8051aac5b645","ParentId":"0000000000000000"}
{"@t":"2026-04-09T18:30:10.6670439Z","@mt":"Application is shutting down...","SourceContext":"Microsoft.Hosting.Lifetime"}
  Aprovado Onboarding.API.Tests.Admin.AdminAuthorizationTests.BlockUser_WithNonAdminToken_ReturnsForbidden [2 s]
{"@t":"2026-04-09T18:30:10.6757858Z","@mt":"User profile is available. Using '{FullName}' as key repository and Windows DPAPI to encrypt keys at rest.","FullName":"C:\\Users\\aliso\\AppData\\Local\\ASP.NET\\DataProtection-Keys","EventId":{"Id":63,"Name":"UsingProfileAsKeyRepositoryWithDPAPI"},"SourceContext":"Microsoft.AspNetCore.DataProtection.KeyManagement.XmlKeyManager"}
{"@t":"2026-04-09T18:30:10.6799255Z","@mt":"Application started. Press Ctrl+C to shut down.","SourceContext":"Microsoft.Hosting.Lifetime"}
{"@t":"2026-04-09T18:30:10.6799400Z","@mt":"Hosting environment: {EnvName}","EnvName":"Development","SourceContext":"Microsoft.Hosting.Lifetime"}
{"@t":"2026-04-09T18:30:10.6799439Z","@mt":"Content root path: {ContentRoot}","ContentRoot":"D:\\REPO\\keycloak-tests\\src\\Onboarding.API","SourceContext":"Microsoft.Hosting.Lifetime"}
{"@t":"2026-04-09T18:30:10.6811399Z","@mt":"Request starting {Protocol} {Method} {Scheme}://{Host}{PathBase}{Path}{QueryString} - {ContentType} {ContentLength}","@tr":"132507bd80c2aa14d96213838070cbee","@sp":"cce7c90cc129e106","Protocol":"HTTP/1.1","Method":"GET","ContentType":null,"ContentLength":null,"Scheme":"http","Host":"localhost","PathBase":"","Path":"/api/admin/users","QueryString":"?page=1&pageSize=10","EventId":{"Id":1},"SourceContext":"Microsoft.AspNetCore.Hosting.Diagnostics","RequestId":"0HNKMCNBM9IND","RequestPath":"/api/admin/users","SpanId":"cce7c90cc129e106","TraceId":"132507bd80c2aa14d96213838070cbee","ParentId":"0000000000000000"}
{"@t":"2026-04-09T18:30:13.3759363Z","@mt":"Executing endpoint '{EndpointName}'","@tr":"132507bd80c2aa14d96213838070cbee","@sp":"cce7c90cc129e106","EndpointName":"Onboarding.API.Controllers.AdminUserController.GetUsers (Onboarding.API)","EventId":{"Name":"ExecutingEndpoint"},"SourceContext":"Microsoft.AspNetCore.Routing.EndpointMiddleware","RequestId":"0HNKMCNBM9IND","RequestPath":"/api/admin/users","SpanId":"cce7c90cc129e106","TraceId":"132507bd80c2aa14d96213838070cbee","ParentId":"0000000000000000"}
{"@t":"2026-04-09T18:30:13.3827845Z","@mt":"Route matched with {RouteData}. Executing controller action with signature {MethodInfo} on controller {Controller} ({AssemblyName}).","@tr":"132507bd80c2aa14d96213838070cbee","@sp":"cce7c90cc129e106","RouteData":"{action = \"GetUsers\", controller = \"AdminUser\"}","MethodInfo":"System.Threading.Tasks.Task`1[Microsoft.AspNetCore.Mvc.IActionResult] GetUsers(Int32, Int32, System.String, System.String, System.Threading.CancellationToken)","Controller":"Onboarding.API.Controllers.AdminUserController","AssemblyName":"Onboarding.API","EventId":{"Id":102,"Name":"ControllerActionExecuting"},"SourceContext":"Microsoft.AspNetCore.Mvc.Infrastructure.ControllerActionInvoker","ActionId":"84cb5542-7841-4f4a-a176-dae030995770","ActionName":"Onboarding.API.Controllers.AdminUserController.GetUsers (Onboarding.API)","RequestId":"0HNKMCNBM9IND","RequestPath":"/api/admin/users","SpanId":"cce7c90cc129e106","TraceId":"132507bd80c2aa14d96213838070cbee","ParentId":"0000000000000000"}
{"@t":"2026-04-09T18:30:13.3832153Z","@mt":"Executing action method {ActionName} - Validation state: {ValidationState}","@tr":"132507bd80c2aa14d96213838070cbee","@sp":"cce7c90cc129e106","ActionName":"Onboarding.API.Controllers.AdminUserController.GetUsers (Onboarding.API)","ValidationState":"Valid","EventId":{"Id":101,"Name":"ActionMethodExecuting"},"SourceContext":"Microsoft.AspNetCore.Mvc.Infrastructure.ControllerActionInvoker","ActionId":"84cb5542-7841-4f4a-a176-dae030995770","RequestId":"0HNKMCNBM9IND","RequestPath":"/api/admin/users","SpanId":"cce7c90cc129e106","TraceId":"132507bd80c2aa14d96213838070cbee","ParentId":"0000000000000000"}
{"@t":"2026-04-09T18:30:13.3832783Z","@mt":"Executed action method {ActionName}, returned result {ActionResult} in {ElapsedMilliseconds}ms.","@tr":"132507bd80c2aa14d96213838070cbee","@sp":"cce7c90cc129e106","ActionName":"Onboarding.API.Controllers.AdminUserController.GetUsers (Onboarding.API)","ActionResult":"Microsoft.AspNetCore.Mvc.OkObjectResult","ElapsedMilliseconds":0.0309,"EventId":{"Id":103,"Name":"ActionMethodExecuted"},"SourceContext":"Microsoft.AspNetCore.Mvc.Infrastructure.ControllerActionInvoker","ActionId":"84cb5542-7841-4f4a-a176-dae030995770","RequestId":"0HNKMCNBM9IND","RequestPath":"/api/admin/users","SpanId":"cce7c90cc129e106","TraceId":"132507bd80c2aa14d96213838070cbee","ParentId":"0000000000000000"}
{"@t":"2026-04-09T18:30:13.3854064Z","@mt":"Executed action {ActionName} in {ElapsedMilliseconds}ms","@tr":"132507bd80c2aa14d96213838070cbee","@sp":"cce7c90cc129e106","ActionName":"Onboarding.API.Controllers.AdminUserController.GetUsers (Onboarding.API)","ElapsedMilliseconds":2.5444,"EventId":{"Id":105,"Name":"ActionExecuted"},"SourceContext":"Microsoft.AspNetCore.Mvc.Infrastructure.ControllerActionInvoker","RequestId":"0HNKMCNBM9IND","RequestPath":"/api/admin/users","SpanId":"cce7c90cc129e106","TraceId":"132507bd80c2aa14d96213838070cbee","ParentId":"0000000000000000"}
{"@t":"2026-04-09T18:30:13.3854325Z","@mt":"Executed endpoint '{EndpointName}'","@tr":"132507bd80c2aa14d96213838070cbee","@sp":"cce7c90cc129e106","EndpointName":"Onboarding.API.Controllers.AdminUserController.GetUsers (Onboarding.API)","EventId":{"Id":1,"Name":"ExecutedEndpoint"},"SourceContext":"Microsoft.AspNetCore.Routing.EndpointMiddleware","RequestId":"0HNKMCNBM9IND","RequestPath":"/api/admin/users","SpanId":"cce7c90cc129e106","TraceId":"132507bd80c2aa14d96213838070cbee","ParentId":"0000000000000000"}
{"@t":"2026-04-09T18:30:13.3855034Z","@mt":"Request finished {Protocol} {Method} {Scheme}://{Host}{PathBase}{Path}{QueryString} - {StatusCode} {ContentLength} {ContentType} {ElapsedMilliseconds}ms","@tr":"132507bd80c2aa14d96213838070cbee","@sp":"cce7c90cc129e106","ElapsedMilliseconds":2704.4021,"StatusCode":200,"ContentType":"application/json; charset=utf-8","ContentLength":null,"Protocol":"HTTP/1.1","Method":"GET","Scheme":"http","Host":"localhost","PathBase":"","Path":"/api/admin/users","QueryString":"?page=1&pageSize=10","EventId":{"Id":2},"SourceContext":"Microsoft.AspNetCore.Hosting.Diagnostics","RequestId":"0HNKMCNBM9IND","RequestPath":"/api/admin/users","SpanId":"cce7c90cc129e106","TraceId":"132507bd80c2aa14d96213838070cbee","ParentId":"0000000000000000"}
{"@t":"2026-04-09T18:30:13.3867026Z","@mt":"Application is shutting down...","SourceContext":"Microsoft.Hosting.Lifetime"}
  Aprovado Onboarding.API.Tests.Admin.AdminAuthorizationTests.GetAdminUsers_WithAdminToken_ReturnsOk [2 s]
{"@t":"2026-04-09T18:30:13.3978527Z","@mt":"User profile is available. Using '{FullName}' as key repository and Windows DPAPI to encrypt keys at rest.","FullName":"C:\\Users\\aliso\\AppData\\Local\\ASP.NET\\DataProtection-Keys","EventId":{"Id":63,"Name":"UsingProfileAsKeyRepositoryWithDPAPI"},"SourceContext":"Microsoft.AspNetCore.DataProtection.KeyManagement.XmlKeyManager"}
{"@t":"2026-04-09T18:30:13.4026104Z","@mt":"Application started. Press Ctrl+C to shut down.","SourceContext":"Microsoft.Hosting.Lifetime"}
{"@t":"2026-04-09T18:30:13.4026242Z","@mt":"Hosting environment: {EnvName}","EnvName":"Development","SourceContext":"Microsoft.Hosting.Lifetime"}
{"@t":"2026-04-09T18:30:13.4026280Z","@mt":"Content root path: {ContentRoot}","ContentRoot":"D:\\REPO\\keycloak-tests\\src\\Onboarding.API","SourceContext":"Microsoft.Hosting.Lifetime"}
{"@t":"2026-04-09T18:30:13.4032610Z","@mt":"Request starting {Protocol} {Method} {Scheme}://{Host}{PathBase}{Path}{QueryString} - {ContentType} {ContentLength}","@tr":"b6ea8c428aaaee907591dae3fe8b0c4e","@sp":"500a2e1bc4ffe7ae","Protocol":"HTTP/1.1","Method":"GET","ContentType":null,"ContentLength":null,"Scheme":"http","Host":"localhost","PathBase":"","Path":"/api/admin/users","QueryString":"?page=1&pageSize=10","EventId":{"Id":1},"SourceContext":"Microsoft.AspNetCore.Hosting.Diagnostics","RequestId":"0HNKMCNBM9INE","RequestPath":"/api/admin/users","SpanId":"500a2e1bc4ffe7ae","TraceId":"b6ea8c428aaaee907591dae3fe8b0c4e","ParentId":"0000000000000000"}
{"@t":"2026-04-09T18:30:16.1026496Z","@mt":"AuthenticationScheme: {AuthenticationScheme} was forbidden.","@tr":"b6ea8c428aaaee907591dae3fe8b0c4e","@sp":"500a2e1bc4ffe7ae","AuthenticationScheme":"Bearer","EventId":{"Id":13,"Name":"AuthenticationSchemeForbidden"},"SourceContext":"Microsoft.AspNetCore.Authentication.JwtBearer.JwtBearerHandler","RequestId":"0HNKMCNBM9INE","RequestPath":"/api/admin/users","SpanId":"500a2e1bc4ffe7ae","TraceId":"b6ea8c428aaaee907591dae3fe8b0c4e","ParentId":"0000000000000000"}
{"@t":"2026-04-09T18:30:16.1029433Z","@mt":"Request finished {Protocol} {Method} {Scheme}://{Host}{PathBase}{Path}{QueryString} - {StatusCode} {ContentLength} {ContentType} {ElapsedMilliseconds}ms","@tr":"b6ea8c428aaaee907591dae3fe8b0c4e","@sp":"500a2e1bc4ffe7ae","ElapsedMilliseconds":2699.7244,"StatusCode":403,"ContentType":null,"ContentLength":null,"Protocol":"HTTP/1.1","Method":"GET","Scheme":"http","Host":"localhost","PathBase":"","Path":"/api/admin/users","QueryString":"?page=1&pageSize=10","EventId":{"Id":2},"SourceContext":"Microsoft.AspNetCore.Hosting.Diagnostics","RequestId":"0HNKMCNBM9INE","RequestPath":"/api/admin/users","SpanId":"500a2e1bc4ffe7ae","TraceId":"b6ea8c428aaaee907591dae3fe8b0c4e","ParentId":"0000000000000000"}
{"@t":"2026-04-09T18:30:16.1039406Z","@mt":"Application is shutting down...","SourceContext":"Microsoft.Hosting.Lifetime"}
  Aprovado Onboarding.API.Tests.Admin.AdminAuthorizationTests.GetAdminUsers_WithNonAdminToken_ReturnsForbidden [2 s]
{"@t":"2026-04-09T18:30:16.1129285Z","@mt":"User profile is available. Using '{FullName}' as key repository and Windows DPAPI to encrypt keys at rest.","FullName":"C:\\Users\\aliso\\AppData\\Local\\ASP.NET\\DataProtection-Keys","EventId":{"Id":63,"Name":"UsingProfileAsKeyRepositoryWithDPAPI"},"SourceContext":"Microsoft.AspNetCore.DataProtection.KeyManagement.XmlKeyManager"}
{"@t":"2026-04-09T18:30:16.1175463Z","@mt":"Application started. Press Ctrl+C to shut down.","SourceContext":"Microsoft.Hosting.Lifetime"}
{"@t":"2026-04-09T18:30:16.1175615Z","@mt":"Hosting environment: {EnvName}","EnvName":"Development","SourceContext":"Microsoft.Hosting.Lifetime"}
{"@t":"2026-04-09T18:30:16.1175648Z","@mt":"Content root path: {ContentRoot}","ContentRoot":"D:\\REPO\\keycloak-tests\\src\\Onboarding.API","SourceContext":"Microsoft.Hosting.Lifetime"}
{"@t":"2026-04-09T18:30:16.1183242Z","@mt":"Request starting {Protocol} {Method} {Scheme}://{Host}{PathBase}{Path}{QueryString} - {ContentType} {ContentLength}","@tr":"a359b843994a243cf1604c35246e1d32","@sp":"c77088cd26abb69e","Protocol":"HTTP/1.1","Method":"GET","ContentType":null,"ContentLength":null,"Scheme":"http","Host":"localhost","PathBase":"","Path":"/api/admin/users","QueryString":"?page=1&pageSize=10","EventId":{"Id":1},"SourceContext":"Microsoft.AspNetCore.Hosting.Diagnostics","RequestId":"0HNKMCNBM9INF","RequestPath":"/api/admin/users","SpanId":"c77088cd26abb69e","TraceId":"a359b843994a243cf1604c35246e1d32","ParentId":"0000000000000000"}
{"@t":"2026-04-09T18:30:16.1192752Z","@mt":"Authorization failed. {Reason}","@tr":"a359b843994a243cf1604c35246e1d32","@sp":"c77088cd26abb69e","Reason":"These requirements were not met:\r\nRolesAuthorizationRequirement:User.IsInRole must be true for one of the following roles: (admin)","EventId":{"Id":2,"Name":"UserAuthorizationFailed"},"SourceContext":"Microsoft.AspNetCore.Authorization.DefaultAuthorizationService","RequestId":"0HNKMCNBM9INF","RequestPath":"/api/admin/users","SpanId":"c77088cd26abb69e","TraceId":"a359b843994a243cf1604c35246e1d32","ParentId":"0000000000000000"}
{"@t":"2026-04-09T18:30:16.1209741Z","@mt":"AuthenticationScheme: {AuthenticationScheme} was challenged.","@tr":"a359b843994a243cf1604c35246e1d32","@sp":"c77088cd26abb69e","AuthenticationScheme":"Bearer","EventId":{"Id":12,"Name":"AuthenticationSchemeChallenged"},"SourceContext":"Microsoft.AspNetCore.Authentication.JwtBearer.JwtBearerHandler","RequestId":"0HNKMCNBM9INF","RequestPath":"/api/admin/users","SpanId":"c77088cd26abb69e","TraceId":"a359b843994a243cf1604c35246e1d32","ParentId":"0000000000000000"}
{"@t":"2026-04-09T18:30:16.1210158Z","@mt":"HTTP {RequestMethod} {RequestPath} responded {StatusCode} in {Elapsed:0.0000} ms","@r":["2.3556"],"@tr":"a359b843994a243cf1604c35246e1d32","@sp":"c77088cd26abb69e","RequestMethod":"GET","RequestPath":"/api/admin/users","StatusCode":401,"Elapsed":2.3556,"SourceContext":"Serilog.AspNetCore.RequestLoggingMiddleware","RequestId":"0HNKMCNBM9INF","SpanId":"c77088cd26abb69e","TraceId":"a359b843994a243cf1604c35246e1d32","ParentId":"0000000000000000"}
{"@t":"2026-04-09T18:30:16.1212451Z","@mt":"Request finished {Protocol} {Method} {Scheme}://{Host}{PathBase}{Path}{QueryString} - {StatusCode} {ContentLength} {ContentType} {ElapsedMilliseconds}ms","@tr":"a359b843994a243cf1604c35246e1d32","@sp":"c77088cd26abb69e","ElapsedMilliseconds":2.9827,"StatusCode":401,"ContentType":null,"ContentLength":null,"Protocol":"HTTP/1.1","Method":"GET","Scheme":"http","Host":"localhost","PathBase":"","Path":"/api/admin/users","QueryString":"?page=1&pageSize=10","EventId":{"Id":2},"SourceContext":"Microsoft.AspNetCore.Hosting.Diagnostics","RequestId":"0HNKMCNBM9INF","RequestPath":"/api/admin/users","SpanId":"c77088cd26abb69e","TraceId":"a359b843994a243cf1604c35246e1d32","ParentId":"0000000000000000"}
{"@t":"2026-04-09T18:30:16.1223601Z","@mt":"Application is shutting down...","SourceContext":"Microsoft.Hosting.Lifetime"}
[xUnit.net 00:01:32.63]   Finished:    Onboarding.API.Tests
  Aprovado Onboarding.API.Tests.Admin.AdminAuthorizationTests.GetAdminUsers_WithoutToken_ReturnsUnauthorized [4 ms]

Total de testes: 30
     Aprovados: 23
     Com falha: 7
Tempo total: 1,5515 Minutos
